../../Drivers/STM32H7xx_HAL_Driver/Inc/stm32h7xx_ll_bus.h:2622:22:LL_APB2_GRP1_ForceReset	16	static
../../Drivers/STM32H7xx_HAL_Driver/Inc/stm32h7xx_ll_bus.h:2668:22:LL_APB2_GRP1_ReleaseReset	16	static
../Source/bootloader/bootloader.c:49:6:BL_UART_Fetch_Host_Command	24	static
../Source/bootloader/bootloader.c:138:13:Bootloader_Get_Chip_Identification_Number	24	static
../Source/bootloader/bootloader.c:183:6:Jump_To_App	64	static,ignoring_inline_asm
../Source/bootloader/bootloader.c:247:13:Bootloader_Jump_To_User_App	16	static
../Source/bootloader/bootloader.c:263:16:Perform_Flash_Erase	40	static
../Source/bootloader/bootloader.c:323:13:Bootloader_Erase_Flash	40	static
../Source/bootloader/bootloader.c:370:16:Flash_Memory_Write_Payload	96	static
../Source/bootloader/bootloader.c:416:13:Bootloader_Memory_Write	32	static
../Source/bootloader/bootloader.c:486:16:Bootloader_CRC_Verify	40	static
../Source/bootloader/bootloader.c:513:6:Bootloader_CRC_Verify_Seq	32	static
../Source/bootloader/bootloader.c:526:13:Bootloader_Send_NACK	16	static
../Source/bootloader/bootloader.c:536:13:Bootloader_Send_Data_To_Host	16	static
../Source/bootloader/bootloader.c:564:17:Firmware_CRC_Verification	32	static
../Source/bootloader/bootloader.c:592:13:Set_Firmware_Version	40	static
../Source/bootloader/bootloader.c:625:13:Get_Firmware_Version	48	static
../Source/bootloader/bootloader.c:664:16:Flash_Write_Metadata	120	static
../Source/bootloader/bootloader.c:711:16:Flash_Read_Metadata	96	static
../Source/bootloader/bootloader.c:735:13:Bootloader_check_connection	24	static
../Source/bootloader/bootloader.c:750:16:Firmware_Check_Available	40	static
../Source/bootloader/bootloader.c:793:6:Bootloader_Check_Available	16	static
