Archive member included to satisfy reference by file (symbol)

C:/ST/STM32CubeIDE_1.17.0/STM32CubeIDE/plugins/com.st.stm32cube.ide.mcu.externaltools.gnu-tools-for-stm32.13.3.rel1.win32_1.0.0.202411081344/tools/bin/../lib/gcc/arm-none-eabi/13.3.1/../../../../arm-none-eabi/lib/thumb/v7e-m+dp/hard\libc_nano.a(libc_a-exit.o)
                              C:/ST/STM32CubeIDE_1.17.0/STM32CubeIDE/plugins/com.st.stm32cube.ide.mcu.externaltools.gnu-tools-for-stm32.13.3.rel1.win32_1.0.0.202411081344/tools/bin/../lib/gcc/arm-none-eabi/13.3.1/../../../../arm-none-eabi/lib/thumb/v7e-m+dp/hard/crt0.o (exit)
C:/ST/STM32CubeIDE_1.17.0/STM32CubeIDE/plugins/com.st.stm32cube.ide.mcu.externaltools.gnu-tools-for-stm32.13.3.rel1.win32_1.0.0.202411081344/tools/bin/../lib/gcc/arm-none-eabi/13.3.1/../../../../arm-none-eabi/lib/thumb/v7e-m+dp/hard\libc_nano.a(libc_a-findfp.o)
                              C:/ST/STM32CubeIDE_1.17.0/STM32CubeIDE/plugins/com.st.stm32cube.ide.mcu.externaltools.gnu-tools-for-stm32.13.3.rel1.win32_1.0.0.202411081344/tools/bin/../lib/gcc/arm-none-eabi/13.3.1/../../../../arm-none-eabi/lib/thumb/v7e-m+dp/hard\libc_nano.a(libc_a-exit.o) (__stdio_exit_handler)
C:/ST/STM32CubeIDE_1.17.0/STM32CubeIDE/plugins/com.st.stm32cube.ide.mcu.externaltools.gnu-tools-for-stm32.13.3.rel1.win32_1.0.0.202411081344/tools/bin/../lib/gcc/arm-none-eabi/13.3.1/../../../../arm-none-eabi/lib/thumb/v7e-m+dp/hard\libc_nano.a(libc_a-fwalk.o)
                              C:/ST/STM32CubeIDE_1.17.0/STM32CubeIDE/plugins/com.st.stm32cube.ide.mcu.externaltools.gnu-tools-for-stm32.13.3.rel1.win32_1.0.0.202411081344/tools/bin/../lib/gcc/arm-none-eabi/13.3.1/../../../../arm-none-eabi/lib/thumb/v7e-m+dp/hard\libc_nano.a(libc_a-findfp.o) (_fwalk_sglue)
C:/ST/STM32CubeIDE_1.17.0/STM32CubeIDE/plugins/com.st.stm32cube.ide.mcu.externaltools.gnu-tools-for-stm32.13.3.rel1.win32_1.0.0.202411081344/tools/bin/../lib/gcc/arm-none-eabi/13.3.1/../../../../arm-none-eabi/lib/thumb/v7e-m+dp/hard\libc_nano.a(libc_a-stdio.o)
                              C:/ST/STM32CubeIDE_1.17.0/STM32CubeIDE/plugins/com.st.stm32cube.ide.mcu.externaltools.gnu-tools-for-stm32.13.3.rel1.win32_1.0.0.202411081344/tools/bin/../lib/gcc/arm-none-eabi/13.3.1/../../../../arm-none-eabi/lib/thumb/v7e-m+dp/hard\libc_nano.a(libc_a-findfp.o) (__sread)
C:/ST/STM32CubeIDE_1.17.0/STM32CubeIDE/plugins/com.st.stm32cube.ide.mcu.externaltools.gnu-tools-for-stm32.13.3.rel1.win32_1.0.0.202411081344/tools/bin/../lib/gcc/arm-none-eabi/13.3.1/../../../../arm-none-eabi/lib/thumb/v7e-m+dp/hard\libc_nano.a(libc_a-memset.o)
                              C:/ST/STM32CubeIDE_1.17.0/STM32CubeIDE/plugins/com.st.stm32cube.ide.mcu.externaltools.gnu-tools-for-stm32.13.3.rel1.win32_1.0.0.202411081344/tools/bin/../lib/gcc/arm-none-eabi/13.3.1/../../../../arm-none-eabi/lib/thumb/v7e-m+dp/hard/crt0.o (memset)
C:/ST/STM32CubeIDE_1.17.0/STM32CubeIDE/plugins/com.st.stm32cube.ide.mcu.externaltools.gnu-tools-for-stm32.13.3.rel1.win32_1.0.0.202411081344/tools/bin/../lib/gcc/arm-none-eabi/13.3.1/../../../../arm-none-eabi/lib/thumb/v7e-m+dp/hard\libc_nano.a(libc_a-closer.o)
                              C:/ST/STM32CubeIDE_1.17.0/STM32CubeIDE/plugins/com.st.stm32cube.ide.mcu.externaltools.gnu-tools-for-stm32.13.3.rel1.win32_1.0.0.202411081344/tools/bin/../lib/gcc/arm-none-eabi/13.3.1/../../../../arm-none-eabi/lib/thumb/v7e-m+dp/hard\libc_nano.a(libc_a-stdio.o) (_close_r)
C:/ST/STM32CubeIDE_1.17.0/STM32CubeIDE/plugins/com.st.stm32cube.ide.mcu.externaltools.gnu-tools-for-stm32.13.3.rel1.win32_1.0.0.202411081344/tools/bin/../lib/gcc/arm-none-eabi/13.3.1/../../../../arm-none-eabi/lib/thumb/v7e-m+dp/hard\libc_nano.a(libc_a-reent.o)
                              C:/ST/STM32CubeIDE_1.17.0/STM32CubeIDE/plugins/com.st.stm32cube.ide.mcu.externaltools.gnu-tools-for-stm32.13.3.rel1.win32_1.0.0.202411081344/tools/bin/../lib/gcc/arm-none-eabi/13.3.1/../../../../arm-none-eabi/lib/thumb/v7e-m+dp/hard\libc_nano.a(libc_a-closer.o) (errno)
C:/ST/STM32CubeIDE_1.17.0/STM32CubeIDE/plugins/com.st.stm32cube.ide.mcu.externaltools.gnu-tools-for-stm32.13.3.rel1.win32_1.0.0.202411081344/tools/bin/../lib/gcc/arm-none-eabi/13.3.1/../../../../arm-none-eabi/lib/thumb/v7e-m+dp/hard\libc_nano.a(libc_a-impure.o)
                              C:/ST/STM32CubeIDE_1.17.0/STM32CubeIDE/plugins/com.st.stm32cube.ide.mcu.externaltools.gnu-tools-for-stm32.13.3.rel1.win32_1.0.0.202411081344/tools/bin/../lib/gcc/arm-none-eabi/13.3.1/../../../../arm-none-eabi/lib/thumb/v7e-m+dp/hard\libc_nano.a(libc_a-reent.o) (_impure_ptr)
C:/ST/STM32CubeIDE_1.17.0/STM32CubeIDE/plugins/com.st.stm32cube.ide.mcu.externaltools.gnu-tools-for-stm32.13.3.rel1.win32_1.0.0.202411081344/tools/bin/../lib/gcc/arm-none-eabi/13.3.1/../../../../arm-none-eabi/lib/thumb/v7e-m+dp/hard\libc_nano.a(libc_a-lseekr.o)
[...]
Memory Configuration

Name             Origin             Length             Attributes
RAM_D1           0x24000000         0x00080000         xrw
FLASH            0x08000000         0x00100000         xr
DTCMRAM          0x20000000         0x00020000         xrw
RAM_D2           0x30000000         0x00048000         xrw
RAM_D3           0x38000000         0x00010000         xrw
ITCMRAM          0x00000000         0x00010000         xrw
*default*        0x00000000         0xffffffff

Linker script and memory map

LOAD C:/ST/STM32CubeIDE_1.17.0/STM32CubeIDE/plugins/com.st.stm32cube.ide.mcu.externaltools.gnu-tools-for-stm32.13.3.rel1.win32_1.0.0.202411081344/tools/bin/../lib/gcc/arm-none-eabi/13.3.1/thumb/v7e-m+dp/hard/crti.o
LOAD C:/ST/STM32CubeIDE_1.17.0/STM32CubeIDE/plugins/com.st.stm32cube.ide.mcu.externaltools.gnu-tools-for-stm32.13.3.rel1.win32_1.0.0.202411081344/tools/bin/../lib/gcc/arm-none-eabi/13.3.1/thumb/v7e-m+dp/hard/crtbegin.o
LOAD C:/ST/STM32CubeIDE_1.17.0/STM32CubeIDE/plugins/com.st.stm32cube.ide.mcu.externaltools.gnu-tools-for-stm32.13.3.rel1.win32_1.0.0.202411081344/tools/bin/../lib/gcc/arm-none-eabi/13.3.1/../../../../arm-none-eabi/lib/thumb/v7e-m+dp/hard/crt0.o
LOAD ./Common/Src/system_stm32h7xx_dualcore_boot_cm4_cm7.o
LOAD ./Core/Src/main.o
LOAD ./Core/Src/stm32h7xx_hal_msp.o
LOAD ./Core/Src/stm32h7xx_it.o
LOAD ./Core/Src/syscalls.o
LOAD ./Core/Src/sysmem.o
LOAD ./Core/Startup/startup_stm32h745zitx.o
LOAD ./Drivers/STM32H7xx_HAL_Driver/stm32h7xx_hal.o
LOAD ./Drivers/STM32H7xx_HAL_Driver/stm32h7xx_hal_cortex.o
LOAD ./Drivers/STM32H7xx_HAL_Driver/stm32h7xx_hal_crc.o
LOAD ./Drivers/STM32H7xx_HAL_Driver/stm32h7xx_hal_crc_ex.o
LOAD ./Drivers/STM32H7xx_HAL_Driver/stm32h7xx_hal_dma.o
LOAD ./Drivers/STM32H7xx_HAL_Driver/stm32h7xx_hal_dma_ex.o
LOAD ./Drivers/STM32H7xx_HAL_Driver/stm32h7xx_hal_exti.o
LOAD ./Drivers/STM32H7xx_HAL_Driver/stm32h7xx_hal_flash.o
LOAD ./Drivers/STM32H7xx_HAL_Driver/stm32h7xx_hal_flash_ex.o
LOAD ./Drivers/STM32H7xx_HAL_Driver/stm32h7xx_hal_gpio.o
LOAD ./Drivers/STM32H7xx_HAL_Driver/stm32h7xx_hal_hsem.o
LOAD ./Drivers/STM32H7xx_HAL_Driver/stm32h7xx_hal_i2c.o
LOAD ./Drivers/STM32H7xx_HAL_Driver/stm32h7xx_hal_i2c_ex.o
LOAD ./Drivers/STM32H7xx_HAL_Driver/stm32h7xx_hal_mdma.o
LOAD ./Drivers/STM32H7xx_HAL_Driver/stm32h7xx_hal_pwr.o
LOAD ./Drivers/STM32H7xx_HAL_Driver/stm32h7xx_hal_pwr_ex.o
LOAD ./Drivers/STM32H7xx_HAL_Driver/stm32h7xx_hal_rcc.o
LOAD ./Drivers/STM32H7xx_HAL_Driver/stm32h7xx_hal_rcc_ex.o
LOAD ./Drivers/STM32H7xx_HAL_Driver/stm32h7xx_ll_dma.o
LOAD ./Drivers/STM32H7xx_HAL_Driver/stm32h7xx_ll_exti.o
LOAD ./Drivers/STM32H7xx_HAL_Driver/stm32h7xx_ll_gpio.o
LOAD ./Drivers/STM32H7xx_HAL_Driver/stm32h7xx_ll_rcc.o
LOAD ./Drivers/STM32H7xx_HAL_Driver/stm32h7xx_ll_usart.o
LOAD ./Drivers/STM32H7xx_HAL_Driver/stm32h7xx_ll_utils.o
LOAD ./Source/Flash/flash.o
LOAD ./Source/UART/RingBuffer.o
LOAD ./Source/UART/UART.o
LOAD ./Source/bootloader/bootloader.o
LOAD ./Source/scheduler/scheduler.o
START GROUP
LOAD C:/ST/STM32CubeIDE_1.17.0/STM32CubeIDE/plugins/com.st.stm32cube.ide.mcu.externaltools.gnu-tools-for-stm32.13.3.rel1.win32_1.0.0.202411081344/tools/bin/../lib/gcc/arm-none-eabi/13.3.1/../../../../arm-none-eabi/lib/thumb/v7e-m+dp/hard\libc_nano.a
LOAD C:/ST/STM32CubeIDE_1.17.0/STM32CubeIDE/plugins/com.st.stm32cube.ide.mcu.externaltools.gnu-tools-for-stm32.13.3.rel1.win32_1.0.0.202411081344/tools/bin/../lib/gcc/arm-none-eabi/13.3.1/../../../../arm-none-eabi/lib/thumb/v7e-m+dp/hard\libm.a
END GROUP
START GROUP
LOAD C:/ST/STM32CubeIDE_1.17.0/STM32CubeIDE/plugins/com.st.stm32cube.ide.mcu.externaltools.gnu-tools-for-stm32.13.3.rel1.win32_1.0.0.202411081344/tools/bin/../lib/gcc/arm-none-eabi/13.3.1/thumb/v7e-m+dp/hard\libgcc.a
LOAD C:/ST/STM32CubeIDE_1.17.0/STM32CubeIDE/plugins/com.st.stm32cube.ide.mcu.externaltools.gnu-tools-for-stm32.13.3.rel1.win32_1.0.0.202411081344/tools/bin/../lib/gcc/arm-none-eabi/13.3.1/../../../../arm-none-eabi/lib/thumb/v7e-m+dp/hard\libc_nano.a
END GROUP
START GROUP
LOAD C:/ST/STM32CubeIDE_1.17.0/STM32CubeIDE/plugins/com.st.stm32cube.ide.mcu.externaltools.gnu-tools-for-stm32.13.3.rel1.win32_1.0.0.202411081344/tools/bin/../lib/gcc/arm-none-eabi/13.3.1/thumb/v7e-m+dp/hard\libgcc.a
LOAD C:/ST/STM32CubeIDE_1.17.0/STM32CubeIDE/plugins/com.st.stm32cube.ide.mcu.externaltools.gnu-tools-for-stm32.13.3.rel1.win32_1.0.0.202411081344/tools/bin/../lib/gcc/arm-none-eabi/13.3.1/../../../../arm-none-eabi/lib/thumb/v7e-m+dp/hard\libc_nano.a
LOAD C:/ST/STM32CubeIDE_1.17.0/STM32CubeIDE/plugins/com.st.stm32cube.ide.mcu.externaltools.gnu-tools-for-stm32.13.3.rel1.win32_1.0.0.202411081344/tools/bin/../lib/gcc/arm-none-eabi/13.3.1/../../../../arm-none-eabi/lib/thumb/v7e-m+dp/hard\libnosys.a
END GROUP
START GROUP
LOAD C:/ST/STM32CubeIDE_1.17.0/STM32CubeIDE/plugins/com.st.stm32cube.ide.mcu.externaltools.gnu-tools-for-stm32.13.3.rel1.win32_1.0.0.202411081344/tools/bin/../lib/gcc/arm-none-eabi/13.3.1/thumb/v7e-m+dp/hard\libgcc.a
LOAD C:/ST/STM32CubeIDE_1.17.0/STM32CubeIDE/plugins/com.st.stm32cube.ide.mcu.externaltools.gnu-tools-for-stm32.13.3.rel1.win32_1.0.0.202411081344/tools/bin/../lib/gcc/arm-none-eabi/13.3.1/../../../../arm-none-eabi/lib/thumb/v7e-m+dp/hard\libc_nano.a
LOAD C:/ST/STM32CubeIDE_1.17.0/STM32CubeIDE/plugins/com.st.stm32cube.ide.mcu.externaltools.gnu-tools-for-stm32.13.3.rel1.win32_1.0.0.202411081344/tools/bin/../lib/gcc/arm-none-eabi/13.3.1/../../../../arm-none-eabi/lib/thumb/v7e-m+dp/hard\libnosys.a
END GROUP
LOAD C:/ST/STM32CubeIDE_1.17.0/STM32CubeIDE/plugins/com.st.stm32cube.ide.mcu.externaltools.gnu-tools-for-stm32.13.3.rel1.win32_1.0.0.202411081344/tools/bin/../lib/gcc/arm-none-eabi/13.3.1/thumb/v7e-m+dp/hard/crtend.o
LOAD C:/ST/STM32CubeIDE_1.17.0/STM32CubeIDE/plugins/com.st.stm32cube.ide.mcu.externaltools.gnu-tools-for-stm32.13.3.rel1.win32_1.0.0.202411081344/tools/bin/../lib/gcc/arm-none-eabi/13.3.1/thumb/v7e-m+dp/hard/crtn.o
                0x24080000                        _estack = (ORIGIN (RAM_D1) + LENGTH (RAM_D1))
                0x00000200                        _Min_Heap_Size = 0x200
                0x00000400                        _Min_Stack_Size = 0x400

.isr_vector     0x08000000      0x298
                0x08000000                        . = ALIGN (0x4)
 *(.isr_vector)
 .isr_vector    0x08000000      0x298 ./Core/Startup/startup_stm32h745zitx.o
                0x08000000                g_pfnVectors
                0x08000298                        . = ALIGN (0x4)

.text           0x08000298     0x6688
                0x08000298                        . = ALIGN (0x4)
 *(.text)
 .text          0x08000298       0x40 C:/ST/STM32CubeIDE_1.17.0/STM32CubeIDE/plugins/com.st.stm32cube.ide.mcu.externaltools.gnu-tools-for-stm32.13.3.rel1.win32_1.0.0.202411081344/tools/bin/../lib/gcc/arm-none-eabi/13.3.1/thumb/v7e-m+dp/hard/crtbegin.o
 *(.text*)
 .text.SystemInit
                0x080002d8      0x15c ./Common/Src/system_stm32h7xx_dualcore_boot_cm4_cm7.o
                0x080002d8                SystemInit
 .text.ExitRun0Mode
                0x08000434       0x34 ./Common/Src/system_stm32h7xx_dualcore_boot_cm4_cm7.o
                0x08000434                ExitRun0Mode
 .text.__NVIC_GetPriorityGrouping
                0x08000468       0x1c ./Core/Src/main.o
 .text.__NVIC_EnableIRQ
                0x08000484       0x3c ./Core/Src/main.o
 .text.__NVIC_SetPriority
                0x080004c0       0x54 ./Core/Src/main.o
 .text.NVIC_EncodePriority
                0x08000514       0x66 ./Core/Src/main.o
 .text.LL_USART_Enable
                0x0800057a       0x20 ./Core/Src/main.o
 .text.LL_USART_DisableFIFO
                0x0800059a       0x20 ./Core/Src/main.o
 .text.LL_USART_SetTXFIFOThreshold
                0x080005ba       0x4e ./Core/Src/main.o
 .text.LL_USART_SetRXFIFOThreshold
                0x08000608       0x4e ./Core/Src/main.o
 .text.LL_USART_ConfigAsyncMode
                0x08000656       0x2c ./Core/Src/main.o
 .text.LL_USART_IsActiveFlag_TEACK
                0x08000682       0x28 ./Core/Src/main.o
 .text.LL_USART_IsActiveFlag_REACK
                0x080006aa       0x28 ./Core/Src/main.o
 *fill*         0x080006d2        0x2 
 .text.LL_AHB4_GRP1_EnableClock
                0x080006d4       0x38 ./Core/Src/main.o
 .text.LL_APB2_GRP1_EnableClock
                0x0800070c       0x38 ./Core/Src/main.o
 .text.main     0x08000744       0x2e ./Core/Src/main.o
                0x08000744                main
 *fill*         0x08000772        0x2 
 .text.SystemClock_Config
                0x08000774       0xfc ./Core/Src/main.o
                0x08000774                SystemClock_Config
 .text.MX_CRC_Init
                0x08000870       0x44 ./Core/Src/main.o
 .text.MX_USART1_UART_Init
                0x080008b4      0x140 ./Core/Src/main.o
 .text.MX_GPIO_Init
                0x080009f4       0x34 ./Core/Src/main.o
 .text.MPU_Config
                0x08000a28       0x58 ./Core/Src/main.o
 .text.Error_Handler
                0x08000a80        0xc ./Core/Src/main.o
                0x08000a80                Error_Handler
 .text.HAL_MspInit
                0x08000a8c       0x34 ./Core/Src/stm32h7xx_hal_msp.o
                0x08000a8c                HAL_MspInit
 .text.HAL_CRC_MspInit
                0x08000ac0       0x44 ./Core/Src/stm32h7xx_hal_msp.o
                0x08000ac0                HAL_CRC_MspInit
 .text.NMI_Handler
                0x08000b04        0x8 ./Core/Src/stm32h7xx_it.o
                0x08000b04                NMI_Handler
 .text.HardFault_Handler
                0x08000b0c        0x8 ./Core/Src/stm32h7xx_it.o
                0x08000b0c                HardFault_Handler
 .text.MemManage_Handler
                0x08000b14        0x8 ./Core/Src/stm32h7xx_it.o
                0x08000b14                MemManage_Handler
 .text.BusFault_Handler
                0x08000b1c        0x8 ./Core/Src/stm32h7xx_it.o
                0x08000b1c                BusFault_Handler
 .text.UsageFault_Handler
                0x08000b24        0x8 ./Core/Src/stm32h7xx_it.o
                0x08000b24                UsageFault_Handler
 .text.SVC_Handler
                0x08000b2c        0xe ./Core/Src/stm32h7xx_it.o
                0x08000b2c                SVC_Handler
 .text.DebugMon_Handler
                0x08000b3a        0xe ./Core/Src/stm32h7xx_it.o
                0x08000b3a                DebugMon_Handler
 .text.PendSV_Handler
                0x08000b48        0xe ./Core/Src/stm32h7xx_it.o
                0x08000b48                PendSV_Handler
 .text.SysTick_Handler
                0x08000b56       0x10 ./Core/Src/stm32h7xx_it.o
                0x08000b56                SysTick_Handler
 .text.USART1_IRQHandler
                0x08000b66        0xc ./Core/Src/stm32h7xx_it.o
                0x08000b66                USART1_IRQHandler
 *fill*         0x08000b72        0x2 
 .text.Reset_Handler
                0x08000b74       0x54 ./Core/Startup/startup_stm32h745zitx.o
                0x08000b74                Reset_Handler
 .text.Default_Handler
                0x08000bc8        0x2 ./Core/Startup/startup_stm32h745zitx.o
                0x08000bc8                RTC_Alarm_IRQHandler
                0x08000bc8                EXTI2_IRQHandler
                0x08000bc8                TIM8_CC_IRQHandler
                0x08000bc8                HRTIM1_Master_IRQHandler
                0x08000bc8                UART8_IRQHandler
                0x08000bc8                SPI4_IRQHandler
                0x08000bc8                TIM1_CC_IRQHandler
                0x08000bc8                BDMA_Channel6_IRQHandler
                0x08000bc8                DMA2_Stream5_IRQHandler
                0x08000bc8                HRTIM1_FLT_IRQHandler
                0x08000bc8                JPEG_IRQHandler
                0x08000bc8                DMA1_Stream5_IRQHandler
                0x08000bc8                BDMA_Channel1_IRQHandler
                0x08000bc8                HRTIM1_TIMD_IRQHandler
                0x08000bc8                TAMP_STAMP_IRQHandler
                0x08000bc8                EXTI3_IRQHandler
                0x08000bc8                LPTIM4_IRQHandler
                0x08000bc8                TIM8_TRG_COM_TIM14_IRQHandler
                0x08000bc8                LPTIM2_IRQHandler
                0x08000bc8                DFSDM1_FLT1_IRQHandler
                0x08000bc8                DMAMUX2_OVR_IRQHandler
                0x08000bc8                TIM8_UP_TIM13_IRQHandler
                0x08000bc8                I2C3_ER_IRQHandler
                0x08000bc8                DFSDM1_FLT2_IRQHandler
                0x08000bc8                MDMA_IRQHandler
                0x08000bc8                LPTIM3_IRQHandler
                0x08000bc8                HSEM1_IRQHandler
                0x08000bc8                EXTI0_IRQHandler
                0x08000bc8                I2C2_EV_IRQHandler
                0x08000bc8                DMA1_Stream2_IRQHandler
                0x08000bc8                FPU_IRQHandler
                0x08000bc8                OTG_HS_WKUP_IRQHandler
                0x08000bc8                FDCAN1_IT1_IRQHandler
                0x08000bc8                LTDC_ER_IRQHandler
                0x08000bc8                DMA2_Stream2_IRQHandler
                0x08000bc8                HRTIM1_TIME_IRQHandler
                0x08000bc8                SPI1_IRQHandler
                0x08000bc8                TIM6_DAC_IRQHandler
                0x08000bc8                DCMI_IRQHandler
                0x08000bc8                HRTIM1_TIMC_IRQHandler
                0x08000bc8                DMA2_Stream3_IRQHandler
                0x08000bc8                SAI2_IRQHandler
                0x08000bc8                DFSDM1_FLT3_IRQHandler
                0x08000bc8                USART6_IRQHandler
                0x08000bc8                TIM17_IRQHandler
                0x08000bc8                USART3_IRQHandler
                0x08000bc8                BDMA_Channel7_IRQHandler
                0x08000bc8                LPTIM5_IRQHandler
                0x08000bc8                UART5_IRQHandler
                0x08000bc8                ADC3_IRQHandler
                0x08000bc8                DMA2_Stream0_IRQHandler
                0x08000bc8                TIM4_IRQHandler
                0x08000bc8                BDMA_Channel2_IRQHandler
                0x08000bc8                QUADSPI_IRQHandler
                0x08000bc8                I2C1_EV_IRQHandler
                0x08000bc8                DMA1_Stream6_IRQHandler
                0x08000bc8                DMAMUX1_OVR_IRQHandler
                0x08000bc8                DMA1_Stream1_IRQHandler
                0x08000bc8                TIM16_IRQHandler
                0x08000bc8                UART4_IRQHandler
                0x08000bc8                BDMA_Channel5_IRQHandler
                0x08000bc8                TIM3_IRQHandler
                0x08000bc8                RCC_IRQHandler
                0x08000bc8                TIM8_BRK_TIM12_IRQHandler
                0x08000bc8                TIM1_TRG_COM_IRQHandler
                0x08000bc8                Default_Handler
                0x08000bc8                ECC_IRQHandler
                0x08000bc8                CEC_IRQHandler
                0x08000bc8                EXTI15_10_IRQHandler
                0x08000bc8                BDMA_Channel0_IRQHandler
                0x08000bc8                ADC_IRQHandler
                0x08000bc8                DMA1_Stream7_IRQHandler
                0x08000bc8                HRTIM1_TIMA_IRQHandler
                0x08000bc8                SPI5_IRQHandler
                0x08000bc8                TIM7_IRQHandler
                0x08000bc8                SDMMC1_IRQHandler
                0x08000bc8                TIM5_IRQHandler
                0x08000bc8                DMA2_Stream7_IRQHandler
                0x08000bc8                TIM15_IRQHandler
                0x08000bc8                PVD_AVD_IRQHandler
                0x08000bc8                I2C3_EV_IRQHandler
                0x08000bc8                EXTI9_5_IRQHandler
                0x08000bc8                RTC_WKUP_IRQHandler
                0x08000bc8                LTDC_IRQHandler
                0x08000bc8                SAI3_IRQHandler
                0x08000bc8                ETH_WKUP_IRQHandler
                0x08000bc8                SPDIF_RX_IRQHandler
                0x08000bc8                SPI2_IRQHandler
                0x08000bc8                OTG_HS_EP1_IN_IRQHandler
                0x08000bc8                DMA1_Stream0_IRQHandler
                0x08000bc8                CRS_IRQHandler
                0x08000bc8                CM7_SEV_IRQHandler
                0x08000bc8                EXTI4_IRQHandler
                0x08000bc8                RNG_IRQHandler
                0x08000bc8                CM4_SEV_IRQHandler
                0x08000bc8                HRTIM1_TIMB_IRQHandler
                0x08000bc8                FDCAN2_IT1_IRQHandler
                0x08000bc8                ETH_IRQHandler
                0x08000bc8                TIM1_UP_IRQHandler
                0x08000bc8                WWDG_RST_IRQHandler
                0x08000bc8                BDMA_Channel4_IRQHandler
                0x08000bc8                OTG_HS_EP1_OUT_IRQHandler
                0x08000bc8                WWDG_IRQHandler
                0x08000bc8                SPI6_IRQHandler
                0x08000bc8                MDIOS_IRQHandler
                0x08000bc8                I2C4_EV_IRQHandler
                0x08000bc8                FDCAN2_IT0_IRQHandler
                0x08000bc8                LPUART1_IRQHandler
                0x08000bc8                FDCAN1_IT0_IRQHandler
                0x08000bc8                TIM2_IRQHandler
                0x08000bc8                OTG_FS_WKUP_IRQHandler
                0x08000bc8                OTG_HS_IRQHandler
                0x08000bc8                HSEM2_IRQHandler
                0x08000bc8                DMA2D_IRQHandler
                0x08000bc8                TIM1_BRK_IRQHandler
                0x08000bc8                EXTI1_IRQHandler
                0x08000bc8                SDMMC2_IRQHandler
                0x08000bc8                OTG_FS_EP1_OUT_IRQHandler
                0x08000bc8                BDMA_Channel3_IRQHandler
                0x08000bc8                HOLD_CORE_IRQHandler
                0x08000bc8                UART7_IRQHandler
                0x08000bc8                MDIOS_WKUP_IRQHandler
                0x08000bc8                USART2_IRQHandler
                0x08000bc8                DFSDM1_FLT0_IRQHandler
                0x08000bc8                SAI4_IRQHandler
                0x08000bc8                I2C2_ER_IRQHandler
                0x08000bc8                DMA2_Stream1_IRQHandler
                0x08000bc8                FLASH_IRQHandler
                0x08000bc8                DMA2_Stream4_IRQHandler
                0x08000bc8                OTG_FS_IRQHandler
                0x08000bc8                SPI3_IRQHandler
                0x08000bc8                WAKEUP_PIN_IRQHandler
                0x08000bc8                DMA1_Stream4_IRQHandler
                0x08000bc8                OTG_FS_EP1_IN_IRQHandler
                0x08000bc8                I2C1_ER_IRQHandler
                0x08000bc8                FMC_IRQHandler
                0x08000bc8                FDCAN_CAL_IRQHandler
                0x08000bc8                SWPMI1_IRQHandler
                0x08000bc8                COMP1_IRQHandler
                0x08000bc8                LPTIM1_IRQHandler
                0x08000bc8                I2C4_ER_IRQHandler
                0x08000bc8                DMA2_Stream6_IRQHandler
                0x08000bc8                SAI1_IRQHandler
                0x08000bc8                DMA1_Stream3_IRQHandler
 *fill*         0x08000bca        0x2 
 .text.HAL_Init
                0x08000bcc       0x78 ./Drivers/STM32H7xx_HAL_Driver/stm32h7xx_hal.o
                0x08000bcc                HAL_Init
 .text.HAL_DeInit
                0x08000c44       0xbc ./Drivers/STM32H7xx_HAL_Driver/stm32h7xx_hal.o
                0x08000c44                HAL_DeInit
 .text.HAL_MspDeInit
                0x08000d00        0xe ./Drivers/STM32H7xx_HAL_Driver/stm32h7xx_hal.o
                0x08000d00                HAL_MspDeInit
 *fill*         0x08000d0e        0x2 
 .text.HAL_InitTick
                0x08000d10       0x6c ./Drivers/STM32H7xx_HAL_Driver/stm32h7xx_hal.o
                0x08000d10                HAL_InitTick
 .text.HAL_IncTick
                0x08000d7c       0x28 ./Drivers/STM32H7xx_HAL_Driver/stm32h7xx_hal.o
                0x08000d7c                HAL_IncTick
 .text.HAL_GetTick
                0x08000da4       0x18 ./Drivers/STM32H7xx_HAL_Driver/stm32h7xx_hal.o
                0x08000da4                HAL_GetTick
 .text.HAL_Delay
                0x08000dbc       0x48 ./Drivers/STM32H7xx_HAL_Driver/stm32h7xx_hal.o
                0x08000dbc                HAL_Delay
 .text.HAL_GetREVID
                0x08000e04       0x18 ./Drivers/STM32H7xx_HAL_Driver/stm32h7xx_hal.o
                0x08000e04                HAL_GetREVID
 .text.__NVIC_SetPriorityGrouping
                0x08000e1c       0x48 ./Drivers/STM32H7xx_HAL_Driver/stm32h7xx_hal_cortex.o
 .text.__NVIC_GetPriorityGrouping
                0x08000e64       0x1c ./Drivers/STM32H7xx_HAL_Driver/stm32h7xx_hal_cortex.o
 .text.__NVIC_SetPriority
                0x08000e80       0x54 ./Drivers/STM32H7xx_HAL_Driver/stm32h7xx_hal_cortex.o
 .text.NVIC_EncodePriority
                0x08000ed4       0x66 ./Drivers/STM32H7xx_HAL_Driver/stm32h7xx_hal_cortex.o
 *fill*         0x08000f3a        0x2 
 .text.SysTick_Config
                0x08000f3c       0x44 ./Drivers/STM32H7xx_HAL_Driver/stm32h7xx_hal_cortex.o
 .text.HAL_NVIC_SetPriorityGrouping
                0x08000f80       0x16 ./Drivers/STM32H7xx_HAL_Driver/stm32h7xx_hal_cortex.o
                0x08000f80                HAL_NVIC_SetPriorityGrouping
 .text.HAL_NVIC_SetPriority
                0x08000f96       0x34 ./Drivers/STM32H7xx_HAL_Driver/stm32h7xx_hal_cortex.o
                0x08000f96                HAL_NVIC_SetPriority
 .text.HAL_SYSTICK_Config
                0x08000fca       0x18 ./Drivers/STM32H7xx_HAL_Driver/stm32h7xx_hal_cortex.o
                0x08000fca                HAL_SYSTICK_Config
 *fill*         0x08000fe2        0x2 
 .text.HAL_MPU_Disable
                0x08000fe4       0x30 ./Drivers/STM32H7xx_HAL_Driver/stm32h7xx_hal_cortex.o
                0x08000fe4                HAL_MPU_Disable
 .text.HAL_MPU_Enable
                0x08001014       0x40 ./Drivers/STM32H7xx_HAL_Driver/stm32h7xx_hal_cortex.o
                0x08001014                HAL_MPU_Enable
 .text.HAL_MPU_ConfigRegion
                0x08001054       0x80 ./Drivers/STM32H7xx_HAL_Driver/stm32h7xx_hal_cortex.o
                0x08001054                HAL_MPU_ConfigRegion
 .text.HAL_CRC_Init
                0x080010d4       0xc8 ./Drivers/STM32H7xx_HAL_Driver/stm32h7xx_hal_crc.o
                0x080010d4                HAL_CRC_Init
 .text.HAL_CRCEx_Polynomial_Set
                0x0800119c      0x11c ./Drivers/STM32H7xx_HAL_Driver/stm32h7xx_hal_crc_ex.o
                0x0800119c                HAL_CRCEx_Polynomial_Set
 .text.HAL_FLASH_Program
                0x080012b8      0x124 ./Drivers/STM32H7xx_HAL_Driver/stm32h7xx_hal_flash.o
                0x080012b8                HAL_FLASH_Program
 .text.HAL_FLASH_Unlock
                0x080013dc       0x74 ./Drivers/STM32H7xx_HAL_Driver/stm32h7xx_hal_flash.o
                0x080013dc                HAL_FLASH_Unlock
 .text.HAL_FLASH_Lock
                0x08001450       0x54 ./Drivers/STM32H7xx_HAL_Driver/stm32h7xx_hal_flash.o
                0x08001450                HAL_FLASH_Lock
 .text.FLASH_WaitForLastOperation
                0x080014a4      0x134 ./Drivers/STM32H7xx_HAL_Driver/stm32h7xx_hal_flash.o
                0x080014a4                FLASH_WaitForLastOperation
 .text.HAL_FLASHEx_Erase
                0x080015d8      0x194 ./Drivers/STM32H7xx_HAL_Driver/stm32h7xx_hal_flash_ex.o
                0x080015d8                HAL_FLASHEx_Erase
 .text.FLASH_MassErase
                0x0800176c       0xd4 ./Drivers/STM32H7xx_HAL_Driver/stm32h7xx_hal_flash_ex.o
 .text.FLASH_Erase_Sector
                0x08001840       0x7c ./Drivers/STM32H7xx_HAL_Driver/stm32h7xx_hal_flash_ex.o
                0x08001840                FLASH_Erase_Sector
 .text.HAL_PWREx_ConfigSupply
                0x080018bc       0xb4 ./Drivers/STM32H7xx_HAL_Driver/stm32h7xx_hal_pwr_ex.o
                0x080018bc                HAL_PWREx_ConfigSupply
 .text.HAL_RCC_DeInit
                0x08001970      0x254 ./Drivers/STM32H7xx_HAL_Driver/stm32h7xx_hal_rcc.o
                0x08001970                HAL_RCC_DeInit
 .text.HAL_RCC_OscConfig
                0x08001bc4      0x8b4 ./Drivers/STM32H7xx_HAL_Driver/stm32h7xx_hal_rcc.o
                0x08001bc4                HAL_RCC_OscConfig
 .text.HAL_RCC_ClockConfig
                0x08002478      0x36c ./Drivers/STM32H7xx_HAL_Driver/stm32h7xx_hal_rcc.o
                0x08002478                HAL_RCC_ClockConfig
 .text.HAL_RCC_GetSysClockFreq
                0x080027e4      0x2f4 ./Drivers/STM32H7xx_HAL_Driver/stm32h7xx_hal_rcc.o
                0x080027e4                HAL_RCC_GetSysClockFreq
 .text.HAL_RCCEx_PeriphCLKConfig
                0x08002ad8     0x1414 ./Drivers/STM32H7xx_HAL_Driver/stm32h7xx_hal_rcc_ex.o
                0x08002ad8                HAL_RCCEx_PeriphCLKConfig
 .text.RCCEx_PLL2_Config
                0x08003eec      0x164 ./Drivers/STM32H7xx_HAL_Driver/stm32h7xx_hal_rcc_ex.o
 .text.RCCEx_PLL3_Config
                0x08004050      0x164 ./Drivers/STM32H7xx_HAL_Driver/stm32h7xx_hal_rcc_ex.o
 .text.LL_GPIO_SetPinMode
                0x080041b4       0x40 ./Drivers/STM32H7xx_HAL_Driver/stm32h7xx_ll_gpio.o
 .text.LL_GPIO_SetPinOutputType
                0x080041f4       0x30 ./Drivers/STM32H7xx_HAL_Driver/stm32h7xx_ll_gpio.o
 .text.LL_GPIO_SetPinSpeed
                0x08004224       0x40 ./Drivers/STM32H7xx_HAL_Driver/stm32h7xx_ll_gpio.o
 .text.LL_GPIO_SetPinPull
                0x08004264       0x40 ./Drivers/STM32H7xx_HAL_Driver/stm32h7xx_ll_gpio.o
 .text.LL_GPIO_SetAFPin_0_7
                0x080042a4       0x58 ./Drivers/STM32H7xx_HAL_Driver/stm32h7xx_ll_gpio.o
 .text.LL_GPIO_SetAFPin_8_15
                0x080042fc       0x6c ./Drivers/STM32H7xx_HAL_Driver/stm32h7xx_ll_gpio.o
 .text.LL_GPIO_Init
                0x08004368       0xdc ./Drivers/STM32H7xx_HAL_Driver/stm32h7xx_ll_gpio.o
                0x08004368                LL_GPIO_Init
 .text.LL_RCC_HSE_IsReady
                0x08004444       0x28 ./Drivers/STM32H7xx_HAL_Driver/stm32h7xx_ll_rcc.o
 .text.LL_RCC_HSI_IsReady
                0x0800446c       0x24 ./Drivers/STM32H7xx_HAL_Driver/stm32h7xx_ll_rcc.o
 .text.LL_RCC_HSI_GetDivider
                0x08004490       0x1c ./Drivers/STM32H7xx_HAL_Driver/stm32h7xx_ll_rcc.o
 .text.LL_RCC_CSI_IsReady
                0x080044ac       0x28 ./Drivers/STM32H7xx_HAL_Driver/stm32h7xx_ll_rcc.o
 .text.LL_RCC_LSE_IsReady
                0x080044d4       0x24 ./Drivers/STM32H7xx_HAL_Driver/stm32h7xx_ll_rcc.o
 .text.LL_RCC_GetSysClkSource
                0x080044f8       0x1c ./Drivers/STM32H7xx_HAL_Driver/stm32h7xx_ll_rcc.o
 .text.LL_RCC_GetSysPrescaler
                0x08004514       0x1c ./Drivers/STM32H7xx_HAL_Driver/stm32h7xx_ll_rcc.o
 .text.LL_RCC_GetAHBPrescaler
                0x08004530       0x1c ./Drivers/STM32H7xx_HAL_Driver/stm32h7xx_ll_rcc.o
 .text.LL_RCC_GetAPB1Prescaler
                0x0800454c       0x1c ./Drivers/STM32H7xx_HAL_Driver/stm32h7xx_ll_rcc.o
 .text.LL_RCC_GetAPB2Prescaler
                0x08004568       0x1c ./Drivers/STM32H7xx_HAL_Driver/stm32h7xx_ll_rcc.o
 .text.LL_RCC_GetClockSource
                0x08004584       0x4c ./Drivers/STM32H7xx_HAL_Driver/stm32h7xx_ll_rcc.o
 .text.LL_RCC_GetUSARTClockSource
                0x080045d0       0x18 ./Drivers/STM32H7xx_HAL_Driver/stm32h7xx_ll_rcc.o
 .text.LL_RCC_PLL_GetSource
                0x080045e8       0x1c ./Drivers/STM32H7xx_HAL_Driver/stm32h7xx_ll_rcc.o
 .text.LL_RCC_PLL1P_IsEnabled
                0x08004604       0x28 ./Drivers/STM32H7xx_HAL_Driver/stm32h7xx_ll_rcc.o
 .text.LL_RCC_PLL1Q_IsEnabled
                0x0800462c       0x28 ./Drivers/STM32H7xx_HAL_Driver/stm32h7xx_ll_rcc.o
 .text.LL_RCC_PLL1R_IsEnabled
                0x08004654       0x28 ./Drivers/STM32H7xx_HAL_Driver/stm32h7xx_ll_rcc.o
 .text.LL_RCC_PLL1FRACN_IsEnabled
                0x0800467c       0x24 ./Drivers/STM32H7xx_HAL_Driver/stm32h7xx_ll_rcc.o
 .text.LL_RCC_PLL1_GetN
                0x080046a0       0x1c ./Drivers/STM32H7xx_HAL_Driver/stm32h7xx_ll_rcc.o
 .text.LL_RCC_PLL1_GetM
                0x080046bc       0x1c ./Drivers/STM32H7xx_HAL_Driver/stm32h7xx_ll_rcc.o
 .text.LL_RCC_PLL1_GetP
                0x080046d8       0x20 ./Drivers/STM32H7xx_HAL_Driver/stm32h7xx_ll_rcc.o
 .text.LL_RCC_PLL1_GetQ
                0x080046f8       0x20 ./Drivers/STM32H7xx_HAL_Driver/stm32h7xx_ll_rcc.o
 .text.LL_RCC_PLL1_GetR
                0x08004718       0x20 ./Drivers/STM32H7xx_HAL_Driver/stm32h7xx_ll_rcc.o
 .text.LL_RCC_PLL1_GetFRACN
                0x08004738       0x1c ./Drivers/STM32H7xx_HAL_Driver/stm32h7xx_ll_rcc.o
 .text.LL_RCC_PLL2_IsReady
                0x08004754       0x28 ./Drivers/STM32H7xx_HAL_Driver/stm32h7xx_ll_rcc.o
 .text.LL_RCC_PLL2P_IsEnabled
                0x0800477c       0x28 ./Drivers/STM32H7xx_HAL_Driver/stm32h7xx_ll_rcc.o
 .text.LL_RCC_PLL2Q_IsEnabled
                0x080047a4       0x28 ./Drivers/STM32H7xx_HAL_Driver/stm32h7xx_ll_rcc.o
 .text.LL_RCC_PLL2R_IsEnabled
                0x080047cc       0x28 ./Drivers/STM32H7xx_HAL_Driver/stm32h7xx_ll_rcc.o
 .text.LL_RCC_PLL2FRACN_IsEnabled
                0x080047f4       0x24 ./Drivers/STM32H7xx_HAL_Driver/stm32h7xx_ll_rcc.o
 .text.LL_RCC_PLL2_GetN
                0x08004818       0x1c ./Drivers/STM32H7xx_HAL_Driver/stm32h7xx_ll_rcc.o
 .text.LL_RCC_PLL2_GetM
                0x08004834       0x1c ./Drivers/STM32H7xx_HAL_Driver/stm32h7xx_ll_rcc.o
 .text.LL_RCC_PLL2_GetP
                0x08004850       0x20 ./Drivers/STM32H7xx_HAL_Driver/stm32h7xx_ll_rcc.o
 .text.LL_RCC_PLL2_GetQ
                0x08004870       0x20 ./Drivers/STM32H7xx_HAL_Driver/stm32h7xx_ll_rcc.o
 .text.LL_RCC_PLL2_GetR
                0x08004890       0x20 ./Drivers/STM32H7xx_HAL_Driver/stm32h7xx_ll_rcc.o
 .text.LL_RCC_PLL2_GetFRACN
                0x080048b0       0x1c ./Drivers/STM32H7xx_HAL_Driver/stm32h7xx_ll_rcc.o
 .text.LL_RCC_PLL3_IsReady
                0x080048cc       0x28 ./Drivers/STM32H7xx_HAL_Driver/stm32h7xx_ll_rcc.o
 .text.LL_RCC_PLL3P_IsEnabled
                0x080048f4       0x28 ./Drivers/STM32H7xx_HAL_Driver/stm32h7xx_ll_rcc.o
 .text.LL_RCC_PLL3Q_IsEnabled
                0x0800491c       0x28 ./Drivers/STM32H7xx_HAL_Driver/stm32h7xx_ll_rcc.o
 .text.LL_RCC_PLL3R_IsEnabled
                0x08004944       0x28 ./Drivers/STM32H7xx_HAL_Driver/stm32h7xx_ll_rcc.o
 .text.LL_RCC_PLL3FRACN_IsEnabled
                0x0800496c       0x28 ./Drivers/STM32H7xx_HAL_Driver/stm32h7xx_ll_rcc.o
 .text.LL_RCC_PLL3_GetN
                0x08004994       0x1c ./Drivers/STM32H7xx_HAL_Driver/stm32h7xx_ll_rcc.o
 .text.LL_RCC_PLL3_GetM
                0x080049b0       0x1c ./Drivers/STM32H7xx_HAL_Driver/stm32h7xx_ll_rcc.o
 .text.LL_RCC_PLL3_GetP
                0x080049cc       0x20 ./Drivers/STM32H7xx_HAL_Driver/stm32h7xx_ll_rcc.o
 .text.LL_RCC_PLL3_GetQ
                0x080049ec       0x20 ./Drivers/STM32H7xx_HAL_Driver/stm32h7xx_ll_rcc.o
 .text.LL_RCC_PLL3_GetR
                0x08004a0c       0x20 ./Drivers/STM32H7xx_HAL_Driver/stm32h7xx_ll_rcc.o
 .text.LL_RCC_PLL3_GetFRACN
                0x08004a2c       0x1c ./Drivers/STM32H7xx_HAL_Driver/stm32h7xx_ll_rcc.o
 .text.LL_RCC_GetPLL1ClockFreq
                0x08004a48      0x130 ./Drivers/STM32H7xx_HAL_Driver/stm32h7xx_ll_rcc.o
                0x08004a48                LL_RCC_GetPLL1ClockFreq
 .text.LL_RCC_GetPLL2ClockFreq
                0x08004b78      0x130 ./Drivers/STM32H7xx_HAL_Driver/stm32h7xx_ll_rcc.o
                0x08004b78                LL_RCC_GetPLL2ClockFreq
 .text.LL_RCC_GetPLL3ClockFreq
                0x08004ca8      0x134 ./Drivers/STM32H7xx_HAL_Driver/stm32h7xx_ll_rcc.o
                0x08004ca8                LL_RCC_GetPLL3ClockFreq
 .text.LL_RCC_CalcPLLClockFreq
                0x08004ddc       0x80 ./Drivers/STM32H7xx_HAL_Driver/stm32h7xx_ll_rcc.o
                0x08004ddc                LL_RCC_CalcPLLClockFreq
 .text.LL_RCC_GetUSARTClockFreq
                0x08004e5c      0x1dc ./Drivers/STM32H7xx_HAL_Driver/stm32h7xx_ll_rcc.o
                0x08004e5c                LL_RCC_GetUSARTClockFreq
 .text.RCC_GetSystemClockFreq
                0x08005038       0xc4 ./Drivers/STM32H7xx_HAL_Driver/stm32h7xx_ll_rcc.o
 .text.RCC_GetHCLKClockFreq
                0x080050fc       0x2c ./Drivers/STM32H7xx_HAL_Driver/stm32h7xx_ll_rcc.o
 .text.RCC_GetPCLK1ClockFreq
                0x08005128       0x30 ./Drivers/STM32H7xx_HAL_Driver/stm32h7xx_ll_rcc.o
 .text.RCC_GetPCLK2ClockFreq
                0x08005158       0x30 ./Drivers/STM32H7xx_HAL_Driver/stm32h7xx_ll_rcc.o
 .text.LL_USART_IsEnabled
                0x08005188       0x26 ./Drivers/STM32H7xx_HAL_Driver/stm32h7xx_ll_usart.o
 .text.LL_USART_SetPrescaler
                0x080051ae       0x28 ./Drivers/STM32H7xx_HAL_Driver/stm32h7xx_ll_usart.o
 .text.LL_USART_SetStopBitsLength
                0x080051d6       0x26 ./Drivers/STM32H7xx_HAL_Driver/stm32h7xx_ll_usart.o
 .text.LL_USART_SetHWFlowCtrl
                0x080051fc       0x26 ./Drivers/STM32H7xx_HAL_Driver/stm32h7xx_ll_usart.o
 *fill*         0x08005222        0x2 
 .text.LL_USART_SetBaudRate
                0x08005224       0xa0 ./Drivers/STM32H7xx_HAL_Driver/stm32h7xx_ll_usart.o
 .text.LL_USART_Init
                0x080052c4      0x154 ./Drivers/STM32H7xx_HAL_Driver/stm32h7xx_ll_usart.o
                0x080052c4                LL_USART_Init
 .text.rbuffer_init
                0x08005418       0x34 ./Source/UART/RingBuffer.o
                0x08005418                rbuffer_init
 .text.rbuffer_full
                0x0800544c       0x28 ./Source/UART/RingBuffer.o
                0x0800544c                rbuffer_full
 .text.rbuffer_empty
                0x08005474       0x26 ./Source/UART/RingBuffer.o
                0x08005474                rbuffer_empty
 .text.rbuffer_insert
                0x0800549a       0x58 ./Source/UART/RingBuffer.o
                0x0800549a                rbuffer_insert
 .text.rbuffer_remove
                0x080054f2       0x56 ./Source/UART/RingBuffer.o
                0x080054f2                rbuffer_remove
 .text.LL_USART_IsActiveFlag_FE
                0x08005548       0x26 ./Source/UART/UART.o
 .text.LL_USART_IsActiveFlag_NE
                0x0800556e       0x26 ./Source/UART/UART.o
 .text.LL_USART_IsActiveFlag_ORE
                0x08005594       0x26 ./Source/UART/UART.o
 .text.LL_USART_IsActiveFlag_RXNE_RXFNE
                0x080055ba       0x26 ./Source/UART/UART.o
 .text.LL_USART_IsActiveFlag_TXE_TXFNF
                0x080055e0       0x26 ./Source/UART/UART.o
 .text.LL_USART_ClearFlag_FE
                0x08005606       0x1a ./Source/UART/UART.o
 .text.LL_USART_ClearFlag_NE
                0x08005620       0x1a ./Source/UART/UART.o
 .text.LL_USART_ClearFlag_ORE
                0x0800563a       0x1a ./Source/UART/UART.o
 .text.LL_USART_EnableIT_RXNE_RXFNE
                0x08005654       0x42 ./Source/UART/UART.o
 .text.LL_USART_EnableIT_TXE_TXFNF
                0x08005696       0x42 ./Source/UART/UART.o
 .text.LL_USART_DisableIT_TXE_TXFNF
                0x080056d8       0x42 ./Source/UART/UART.o
 .text.LL_USART_IsEnabledIT_RXNE_RXFNE
                0x0800571a       0x26 ./Source/UART/UART.o
 .text.LL_USART_ReceiveData8
                0x08005740       0x1a ./Source/UART/UART.o
 .text.LL_USART_TransmitData8
                0x0800575a       0x1e ./Source/UART/UART.o
 .text.USART1_IRQ
                0x08005778       0xe0 ./Source/UART/UART.o
                0x08005778                USART1_IRQ
 .text.USART1_init
                0x08005858       0x54 ./Source/UART/UART.o
                0x08005858                USART1_init
 .text.USART1_send_char
                0x080058ac       0x48 ./Source/UART/UART.o
                0x080058ac                USART1_send_char
 .text.USART1_send_array
                0x080058f4       0x38 ./Source/UART/UART.o
                0x080058f4                USART1_send_array
 .text.LL_APB2_GRP1_ForceReset
                0x0800592c       0x28 ./Source/bootloader/bootloader.o
 .text.LL_APB2_GRP1_ReleaseReset
                0x08005954       0x2c ./Source/bootloader/bootloader.o
 .text.BL_UART_Fetch_Host_Command
                0x08005980      0x1b4 ./Source/bootloader/bootloader.o
                0x08005980                BL_UART_Fetch_Host_Command
 .text.Bootloader_Get_Chip_Identification_Number
                0x08005b34       0x34 ./Source/bootloader/bootloader.o
 .text.Jump_To_App
                0x08005b68      0x254 ./Source/bootloader/bootloader.o
                0x08005b68                Jump_To_App
 .text.Bootloader_Jump_To_User_App
                0x08005dbc       0x38 ./Source/bootloader/bootloader.o
 .text.Perform_Flash_Erase
                0x08005df4       0xcc ./Source/bootloader/bootloader.o
 .text.Bootloader_Erase_Flash
                0x08005ec0       0xb8 ./Source/bootloader/bootloader.o
 .text.Flash_Memory_Write_Payload
                0x08005f78       0xb2 ./Source/bootloader/bootloader.o
 *fill*         0x0800602a        0x2 
 .text.Bootloader_Memory_Write
                0x0800602c      0x110 ./Source/bootloader/bootloader.o
 .text.Bootloader_CRC_Verify
                0x0800613c       0x70 ./Source/bootloader/bootloader.o
 .text.Bootloader_Send_NACK
                0x080061ac       0x1c ./Source/bootloader/bootloader.o
 .text.Bootloader_Send_Data_To_Host
                0x080061c8       0x1e ./Source/bootloader/bootloader.o
 *fill*         0x080061e6        0x2 
 .text.Firmware_CRC_Verification
                0x080061e8       0x78 ./Source/bootloader/bootloader.o
 .text.Set_Firmware_Version
                0x08006260       0x8c ./Source/bootloader/bootloader.o
 .text.Get_Firmware_Version
                0x080062ec       0xd4 ./Source/bootloader/bootloader.o
 .text.Flash_Write_Metadata
                0x080063c0       0xe0 ./Source/bootloader/bootloader.o
 .text.Flash_Read_Metadata
                0x080064a0       0x94 ./Source/bootloader/bootloader.o
 .text.Bootloader_check_connection
                0x08006534       0x70 ./Source/bootloader/bootloader.o
 .text.Firmware_Check_Available
                0x080065a4       0x90 ./Source/bootloader/bootloader.o
 .text.Bootloader_Check_Available
                0x08006634       0x44 ./Source/bootloader/bootloader.o
                0x08006634                Bootloader_Check_Available
 .text.SchedulerSysTickIntHandler
                0x08006678       0x3c ./Source/scheduler/scheduler.o
                0x08006678                SchedulerSysTickIntHandler
 .text.SchedulerInit
                0x080066b4       0x44 ./Source/scheduler/scheduler.o
                0x080066b4                SchedulerInit
 .text.SchedulerRun
                0x080066f8       0x74 ./Source/scheduler/scheduler.o
                0x080066f8                SchedulerRun
 .text.SchedulerElapsedTicksGet
                0x0800676c       0x24 ./Source/scheduler/scheduler.o
                0x0800676c                SchedulerElapsedTicksGet
 .text.SchedulerElapsedTicksCalc
                0x08006790       0x1c ./Source/scheduler/scheduler.o
                0x08006790                SchedulerElapsedTicksCalc
 .text.memset   0x080067ac       0x10 C:/ST/STM32CubeIDE_1.17.0/STM32CubeIDE/plugins/com.st.stm32cube.ide.mcu.externaltools.gnu-tools-for-stm32.13.3.rel1.win32_1.0.0.202411081344/tools/bin/../lib/gcc/arm-none-eabi/13.3.1/../../../../arm-none-eabi/lib/thumb/v7e-m+dp/hard\libc_nano.a(libc_a-memset.o)
                0x080067ac                memset
 .text.__libc_init_array
                0x080067bc       0x48 C:/ST/STM32CubeIDE_1.17.0/STM32CubeIDE/plugins/com.st.stm32cube.ide.mcu.externaltools.gnu-tools-for-stm32.13.3.rel1.win32_1.0.0.202411081344/tools/bin/../lib/gcc/arm-none-eabi/13.3.1/../../../../arm-none-eabi/lib/thumb/v7e-m+dp/hard\libc_nano.a(libc_a-init.o)
                0x080067bc                __libc_init_array
 .text.memcpy   0x08006804       0x1c C:/ST/STM32CubeIDE_1.17.0/STM32CubeIDE/plugins/com.st.stm32cube.ide.mcu.externaltools.gnu-tools-for-stm32.13.3.rel1.win32_1.0.0.202411081344/tools/bin/../lib/gcc/arm-none-eabi/13.3.1/../../../../arm-none-eabi/lib/thumb/v7e-m+dp/hard\libc_nano.a(libc_a-memcpy-stub.o)
                0x08006804                memcpy
 .text.ceil     0x08006820       0xe8 C:/ST/STM32CubeIDE_1.17.0/STM32CubeIDE/plugins/com.st.stm32cube.ide.mcu.externaltools.gnu-tools-for-stm32.13.3.rel1.win32_1.0.0.202411081344/tools/bin/../lib/gcc/arm-none-eabi/13.3.1/../../../../arm-none-eabi/lib/thumb/v7e-m+dp/hard\libm.a(libm_a-s_ceil.o)
                0x08006820                ceil
 *(.glue_7)
 .glue_7        0x08006908        0x0 linker stubs
 *(.glue_7t)
 .glue_7t       0x08006908        0x0 linker stubs
 *(.eh_frame)
 .eh_frame      0x08006908        0x0 C:/ST/STM32CubeIDE_1.17.0/STM32CubeIDE/plugins/com.st.stm32cube.ide.mcu.externaltools.gnu-tools-for-stm32.13.3.rel1.win32_1.0.0.202411081344/tools/bin/../lib/gcc/arm-none-eabi/13.3.1/thumb/v7e-m+dp/hard/crtbegin.o
 *(.init)
 .init          0x08006908        0x4 C:/ST/STM32CubeIDE_1.17.0/STM32CubeIDE/plugins/com.st.stm32cube.ide.mcu.externaltools.gnu-tools-for-stm32.13.3.rel1.win32_1.0.0.202411081344/tools/bin/../lib/gcc/arm-none-eabi/13.3.1/thumb/v7e-m+dp/hard/crti.o
                0x08006908                _init
 .init          0x0800690c        0x8 C:/ST/STM32CubeIDE_1.17.0/STM32CubeIDE/plugins/com.st.stm32cube.ide.mcu.externaltools.gnu-tools-for-stm32.13.3.rel1.win32_1.0.0.202411081344/tools/bin/../lib/gcc/arm-none-eabi/13.3.1/thumb/v7e-m+dp/hard/crtn.o
 *(.fini)
 .fini          0x08006914        0x4 C:/ST/STM32CubeIDE_1.17.0/STM32CubeIDE/plugins/com.st.stm32cube.ide.mcu.externaltools.gnu-tools-for-stm32.13.3.rel1.win32_1.0.0.202411081344/tools/bin/../lib/gcc/arm-none-eabi/13.3.1/thumb/v7e-m+dp/hard/crti.o
                0x08006914                _fini
 .fini          0x08006918        0x8 C:/ST/STM32CubeIDE_1.17.0/STM32CubeIDE/plugins/com.st.stm32cube.ide.mcu.externaltools.gnu-tools-for-stm32.13.3.rel1.win32_1.0.0.202411081344/tools/bin/../lib/gcc/arm-none-eabi/13.3.1/thumb/v7e-m+dp/hard/crtn.o
                0x08006920                        . = ALIGN (0x4)
                0x08006920                        _etext = .

.vfp11_veneer   0x08006920        0x0
 .vfp11_veneer  0x08006920        0x0 linker stubs

.v4_bx          0x08006920        0x0
 .v4_bx         0x08006920        0x0 linker stubs

.iplt           0x08006920        0x0
 .iplt          0x08006920        0x0 C:/ST/STM32CubeIDE_1.17.0/STM32CubeIDE/plugins/com.st.stm32cube.ide.mcu.externaltools.gnu-tools-for-stm32.13.3.rel1.win32_1.0.0.202411081344/tools/bin/../lib/gcc/arm-none-eabi/13.3.1/thumb/v7e-m+dp/hard/crtbegin.o

.rodata         0x08006920       0x58
                0x08006920                        . = ALIGN (0x4)
 *(.rodata)
 .rodata        0x08006920        0x3 ./Source/UART/UART.o
 *fill*         0x08006923        0x1 
 .rodata        0x08006924        0x3 ./Source/bootloader/bootloader.o
 *(.rodata*)
 *fill*         0x08006927        0x1 
 .rodata.D1CorePrescTable
                0x08006928       0x10 ./Common/Src/system_stm32h7xx_dualcore_boot_cm4_cm7.o
                0x08006928                D1CorePrescTable
 .rodata.LL_RCC_PrescTable
                0x08006938       0x10 ./Drivers/STM32H7xx_HAL_Driver/stm32h7xx_ll_rcc.o
                0x08006938                LL_RCC_PrescTable
 .rodata.USART_PRESCALER_TAB
                0x08006948       0x30 ./Drivers/STM32H7xx_HAL_Driver/stm32h7xx_ll_usart.o
                0x08006978                        . = ALIGN (0x4)

.ARM.extab      0x08006978        0x0
                0x08006978                        . = ALIGN (0x4)
 *(.ARM.extab* .gnu.linkonce.armextab.*)
                0x08006978                        . = ALIGN (0x4)

.ARM            0x08006978        0x0
                0x08006978                        . = ALIGN (0x4)
                0x08006978                        __exidx_start = .
 *(.ARM.exidx*)
                0x08006978                        __exidx_end = .
                0x08006978                        . = ALIGN (0x4)

.preinit_array  0x08006978        0x0
                0x08006978                        . = ALIGN (0x4)
                0x08006978                        PROVIDE (__preinit_array_start = .)
 *(.preinit_array*)
                0x08006978                        PROVIDE (__preinit_array_end = .)
                0x08006978                        . = ALIGN (0x4)

.init_array     0x08006978        0x4
                0x08006978                        . = ALIGN (0x4)
                0x08006978                        PROVIDE (__init_array_start = .)
 *(SORT_BY_NAME(.init_array.*))
 *(.init_array*)
 .init_array    0x08006978        0x4 C:/ST/STM32CubeIDE_1.17.0/STM32CubeIDE/plugins/com.st.stm32cube.ide.mcu.externaltools.gnu-tools-for-stm32.13.3.rel1.win32_1.0.0.202411081344/tools/bin/../lib/gcc/arm-none-eabi/13.3.1/thumb/v7e-m+dp/hard/crtbegin.o
                0x0800697c                        PROVIDE (__init_array_end = .)
                0x0800697c                        . = ALIGN (0x4)

.fini_array     0x0800697c        0x4
                0x0800697c                        . = ALIGN (0x4)
                [!provide]                        PROVIDE (__fini_array_start = .)
 *(SORT_BY_NAME(.fini_array.*))
 *(.fini_array*)
 .fini_array    0x0800697c        0x4 C:/ST/STM32CubeIDE_1.17.0/STM32CubeIDE/plugins/com.st.stm32cube.ide.mcu.externaltools.gnu-tools-for-stm32.13.3.rel1.win32_1.0.0.202411081344/tools/bin/../lib/gcc/arm-none-eabi/13.3.1/thumb/v7e-m+dp/hard/crtbegin.o
                [!provide]                        PROVIDE (__fini_array_end = .)
                0x08006980                        . = ALIGN (0x4)
                0x08006980                        _sidata = LOADADDR (.data)

.rel.dyn        0x08006980        0x0
 .rel.iplt      0x08006980        0x0 C:/ST/STM32CubeIDE_1.17.0/STM32CubeIDE/plugins/com.st.stm32cube.ide.mcu.externaltools.gnu-tools-for-stm32.13.3.rel1.win32_1.0.0.202411081344/tools/bin/../lib/gcc/arm-none-eabi/13.3.1/thumb/v7e-m+dp/hard/crtbegin.o

.data           0x24000000       0x44 load address 0x08006980
                0x24000000                        . = ALIGN (0x4)
                0x24000000                        _sdata = .
 *(.data)
 *(.data*)
 .data.SystemCoreClock
                0x24000000        0x4 ./Common/Src/system_stm32h7xx_dualcore_boot_cm4_cm7.o
                0x24000000                SystemCoreClock
 .data.SystemD2Clock
                0x24000004        0x4 ./Common/Src/system_stm32h7xx_dualcore_boot_cm4_cm7.o
                0x24000004                SystemD2Clock
 .data.g_ui32SchedulerNumTasks
                0x24000008        0x4 ./Core/Src/main.o
                0x24000008                g_ui32SchedulerNumTasks
 .data.g_psSchedulerTable
                0x2400000c       0x28 ./Core/Src/main.o
                0x2400000c                g_psSchedulerTable
 .data.uwTickPrio
                0x24000034        0x4 ./Drivers/STM32H7xx_HAL_Driver/stm32h7xx_hal.o
                0x24000034                uwTickPrio
 .data.uwTickFreq
                0x24000038        0x1 ./Drivers/STM32H7xx_HAL_Driver/stm32h7xx_hal.o
                0x24000038                uwTickFreq
 *fill*         0x24000039        0x3 
 .data.p_USART1_meta
                0x2400003c        0x4 ./Source/UART/UART.o
                0x2400003c                p_USART1_meta
 .data.SchedulerTickPerSecond
                0x24000040        0x4 ./Source/scheduler/scheduler.o
 *(.RamFunc)
 *(.RamFunc*)
                0x24000044                        . = ALIGN (0x4)
                0x24000044                        _edata = .

.igot.plt       0x24000044        0x0 load address 0x080069c4
 .igot.plt      0x24000044        0x0 C:/ST/STM32CubeIDE_1.17.0/STM32CubeIDE/plugins/com.st.stm32cube.ide.mcu.externaltools.gnu-tools-for-stm32.13.3.rel1.win32_1.0.0.202411081344/tools/bin/../lib/gcc/arm-none-eabi/13.3.1/thumb/v7e-m+dp/hard/crtbegin.o
                0x24000044                        . = ALIGN (0x4)

.bss            0x24000044      0x330 load address 0x080069c4
                0x24000044                        _sbss = .
                0x24000044                        __bss_start__ = _sbss
 *(.bss)
 .bss           0x24000044       0x1c C:/ST/STM32CubeIDE_1.17.0/STM32CubeIDE/plugins/com.st.stm32cube.ide.mcu.externaltools.gnu-tools-for-stm32.13.3.rel1.win32_1.0.0.202411081344/tools/bin/../lib/gcc/arm-none-eabi/13.3.1/thumb/v7e-m+dp/hard/crtbegin.o
 *(.bss*)
 .bss.hcrc      0x24000060       0x24 ./Core/Src/main.o
                0x24000060                hcrc
 .bss.uwTick    0x24000084        0x4 ./Drivers/STM32H7xx_HAL_Driver/stm32h7xx_hal.o
                0x24000084                uwTick
 .bss.pFlash    0x24000088       0x1c ./Drivers/STM32H7xx_HAL_Driver/stm32h7xx_hal_flash.o
                0x24000088                pFlash
 .bss.USART1_meta
                0x240000a4      0x20e ./Source/UART/UART.o
                0x240000a4                USART1_meta
 *fill*         0x240002b2        0x2 
 .bss.Temp_Firmware
                0x240002b4       0x14 ./Source/bootloader/bootloader.o
                0x240002b4                Temp_Firmware
 .bss.Address_to_write
                0x240002c8        0x4 ./Source/bootloader/bootloader.o
 .bss.boot_timeout
                0x240002cc        0x4 ./Source/bootloader/bootloader.o
                0x240002cc                boot_timeout
 .bss.check_connection
                0x240002d0        0x1 ./Source/bootloader/bootloader.o
                0x240002d0                check_connection
 *fill*         0x240002d1        0x3 
 .bss.BL_Host_Buffer
                0x240002d4       0x96 ./Source/bootloader/bootloader.o
 .bss.frame_index
                0x2400036a        0x1 ./Source/bootloader/bootloader.o
                0x2400036a                frame_index
 .bss.frame_length
                0x2400036b        0x1 ./Source/bootloader/bootloader.o
                0x2400036b                frame_length
 .bss.receiving_frame
                0x2400036c        0x1 ./Source/bootloader/bootloader.o
                0x2400036c                receiving_frame
 *fill*         0x2400036d        0x1 
 .bss.frame_timeout
                0x2400036e        0x2 ./Source/bootloader/bootloader.o
                0x2400036e                frame_timeout
 .bss.g_ui32SchedulerTickCount
                0x24000370        0x4 ./Source/scheduler/scheduler.o
 *(COMMON)
                0x24000374                        . = ALIGN (0x4)
                0x24000374                        _ebss = .
                0x24000374                        __bss_end__ = _ebss

._user_heap_stack
                0x24000374      0x604 load address 0x080069c4
                0x24000378                        . = ALIGN (0x8)
 *fill*         0x24000374        0x4 
                [!provide]                        PROVIDE (end = .)
                0x24000378                        PROVIDE (_end = .)
                0x24000578                        . = (. + _Min_Heap_Size)
 *fill*         0x24000378      0x200 
                0x24000978                        . = (. + _Min_Stack_Size)
 *fill*         0x24000578      0x400 
                0x24000978                        . = ALIGN (0x8)

/DISCARD/
 libc.a(*)
 libm.a(*)
 libgcc.a(*)

.ARM.attributes
                0x00000000       0x2e
 *(.ARM.attributes)
 .ARM.attributes
                0x00000000       0x20 C:/ST/STM32CubeIDE_1.17.0/STM32CubeIDE/plugins/com.st.stm32cube.ide.mcu.externaltools.gnu-tools-for-stm32.13.3.rel1.win32_1.0.0.202411081344/tools/bin/../lib/gcc/arm-none-eabi/13.3.1/thumb/v7e-m+dp/hard/crti.o
 .ARM.attributes
                0x00000020       0x32 C:/ST/STM32CubeIDE_1.17.0/STM32CubeIDE/plugins/com.st.stm32cube.ide.mcu.externaltools.gnu-tools-for-stm32.13.3.rel1.win32_1.0.0.202411081344/tools/bin/../lib/gcc/arm-none-eabi/13.3.1/thumb/v7e-m+dp/hard/crtbegin.o
 .ARM.attributes
                0x00000052       0x32 ./Common/Src/system_stm32h7xx_dualcore_boot_cm4_cm7.o
 .ARM.attributes
                0x00000084       0x32 ./Core/Src/main.o
 .ARM.attributes
                0x000000b6       0x32 ./Core/Src/stm32h7xx_hal_msp.o
 .ARM.attributes
                0x000000e8       0x32 ./Core/Src/stm32h7xx_it.o
 .ARM.attributes
                0x0000011a       0x21 ./Core/Startup/startup_stm32h745zitx.o
 .ARM.attributes
                0x0000013b       0x32 ./Drivers/STM32H7xx_HAL_Driver/stm32h7xx_hal.o
 .ARM.attributes
                0x0000016d       0x32 ./Drivers/STM32H7xx_HAL_Driver/stm32h7xx_hal_cortex.o
 .ARM.attributes
                0x0000019f       0x32 ./Drivers/STM32H7xx_HAL_Driver/stm32h7xx_hal_crc.o
 .ARM.attributes
                0x000001d1       0x32 ./Drivers/STM32H7xx_HAL_Driver/stm32h7xx_hal_crc_ex.o
 .ARM.attributes
                0x00000203       0x32 ./Drivers/STM32H7xx_HAL_Driver/stm32h7xx_hal_flash.o
 .ARM.attributes
                0x00000235       0x32 ./Drivers/STM32H7xx_HAL_Driver/stm32h7xx_hal_flash_ex.o
 .ARM.attributes
                0x00000267       0x32 ./Drivers/STM32H7xx_HAL_Driver/stm32h7xx_hal_pwr_ex.o
 .ARM.attributes
                0x00000299       0x32 ./Drivers/STM32H7xx_HAL_Driver/stm32h7xx_hal_rcc.o
 .ARM.attributes
                0x000002cb       0x32 ./Drivers/STM32H7xx_HAL_Driver/stm32h7xx_hal_rcc_ex.o
 .ARM.attributes
                0x000002fd       0x32 ./Drivers/STM32H7xx_HAL_Driver/stm32h7xx_ll_gpio.o
 .ARM.attributes
                0x0000032f       0x32 ./Drivers/STM32H7xx_HAL_Driver/stm32h7xx_ll_rcc.o
 .ARM.attributes
                0x00000361       0x32 ./Drivers/STM32H7xx_HAL_Driver/stm32h7xx_ll_usart.o
 .ARM.attributes
                0x00000393       0x32 ./Source/UART/RingBuffer.o
 .ARM.attributes
                0x000003c5       0x32 ./Source/UART/UART.o
 .ARM.attributes
                0x000003f7       0x32 ./Source/bootloader/bootloader.o
 .ARM.attributes
                0x00000429       0x32 ./Source/scheduler/scheduler.o
 .ARM.attributes
                0x0000045b       0x32 C:/ST/STM32CubeIDE_1.17.0/STM32CubeIDE/plugins/com.st.stm32cube.ide.mcu.externaltools.gnu-tools-for-stm32.13.3.rel1.win32_1.0.0.202411081344/tools/bin/../lib/gcc/arm-none-eabi/13.3.1/../../../../arm-none-eabi/lib/thumb/v7e-m+dp/hard\libc_nano.a(libc_a-memset.o)
 .ARM.attributes
                0x0000048d       0x32 C:/ST/STM32CubeIDE_1.17.0/STM32CubeIDE/plugins/com.st.stm32cube.ide.mcu.externaltools.gnu-tools-for-stm32.13.3.rel1.win32_1.0.0.202411081344/tools/bin/../lib/gcc/arm-none-eabi/13.3.1/../../../../arm-none-eabi/lib/thumb/v7e-m+dp/hard\libc_nano.a(libc_a-init.o)
 .ARM.attributes
                0x000004bf       0x32 C:/ST/STM32CubeIDE_1.17.0/STM32CubeIDE/plugins/com.st.stm32cube.ide.mcu.externaltools.gnu-tools-for-stm32.13.3.rel1.win32_1.0.0.202411081344/tools/bin/../lib/gcc/arm-none-eabi/13.3.1/../../../../arm-none-eabi/lib/thumb/v7e-m+dp/hard\libc_nano.a(libc_a-memcpy-stub.o)
 .ARM.attributes
                0x000004f1       0x32 C:/ST/STM32CubeIDE_1.17.0/STM32CubeIDE/plugins/com.st.stm32cube.ide.mcu.externaltools.gnu-tools-for-stm32.13.3.rel1.win32_1.0.0.202411081344/tools/bin/../lib/gcc/arm-none-eabi/13.3.1/../../../../arm-none-eabi/lib/thumb/v7e-m+dp/hard\libm.a(libm_a-s_ceil.o)
 .ARM.attributes
                0x00000523       0x20 C:/ST/STM32CubeIDE_1.17.0/STM32CubeIDE/plugins/com.st.stm32cube.ide.mcu.externaltools.gnu-tools-for-stm32.13.3.rel1.win32_1.0.0.202411081344/tools/bin/../lib/gcc/arm-none-eabi/13.3.1/thumb/v7e-m+dp/hard/crtn.o
OUTPUT(OBC_FOTA_CM7.elf elf32-littlearm)
LOAD linker stubs
LOAD C:/ST/STM32CubeIDE_1.17.0/STM32CubeIDE/plugins/com.st.stm32cube.ide.mcu.externaltools.gnu-tools-for-stm32.13.3.rel1.win32_1.0.0.202411081344/tools/bin/../lib/gcc/arm-none-eabi/13.3.1/../../../../arm-none-eabi/lib/thumb/v7e-m+dp/hard\libc.a
LOAD C:/ST/STM32CubeIDE_1.17.0/STM32CubeIDE/plugins/com.st.stm32cube.ide.mcu.externaltools.gnu-tools-for-stm32.13.3.rel1.win32_1.0.0.202411081344/tools/bin/../lib/gcc/arm-none-eabi/13.3.1/../../../../arm-none-eabi/lib/thumb/v7e-m+dp/hard\libm.a
LOAD C:/ST/STM32CubeIDE_1.17.0/STM32CubeIDE/plugins/com.st.stm32cube.ide.mcu.externaltools.gnu-tools-for-stm32.13.3.rel1.win32_1.0.0.202411081344/tools/bin/../lib/gcc/arm-none-eabi/13.3.1/thumb/v7e-m+dp/hard\libgcc.a

.debug_info     0x00000000    0x1038b
 .debug_info    0x00000000      0xe73 ./Common/Src/system_stm32h7xx_dualcore_boot_cm4_cm7.o
 .debug_info    0x00000e73     0x20e8 ./Core/Src/main.o
 .debug_info    0x00002f5b      0x6b4 ./Core/Src/stm32h7xx_hal_msp.o
 .debug_info    0x0000360f      0x1d9 ./Core/Src/stm32h7xx_it.o
 .debug_info    0x000037e8       0x30 ./Core/Startup/startup_stm32h745zitx.o
 .debug_info    0x00003818     0x1774 ./Drivers/STM32H7xx_HAL_Driver/stm32h7xx_hal.o
 .debug_info    0x00004f8c     0x10cf ./Drivers/STM32H7xx_HAL_Driver/stm32h7xx_hal_cortex.o
 .debug_info    0x0000605b      0x528 ./Drivers/STM32H7xx_HAL_Driver/stm32h7xx_hal_crc.o
 .debug_info    0x00006583      0x33b ./Drivers/STM32H7xx_HAL_Driver/stm32h7xx_hal_crc_ex.o
 .debug_info    0x000068be      0x83b ./Drivers/STM32H7xx_HAL_Driver/stm32h7xx_hal_flash.o
 .debug_info    0x000070f9      0xd2e ./Drivers/STM32H7xx_HAL_Driver/stm32h7xx_hal_flash_ex.o
 .debug_info    0x00007e27     0x1225 ./Drivers/STM32H7xx_HAL_Driver/stm32h7xx_hal_pwr_ex.o
 .debug_info    0x0000904c      0xe67 ./Drivers/STM32H7xx_HAL_Driver/stm32h7xx_hal_rcc.o
 .debug_info    0x00009eb3     0x1303 ./Drivers/STM32H7xx_HAL_Driver/stm32h7xx_hal_rcc_ex.o
 .debug_info    0x0000b1b6      0x8a9 ./Drivers/STM32H7xx_HAL_Driver/stm32h7xx_ll_gpio.o
 .debug_info    0x0000ba5f     0x16d2 ./Drivers/STM32H7xx_HAL_Driver/stm32h7xx_ll_rcc.o
 .debug_info    0x0000d131      0x96d ./Drivers/STM32H7xx_HAL_Driver/stm32h7xx_ll_usart.o
 .debug_info    0x0000da9e      0x280 ./Source/UART/RingBuffer.o
 .debug_info    0x0000dd1e      0x9ac ./Source/UART/UART.o
 .debug_info    0x0000e6ca     0x192b ./Source/bootloader/bootloader.o
 .debug_info    0x0000fff5      0x396 ./Source/scheduler/scheduler.o

.debug_abbrev   0x00000000     0x2eb4
 .debug_abbrev  0x00000000      0x165 ./Common/Src/system_stm32h7xx_dualcore_boot_cm4_cm7.o
 .debug_abbrev  0x00000165      0x3e6 ./Core/Src/main.o
 .debug_abbrev  0x0000054b      0x16e ./Core/Src/stm32h7xx_hal_msp.o
 .debug_abbrev  0x000006b9       0xda ./Core/Src/stm32h7xx_it.o
 .debug_abbrev  0x00000793       0x24 ./Core/Startup/startup_stm32h745zitx.o
 .debug_abbrev  0x000007b7      0x295 ./Drivers/STM32H7xx_HAL_Driver/stm32h7xx_hal.o
 .debug_abbrev  0x00000a4c      0x339 ./Drivers/STM32H7xx_HAL_Driver/stm32h7xx_hal_cortex.o
 .debug_abbrev  0x00000d85      0x1ee ./Drivers/STM32H7xx_HAL_Driver/stm32h7xx_hal_crc.o
 .debug_abbrev  0x00000f73      0x151 ./Drivers/STM32H7xx_HAL_Driver/stm32h7xx_hal_crc_ex.o
 .debug_abbrev  0x000010c4      0x278 ./Drivers/STM32H7xx_HAL_Driver/stm32h7xx_hal_flash.o
 .debug_abbrev  0x0000133c      0x261 ./Drivers/STM32H7xx_HAL_Driver/stm32h7xx_hal_flash_ex.o
 .debug_abbrev  0x0000159d      0x2d7 ./Drivers/STM32H7xx_HAL_Driver/stm32h7xx_hal_pwr_ex.o
 .debug_abbrev  0x00001874      0x2c8 ./Drivers/STM32H7xx_HAL_Driver/stm32h7xx_hal_rcc.o
 .debug_abbrev  0x00001b3c      0x269 ./Drivers/STM32H7xx_HAL_Driver/stm32h7xx_hal_rcc_ex.o
 .debug_abbrev  0x00001da5      0x231 ./Drivers/STM32H7xx_HAL_Driver/stm32h7xx_ll_gpio.o
 .debug_abbrev  0x00001fd6      0x223 ./Drivers/STM32H7xx_HAL_Driver/stm32h7xx_ll_rcc.o
 .debug_abbrev  0x000021f9      0x1f9 ./Drivers/STM32H7xx_HAL_Driver/stm32h7xx_ll_usart.o
 .debug_abbrev  0x000023f2      0x137 ./Source/UART/RingBuffer.o
 .debug_abbrev  0x00002529      0x320 ./Source/UART/UART.o
 .debug_abbrev  0x00002849      0x481 ./Source/bootloader/bootloader.o
 .debug_abbrev  0x00002cca      0x1ea ./Source/scheduler/scheduler.o

.debug_aranges  0x00000000     0x1068
 .debug_aranges
                0x00000000       0x30 ./Common/Src/system_stm32h7xx_dualcore_boot_cm4_cm7.o
 .debug_aranges
                0x00000030       0xb8 ./Core/Src/main.o
 .debug_aranges
                0x000000e8       0x30 ./Core/Src/stm32h7xx_hal_msp.o
 .debug_aranges
                0x00000118       0x68 ./Core/Src/stm32h7xx_it.o
 .debug_aranges
                0x00000180       0x28 ./Core/Startup/startup_stm32h745zitx.o
 .debug_aranges
                0x000001a8      0x200 ./Drivers/STM32H7xx_HAL_Driver/stm32h7xx_hal.o
 .debug_aranges
                0x000003a8      0x130 ./Drivers/STM32H7xx_HAL_Driver/stm32h7xx_hal_cortex.o
 .debug_aranges
                0x000004d8       0x60 ./Drivers/STM32H7xx_HAL_Driver/stm32h7xx_hal_crc.o
 .debug_aranges
                0x00000538       0x30 ./Drivers/STM32H7xx_HAL_Driver/stm32h7xx_hal_crc_ex.o
 .debug_aranges
                0x00000568       0x88 ./Drivers/STM32H7xx_HAL_Driver/stm32h7xx_hal_flash.o
 .debug_aranges
                0x000005f0      0x108 ./Drivers/STM32H7xx_HAL_Driver/stm32h7xx_hal_flash_ex.o
 .debug_aranges
                0x000006f8      0x170 ./Drivers/STM32H7xx_HAL_Driver/stm32h7xx_hal_pwr_ex.o
 .debug_aranges
                0x00000868       0x88 ./Drivers/STM32H7xx_HAL_Driver/stm32h7xx_hal_rcc.o
 .debug_aranges
                0x000008f0      0x100 ./Drivers/STM32H7xx_HAL_Driver/stm32h7xx_hal_rcc_ex.o
 .debug_aranges
                0x000009f0       0x70 ./Drivers/STM32H7xx_HAL_Driver/stm32h7xx_ll_gpio.o
 .debug_aranges
                0x00000a60      0x320 ./Drivers/STM32H7xx_HAL_Driver/stm32h7xx_ll_rcc.o
 .debug_aranges
                0x00000d80       0x88 ./Drivers/STM32H7xx_HAL_Driver/stm32h7xx_ll_usart.o
 .debug_aranges
                0x00000e08       0x48 ./Source/UART/RingBuffer.o
 .debug_aranges
                0x00000e50       0xf0 ./Source/UART/UART.o
 .debug_aranges
                0x00000f40       0xc8 ./Source/bootloader/bootloader.o
 .debug_aranges
                0x00001008       0x60 ./Source/scheduler/scheduler.o

.debug_rnglists
                0x00000000      0xc43
 .debug_rnglists
                0x00000000       0x21 ./Common/Src/system_stm32h7xx_dualcore_boot_cm4_cm7.o
 .debug_rnglists
                0x00000021       0x87 ./Core/Src/main.o
 .debug_rnglists
                0x000000a8       0x1f ./Core/Src/stm32h7xx_hal_msp.o
 .debug_rnglists
                0x000000c7       0x49 ./Core/Src/stm32h7xx_it.o
 .debug_rnglists
                0x00000110       0x19 ./Core/Startup/startup_stm32h745zitx.o
 .debug_rnglists
                0x00000129      0x180 ./Drivers/STM32H7xx_HAL_Driver/stm32h7xx_hal.o
 .debug_rnglists
                0x000002a9       0xe0 ./Drivers/STM32H7xx_HAL_Driver/stm32h7xx_hal_cortex.o
 .debug_rnglists
                0x00000389       0x47 ./Drivers/STM32H7xx_HAL_Driver/stm32h7xx_hal_crc.o
 .debug_rnglists
                0x000003d0       0x20 ./Drivers/STM32H7xx_HAL_Driver/stm32h7xx_hal_crc_ex.o
 .debug_rnglists
                0x000003f0       0x66 ./Drivers/STM32H7xx_HAL_Driver/stm32h7xx_hal_flash.o
 .debug_rnglists
                0x00000456       0xca ./Drivers/STM32H7xx_HAL_Driver/stm32h7xx_hal_flash_ex.o
 .debug_rnglists
                0x00000520      0x117 ./Drivers/STM32H7xx_HAL_Driver/stm32h7xx_hal_pwr_ex.o
 .debug_rnglists
                0x00000637       0x68 ./Drivers/STM32H7xx_HAL_Driver/stm32h7xx_hal_rcc.o
 .debug_rnglists
                0x0000069f       0xc6 ./Drivers/STM32H7xx_HAL_Driver/stm32h7xx_hal_rcc_ex.o
 .debug_rnglists
                0x00000765       0x51 ./Drivers/STM32H7xx_HAL_Driver/stm32h7xx_ll_gpio.o
 .debug_rnglists
                0x000007b6      0x268 ./Drivers/STM32H7xx_HAL_Driver/stm32h7xx_ll_rcc.o
 .debug_rnglists
                0x00000a1e       0x64 ./Drivers/STM32H7xx_HAL_Driver/stm32h7xx_ll_usart.o
 .debug_rnglists
                0x00000a82       0x31 ./Source/UART/RingBuffer.o
 .debug_rnglists
                0x00000ab3       0xb0 ./Source/UART/UART.o
 .debug_rnglists
                0x00000b63       0x9c ./Source/bootloader/bootloader.o
 .debug_rnglists
                0x00000bff       0x44 ./Source/scheduler/scheduler.o

.debug_macro    0x00000000    0x3d3d1
 .debug_macro   0x00000000      0x294 ./Common/Src/system_stm32h7xx_dualcore_boot_cm4_cm7.o
 .debug_macro   0x00000294      0xb02 ./Common/Src/system_stm32h7xx_dualcore_boot_cm4_cm7.o
 .debug_macro   0x00000d96       0x2e ./Common/Src/system_stm32h7xx_dualcore_boot_cm4_cm7.o
 .debug_macro   0x00000dc4       0x49 ./Common/Src/system_stm32h7xx_dualcore_boot_cm4_cm7.o
 .debug_macro   0x00000e0d       0x22 ./Common/Src/system_stm32h7xx_dualcore_boot_cm4_cm7.o
 .debug_macro   0x00000e2f       0x8e ./Common/Src/system_stm32h7xx_dualcore_boot_cm4_cm7.o
 .debug_macro   0x00000ebd       0x51 ./Common/Src/system_stm32h7xx_dualcore_boot_cm4_cm7.o
 .debug_macro   0x00000f0e      0x103 ./Common/Src/system_stm32h7xx_dualcore_boot_cm4_cm7.o
 .debug_macro   0x00001011       0x6a ./Common/Src/system_stm32h7xx_dualcore_boot_cm4_cm7.o
 .debug_macro   0x0000107b      0x1df ./Common/Src/system_stm32h7xx_dualcore_boot_cm4_cm7.o
 .debug_macro   0x0000125a       0x1c ./Common/Src/system_stm32h7xx_dualcore_boot_cm4_cm7.o
 .debug_macro   0x00001276       0x22 ./Common/Src/system_stm32h7xx_dualcore_boot_cm4_cm7.o
 .debug_macro   0x00001298       0xfb ./Common/Src/system_stm32h7xx_dualcore_boot_cm4_cm7.o
 .debug_macro   0x00001393     0x1305 ./Common/Src/system_stm32h7xx_dualcore_boot_cm4_cm7.o
 .debug_macro   0x00002698      0x11f ./Common/Src/system_stm32h7xx_dualcore_boot_cm4_cm7.o
 .debug_macro   0x000027b7       0x27 ./Common/Src/system_stm32h7xx_dualcore_boot_cm4_cm7.o
 .debug_macro   0x000027de    0x2706d ./Common/Src/system_stm32h7xx_dualcore_boot_cm4_cm7.o
 .debug_macro   0x0002984b       0x6d ./Common/Src/system_stm32h7xx_dualcore_boot_cm4_cm7.o
 .debug_macro   0x000298b8      0x232 ./Common/Src/system_stm32h7xx_dualcore_boot_cm4_cm7.o
 .debug_macro   0x00029aea     0x3d79 ./Common/Src/system_stm32h7xx_dualcore_boot_cm4_cm7.o
 .debug_macro   0x0002d863      0x190 ./Common/Src/system_stm32h7xx_dualcore_boot_cm4_cm7.o
 .debug_macro   0x0002d9f3       0x61 ./Common/Src/system_stm32h7xx_dualcore_boot_cm4_cm7.o
 .debug_macro   0x0002da54       0x29 ./Common/Src/system_stm32h7xx_dualcore_boot_cm4_cm7.o
 .debug_macro   0x0002da7d       0x43 ./Common/Src/system_stm32h7xx_dualcore_boot_cm4_cm7.o
 .debug_macro   0x0002dac0       0x34 ./Common/Src/system_stm32h7xx_dualcore_boot_cm4_cm7.o
 .debug_macro   0x0002daf4      0x370 ./Common/Src/system_stm32h7xx_dualcore_boot_cm4_cm7.o
 .debug_macro   0x0002de64       0x16 ./Common/Src/system_stm32h7xx_dualcore_boot_cm4_cm7.o
 .debug_macro   0x0002de7a       0x4a ./Common/Src/system_stm32h7xx_dualcore_boot_cm4_cm7.o
 .debug_macro   0x0002dec4       0x34 ./Common/Src/system_stm32h7xx_dualcore_boot_cm4_cm7.o
 .debug_macro   0x0002def8       0x10 ./Common/Src/system_stm32h7xx_dualcore_boot_cm4_cm7.o
 .debug_macro   0x0002df08       0x58 ./Common/Src/system_stm32h7xx_dualcore_boot_cm4_cm7.o
 .debug_macro   0x0002df60       0x8e ./Common/Src/system_stm32h7xx_dualcore_boot_cm4_cm7.o
 .debug_macro   0x0002dfee       0x1c ./Common/Src/system_stm32h7xx_dualcore_boot_cm4_cm7.o
 .debug_macro   0x0002e00a      0x185 ./Common/Src/system_stm32h7xx_dualcore_boot_cm4_cm7.o
 .debug_macro   0x0002e18f      0x19b ./Common/Src/system_stm32h7xx_dualcore_boot_cm4_cm7.o
 .debug_macro   0x0002e32a       0x5d ./Common/Src/system_stm32h7xx_dualcore_boot_cm4_cm7.o
 .debug_macro   0x0002e387     0x3a9d ./Common/Src/system_stm32h7xx_dualcore_boot_cm4_cm7.o
 .debug_macro   0x00031e24     0x1072 ./Common/Src/system_stm32h7xx_dualcore_boot_cm4_cm7.o
 .debug_macro   0x00032e96      0x154 ./Common/Src/system_stm32h7xx_dualcore_boot_cm4_cm7.o
 .debug_macro   0x00032fea      0x130 ./Common/Src/system_stm32h7xx_dualcore_boot_cm4_cm7.o
 .debug_macro   0x0003311a      0x3c2 ./Common/Src/system_stm32h7xx_dualcore_boot_cm4_cm7.o
 .debug_macro   0x000334dc       0xac ./Common/Src/system_stm32h7xx_dualcore_boot_cm4_cm7.o
 .debug_macro   0x00033588      0x72d ./Common/Src/system_stm32h7xx_dualcore_boot_cm4_cm7.o
 .debug_macro   0x00033cb5      0x228 ./Common/Src/system_stm32h7xx_dualcore_boot_cm4_cm7.o
 .debug_macro   0x00033edd       0x66 ./Common/Src/system_stm32h7xx_dualcore_boot_cm4_cm7.o
 .debug_macro   0x00033f43      0x3bb ./Common/Src/system_stm32h7xx_dualcore_boot_cm4_cm7.o
 .debug_macro   0x000342fe      0x407 ./Common/Src/system_stm32h7xx_dualcore_boot_cm4_cm7.o
 .debug_macro   0x00034705      0x27c ./Common/Src/system_stm32h7xx_dualcore_boot_cm4_cm7.o
 .debug_macro   0x00034981       0xc7 ./Common/Src/system_stm32h7xx_dualcore_boot_cm4_cm7.o
 .debug_macro   0x00034a48       0x4c ./Common/Src/system_stm32h7xx_dualcore_boot_cm4_cm7.o
 .debug_macro   0x00034a94      0x3ca ./Common/Src/system_stm32h7xx_dualcore_boot_cm4_cm7.o
 .debug_macro   0x00034e5e      0x4a2 ./Common/Src/system_stm32h7xx_dualcore_boot_cm4_cm7.o
 .debug_macro   0x00035300       0x51 ./Common/Src/system_stm32h7xx_dualcore_boot_cm4_cm7.o
 .debug_macro   0x00035351       0x4a ./Common/Src/system_stm32h7xx_dualcore_boot_cm4_cm7.o
 .debug_macro   0x0003539b      0x22c ./Common/Src/system_stm32h7xx_dualcore_boot_cm4_cm7.o
 .debug_macro   0x000355c7       0x67 ./Common/Src/system_stm32h7xx_dualcore_boot_cm4_cm7.o
 .debug_macro   0x0003562e       0xa5 ./Common/Src/system_stm32h7xx_dualcore_boot_cm4_cm7.o
 .debug_macro   0x000356d3      0x218 ./Common/Src/system_stm32h7xx_dualcore_boot_cm4_cm7.o
 .debug_macro   0x000358eb      0x2ea ./Common/Src/system_stm32h7xx_dualcore_boot_cm4_cm7.o
 .debug_macro   0x00035bd5       0x35 ./Common/Src/system_stm32h7xx_dualcore_boot_cm4_cm7.o
 .debug_macro   0x00035c0a      0x7a4 ./Common/Src/system_stm32h7xx_dualcore_boot_cm4_cm7.o
 .debug_macro   0x000363ae      0x3d3 ./Core/Src/main.o
 .debug_macro   0x00036781      0x40f ./Core/Src/main.o
 .debug_macro   0x00036b90      0x9dc ./Core/Src/main.o
 .debug_macro   0x0003756c      0x34a ./Core/Src/main.o
 .debug_macro   0x000378b6      0x1e0 ./Core/Src/main.o
 .debug_macro   0x00037a96      0x384 ./Core/Src/main.o
 .debug_macro   0x00037e1a       0x46 ./Core/Src/main.o
 .debug_macro   0x00037e60      0x284 ./Core/Src/main.o
 .debug_macro   0x000380e4      0x165 ./Core/Src/main.o
 .debug_macro   0x00038249      0x79a ./Core/Src/main.o
 .debug_macro   0x000389e3      0x1ae ./Core/Src/main.o
 .debug_macro   0x00038b91      0x2db ./Core/Src/main.o
 .debug_macro   0x00038e6c       0x22 ./Core/Src/main.o
 .debug_macro   0x00038e8e       0x58 ./Core/Src/main.o
 .debug_macro   0x00038ee6       0x1c ./Core/Src/main.o
 .debug_macro   0x00038f02       0x3c ./Core/Src/main.o
 .debug_macro   0x00038f3e       0x1c ./Core/Src/main.o
 .debug_macro   0x00038f5a       0x16 ./Core/Src/main.o
 .debug_macro   0x00038f70      0x146 ./Core/Src/main.o
 .debug_macro   0x000390b6       0x16 ./Core/Src/main.o
 .debug_macro   0x000390cc       0x20 ./Core/Src/main.o
 .debug_macro   0x000390ec      0x13c ./Core/Src/main.o
 .debug_macro   0x00039228      0x31b ./Core/Src/stm32h7xx_hal_msp.o
 .debug_macro   0x00039543      0x3d7 ./Core/Src/stm32h7xx_it.o
 .debug_macro   0x0003991a      0x2be ./Drivers/STM32H7xx_HAL_Driver/stm32h7xx_hal.o
 .debug_macro   0x00039bd8      0x294 ./Drivers/STM32H7xx_HAL_Driver/stm32h7xx_hal_cortex.o
 .debug_macro   0x00039e6c      0x294 ./Drivers/STM32H7xx_HAL_Driver/stm32h7xx_hal_crc.o
 .debug_macro   0x0003a100      0x294 ./Drivers/STM32H7xx_HAL_Driver/stm32h7xx_hal_crc_ex.o
 .debug_macro   0x0003a394      0x29a ./Drivers/STM32H7xx_HAL_Driver/stm32h7xx_hal_flash.o
 .debug_macro   0x0003a62e      0x29a ./Drivers/STM32H7xx_HAL_Driver/stm32h7xx_hal_flash_ex.o
 .debug_macro   0x0003a8c8      0x2cd ./Drivers/STM32H7xx_HAL_Driver/stm32h7xx_hal_pwr_ex.o
 .debug_macro   0x0003ab95      0x2b8 ./Drivers/STM32H7xx_HAL_Driver/stm32h7xx_hal_rcc.o
 .debug_macro   0x0003ae4d      0x2b2 ./Drivers/STM32H7xx_HAL_Driver/stm32h7xx_hal_rcc_ex.o
 .debug_macro   0x0003b0ff      0x2d6 ./Drivers/STM32H7xx_HAL_Driver/stm32h7xx_ll_gpio.o
 .debug_macro   0x0003b3d5      0x15f ./Drivers/STM32H7xx_HAL_Driver/stm32h7xx_ll_gpio.o
 .debug_macro   0x0003b534      0x2d0 ./Drivers/STM32H7xx_HAL_Driver/stm32h7xx_ll_rcc.o
 .debug_macro   0x0003b804      0x9d6 ./Drivers/STM32H7xx_HAL_Driver/stm32h7xx_ll_rcc.o
 .debug_macro   0x0003c1da      0x30f ./Drivers/STM32H7xx_HAL_Driver/stm32h7xx_ll_usart.o
 .debug_macro   0x0003c4e9      0x409 ./Drivers/STM32H7xx_HAL_Driver/stm32h7xx_ll_usart.o
 .debug_macro   0x0003c8f2       0x85 ./Source/UART/RingBuffer.o
 .debug_macro   0x0003c977      0x2ca ./Source/UART/UART.o
 .debug_macro   0x0003cc41      0x3c3 ./Source/bootloader/bootloader.o
 .debug_macro   0x0003d004      0x3cd ./Source/scheduler/scheduler.o

.debug_line     0x00000000    0x13406
 .debug_line    0x00000000      0xafa ./Common/Src/system_stm32h7xx_dualcore_boot_cm4_cm7.o
 .debug_line    0x00000afa      0xf44 ./Core/Src/main.o
 .debug_line    0x00001a3e      0x9eb ./Core/Src/stm32h7xx_hal_msp.o
 .debug_line    0x00002429      0xbef ./Core/Src/stm32h7xx_it.o
 .debug_line    0x00003018       0x7b ./Core/Startup/startup_stm32h745zitx.o
 .debug_line    0x00003093     0x1007 ./Drivers/STM32H7xx_HAL_Driver/stm32h7xx_hal.o
 .debug_line    0x0000409a      0xe9e ./Drivers/STM32H7xx_HAL_Driver/stm32h7xx_hal_cortex.o
 .debug_line    0x00004f38      0xb8f ./Drivers/STM32H7xx_HAL_Driver/stm32h7xx_hal_crc.o
 .debug_line    0x00005ac7      0x98d ./Drivers/STM32H7xx_HAL_Driver/stm32h7xx_hal_crc_ex.o
 .debug_line    0x00006454      0xe36 ./Drivers/STM32H7xx_HAL_Driver/stm32h7xx_hal_flash.o
 .debug_line    0x0000728a     0x1291 ./Drivers/STM32H7xx_HAL_Driver/stm32h7xx_hal_flash_ex.o
 .debug_line    0x0000851b     0x1171 ./Drivers/STM32H7xx_HAL_Driver/stm32h7xx_hal_pwr_ex.o
 .debug_line    0x0000968c     0x154f ./Drivers/STM32H7xx_HAL_Driver/stm32h7xx_hal_rcc.o
 .debug_line    0x0000abdb     0x1e73 ./Drivers/STM32H7xx_HAL_Driver/stm32h7xx_hal_rcc_ex.o
 .debug_line    0x0000ca4e      0xae1 ./Drivers/STM32H7xx_HAL_Driver/stm32h7xx_ll_gpio.o
 .debug_line    0x0000d52f     0x1fe2 ./Drivers/STM32H7xx_HAL_Driver/stm32h7xx_ll_rcc.o
 .debug_line    0x0000f511      0xb79 ./Drivers/STM32H7xx_HAL_Driver/stm32h7xx_ll_usart.o
 .debug_line    0x0001008a      0x56e ./Source/UART/RingBuffer.o
 .debug_line    0x000105f8      0xd95 ./Source/UART/UART.o
 .debug_line    0x0001138d     0x1419 ./Source/bootloader/bootloader.o
 .debug_line    0x000127a6      0xc60 ./Source/scheduler/scheduler.o

.debug_str      0x00000000   0x187ab3
 .debug_str     0x00000000   0x187ab3 ./Common/Src/system_stm32h7xx_dualcore_boot_cm4_cm7.o
                             0x16e9c3 (size before relaxing)
 .debug_str     0x00187ab3   0x1836ed ./Core/Src/main.o
 .debug_str     0x00187ab3   0x1813fb ./Core/Src/stm32h7xx_hal_msp.o
 .debug_str     0x00187ab3   0x181ef7 ./Core/Src/stm32h7xx_it.o
 .debug_str     0x00187ab3       0x6e ./Core/Startup/startup_stm32h745zitx.o
 .debug_str     0x00187ab3   0x16fa21 ./Drivers/STM32H7xx_HAL_Driver/stm32h7xx_hal.o
 .debug_str     0x00187ab3   0x16f288 ./Drivers/STM32H7xx_HAL_Driver/stm32h7xx_hal_cortex.o
 .debug_str     0x00187ab3   0x16e658 ./Drivers/STM32H7xx_HAL_Driver/stm32h7xx_hal_crc.o
 .debug_str     0x00187ab3   0x16e5fe ./Drivers/STM32H7xx_HAL_Driver/stm32h7xx_hal_crc_ex.o
 .debug_str     0x00187ab3   0x16e8e5 ./Drivers/STM32H7xx_HAL_Driver/stm32h7xx_hal_flash.o
 .debug_str     0x00187ab3   0x16ebee ./Drivers/STM32H7xx_HAL_Driver/stm32h7xx_hal_flash_ex.o
 .debug_str     0x00187ab3   0x16ee2d ./Drivers/STM32H7xx_HAL_Driver/stm32h7xx_hal_pwr_ex.o
 .debug_str     0x00187ab3   0x16eca3 ./Drivers/STM32H7xx_HAL_Driver/stm32h7xx_hal_rcc.o
 .debug_str     0x00187ab3   0x16f1d8 ./Drivers/STM32H7xx_HAL_Driver/stm32h7xx_hal_rcc_ex.o
 .debug_str     0x00187ab3   0x170a9d ./Drivers/STM32H7xx_HAL_Driver/stm32h7xx_ll_gpio.o
 .debug_str     0x00187ab3   0x178017 ./Drivers/STM32H7xx_HAL_Driver/stm32h7xx_ll_rcc.o
 .debug_str     0x00187ab3   0x179535 ./Drivers/STM32H7xx_HAL_Driver/stm32h7xx_ll_usart.o
 .debug_str     0x00187ab3     0x47aa ./Source/UART/RingBuffer.o
 .debug_str     0x00187ab3   0x1701bc ./Source/UART/UART.o
 .debug_str     0x00187ab3   0x182939 ./Source/bootloader/bootloader.o
 .debug_str     0x00187ab3   0x18201d ./Source/scheduler/scheduler.o

.comment        0x00000000       0x43
 .comment       0x00000000       0x43 ./Common/Src/system_stm32h7xx_dualcore_boot_cm4_cm7.o
                                 0x44 (size before relaxing)
 .comment       0x00000043       0x44 ./Core/Src/main.o
 .comment       0x00000043       0x44 ./Core/Src/stm32h7xx_hal_msp.o
 .comment       0x00000043       0x44 ./Core/Src/stm32h7xx_it.o
 .comment       0x00000043       0x44 ./Drivers/STM32H7xx_HAL_Driver/stm32h7xx_hal.o
 .comment       0x00000043       0x44 ./Drivers/STM32H7xx_HAL_Driver/stm32h7xx_hal_cortex.o
 .comment       0x00000043       0x44 ./Drivers/STM32H7xx_HAL_Driver/stm32h7xx_hal_crc.o
 .comment       0x00000043       0x44 ./Drivers/STM32H7xx_HAL_Driver/stm32h7xx_hal_crc_ex.o
 .comment       0x00000043       0x44 ./Drivers/STM32H7xx_HAL_Driver/stm32h7xx_hal_flash.o
 .comment       0x00000043       0x44 ./Drivers/STM32H7xx_HAL_Driver/stm32h7xx_hal_flash_ex.o
 .comment       0x00000043       0x44 ./Drivers/STM32H7xx_HAL_Driver/stm32h7xx_hal_pwr_ex.o
 .comment       0x00000043       0x44 ./Drivers/STM32H7xx_HAL_Driver/stm32h7xx_hal_rcc.o
 .comment       0x00000043       0x44 ./Drivers/STM32H7xx_HAL_Driver/stm32h7xx_hal_rcc_ex.o
 .comment       0x00000043       0x44 ./Drivers/STM32H7xx_HAL_Driver/stm32h7xx_ll_gpio.o
 .comment       0x00000043       0x44 ./Drivers/STM32H7xx_HAL_Driver/stm32h7xx_ll_rcc.o
 .comment       0x00000043       0x44 ./Drivers/STM32H7xx_HAL_Driver/stm32h7xx_ll_usart.o
 .comment       0x00000043       0x44 ./Source/UART/RingBuffer.o
 .comment       0x00000043       0x44 ./Source/UART/UART.o
 .comment       0x00000043       0x44 ./Source/bootloader/bootloader.o
 .comment       0x00000043       0x44 ./Source/scheduler/scheduler.o

.debug_frame    0x00000000     0x4298
 .debug_frame   0x00000000       0x78 ./Common/Src/system_stm32h7xx_dualcore_boot_cm4_cm7.o
 .debug_frame   0x00000078      0x2f8 ./Core/Src/main.o
 .debug_frame   0x00000370       0x88 ./Core/Src/stm32h7xx_hal_msp.o
 .debug_frame   0x000003f8      0x120 ./Core/Src/stm32h7xx_it.o
 .debug_frame   0x00000518      0x848 ./Drivers/STM32H7xx_HAL_Driver/stm32h7xx_hal.o
 .debug_frame   0x00000d60      0x508 ./Drivers/STM32H7xx_HAL_Driver/stm32h7xx_hal_cortex.o
 .debug_frame   0x00001268      0x168 ./Drivers/STM32H7xx_HAL_Driver/stm32h7xx_hal_crc.o
 .debug_frame   0x000013d0       0x88 ./Drivers/STM32H7xx_HAL_Driver/stm32h7xx_hal_crc_ex.o
 .debug_frame   0x00001458      0x200 ./Drivers/STM32H7xx_HAL_Driver/stm32h7xx_hal_flash.o
 .debug_frame   0x00001658      0x484 ./Drivers/STM32H7xx_HAL_Driver/stm32h7xx_hal_flash_ex.o
 .debug_frame   0x00001adc      0x5ec ./Drivers/STM32H7xx_HAL_Driver/stm32h7xx_hal_pwr_ex.o
 .debug_frame   0x000020c8      0x1f8 ./Drivers/STM32H7xx_HAL_Driver/stm32h7xx_hal_rcc.o
 .debug_frame   0x000022c0      0x43c ./Drivers/STM32H7xx_HAL_Driver/stm32h7xx_hal_rcc_ex.o
 .debug_frame   0x000026fc      0x1c0 ./Drivers/STM32H7xx_HAL_Driver/stm32h7xx_ll_gpio.o
 .debug_frame   0x000028bc      0xd58 ./Drivers/STM32H7xx_HAL_Driver/stm32h7xx_ll_rcc.o
 .debug_frame   0x00003614      0x238 ./Drivers/STM32H7xx_HAL_Driver/stm32h7xx_ll_usart.o
 .debug_frame   0x0000384c      0x100 ./Source/UART/RingBuffer.o
 .debug_frame   0x0000394c      0x404 ./Source/UART/UART.o
 .debug_frame   0x00003d50      0x350 ./Source/bootloader/bootloader.o
 .debug_frame   0x000040a0      0x158 ./Source/scheduler/scheduler.o
 .debug_frame   0x000041f8       0x20 C:/ST/STM32CubeIDE_1.17.0/STM32CubeIDE/plugins/com.st.stm32cube.ide.mcu.externaltools.gnu-tools-for-stm32.13.3.rel1.win32_1.0.0.202411081344/tools/bin/../lib/gcc/arm-none-eabi/13.3.1/../../../../arm-none-eabi/lib/thumb/v7e-m+dp/hard\libc_nano.a(libc_a-memset.o)
 .debug_frame   0x00004218       0x2c C:/ST/STM32CubeIDE_1.17.0/STM32CubeIDE/plugins/com.st.stm32cube.ide.mcu.externaltools.gnu-tools-for-stm32.13.3.rel1.win32_1.0.0.202411081344/tools/bin/../lib/gcc/arm-none-eabi/13.3.1/../../../../arm-none-eabi/lib/thumb/v7e-m+dp/hard\libc_nano.a(libc_a-init.o)
 .debug_frame   0x00004244       0x28 C:/ST/STM32CubeIDE_1.17.0/STM32CubeIDE/plugins/com.st.stm32cube.ide.mcu.externaltools.gnu-tools-for-stm32.13.3.rel1.win32_1.0.0.202411081344/tools/bin/../lib/gcc/arm-none-eabi/13.3.1/../../../../arm-none-eabi/lib/thumb/v7e-m+dp/hard\libc_nano.a(libc_a-memcpy-stub.o)
 .debug_frame   0x0000426c       0x2c C:/ST/STM32CubeIDE_1.17.0/STM32CubeIDE/plugins/com.st.stm32cube.ide.mcu.externaltools.gnu-tools-for-stm32.13.3.rel1.win32_1.0.0.202411081344/tools/bin/../lib/gcc/arm-none-eabi/13.3.1/../../../../arm-none-eabi/lib/thumb/v7e-m+dp/hard\libm.a(libm_a-s_ceil.o)

.debug_line_str
                0x00000000       0x52
 .debug_line_str
                0x00000000       0x52 ./Core/Startup/startup_stm32h745zitx.o
