Archive member included to satisfy reference by file (symbol)

C:/ST/STM32CubeIDE_1.17.0/STM32CubeIDE/plugins/com.st.stm32cube.ide.mcu.externaltools.gnu-tools-for-stm32.13.3.rel1.win32_1.0.0.202411081344/tools/bin/../lib/gcc/arm-none-eabi/13.3.1/../../../../arm-none-eabi/lib/thumb/v7e-m+dp/hard\libc_nano.a(libc_a-atoi.o)
                              ./Source/CMDLine/command.o (atoi)
C:/ST/STM32CubeIDE_1.17.0/STM32CubeIDE/plugins/com.st.stm32cube.ide.mcu.externaltools.gnu-tools-for-stm32.13.3.rel1.win32_1.0.0.202411081344/tools/bin/../lib/gcc/arm-none-eabi/13.3.1/../../../../arm-none-eabi/lib/thumb/v7e-m+dp/hard\libc_nano.a(libc_a-exit.o)
                              C:/ST/STM32CubeIDE_1.17.0/STM32CubeIDE/plugins/com.st.stm32cube.ide.mcu.externaltools.gnu-tools-for-stm32.13.3.rel1.win32_1.0.0.202411081344/tools/bin/../lib/gcc/arm-none-eabi/13.3.1/../../../../arm-none-eabi/lib/thumb/v7e-m+dp/hard/crt0.o (exit)
C:/ST/STM32CubeIDE_1.17.0/STM32CubeIDE/plugins/com.st.stm32cube.ide.mcu.externaltools.gnu-tools-for-stm32.13.3.rel1.win32_1.0.0.202411081344/tools/bin/../lib/gcc/arm-none-eabi/13.3.1/../../../../arm-none-eabi/lib/thumb/v7e-m+dp/hard\libc_nano.a(libc_a-strtol.o)
                              C:/ST/STM32CubeIDE_1.17.0/STM32CubeIDE/plugins/com.st.stm32cube.ide.mcu.externaltools.gnu-tools-for-stm32.13.3.rel1.win32_1.0.0.202411081344/tools/bin/../lib/gcc/arm-none-eabi/13.3.1/../../../../arm-none-eabi/lib/thumb/v7e-m+dp/hard\libc_nano.a(libc_a-atoi.o) (_strtol_r)
C:/ST/STM32CubeIDE_1.17.0/STM32CubeIDE/plugins/com.st.stm32cube.ide.mcu.externaltools.gnu-tools-for-stm32.13.3.rel1.win32_1.0.0.202411081344/tools/bin/../lib/gcc/arm-none-eabi/13.3.1/../../../../arm-none-eabi/lib/thumb/v7e-m+dp/hard\libc_nano.a(libc_a-ctype_.o)
                              C:/ST/STM32CubeIDE_1.17.0/STM32CubeIDE/plugins/com.st.stm32cube.ide.mcu.externaltools.gnu-tools-for-stm32.13.3.rel1.win32_1.0.0.202411081344/tools/bin/../lib/gcc/arm-none-eabi/13.3.1/../../../../arm-none-eabi/lib/thumb/v7e-m+dp/hard\libc_nano.a(libc_a-strtol.o) (_ctype_)
C:/ST/STM32CubeIDE_1.17.0/STM32CubeIDE/plugins/com.st.stm32cube.ide.mcu.externaltools.gnu-tools-for-stm32.13.3.rel1.win32_1.0.0.202411081344/tools/bin/../lib/gcc/arm-none-eabi/13.3.1/../../../../arm-none-eabi/lib/thumb/v7e-m+dp/hard\libc_nano.a(libc_a-findfp.o)
                              C:/ST/STM32CubeIDE_1.17.0/STM32CubeIDE/plugins/com.st.stm32cube.ide.mcu.externaltools.gnu-tools-for-stm32.13.3.rel1.win32_1.0.0.202411081344/tools/bin/../lib/gcc/arm-none-eabi/13.3.1/../../../../arm-none-eabi/lib/thumb/v7e-m+dp/hard\libc_nano.a(libc_a-exit.o) (__stdio_exit_handler)
C:/ST/STM32CubeIDE_1.17.0/STM32CubeIDE/plugins/com.st.stm32cube.ide.mcu.externaltools.gnu-tools-for-stm32.13.3.rel1.win32_1.0.0.202411081344/tools/bin/../lib/gcc/arm-none-eabi/13.3.1/../../../../arm-none-eabi/lib/thumb/v7e-m+dp/hard\libc_nano.a(libc_a-fwalk.o)
                              C:/ST/STM32CubeIDE_1.17.0/STM32CubeIDE/plugins/com.st.stm32cube.ide.mcu.externaltools.gnu-tools-for-stm32.13.3.rel1.win32_1.0.0.202411081344/tools/bin/../lib/gcc/arm-none-eabi/13.3.1/../../../../arm-none-eabi/lib/thumb/v7e-m+dp/hard\libc_nano.a(libc_a-findfp.o) (_fwalk_sglue)
C:/ST/STM32CubeIDE_1.17.0/STM32CubeIDE/plugins/com.st.stm32cube.ide.mcu.externaltools.gnu-tools-for-stm32.13.3.rel1.win32_1.0.0.202411081344/tools/bin/../lib/gcc/arm-none-eabi/13.3.1/../../../../arm-none-eabi/lib/thumb/v7e-m+dp/hard\libc_nano.a(libc_a-stdio.o)
                              C:/ST/STM32CubeIDE_1.17.0/STM32CubeIDE/plugins/com.st.stm32cube.ide.mcu.externaltools.gnu-tools-for-stm32.13.3.rel1.win32_1.0.0.202411081344/tools/bin/../lib/gcc/arm-none-eabi/13.3.1/../../../../arm-none-eabi/lib/thumb/v7e-m+dp/hard\libc_nano.a(libc_a-findfp.o) (__sread)
C:/ST/STM32CubeIDE_1.17.0/STM32CubeIDE/plugins/com.st.stm32cube.ide.mcu.externaltools.gnu-tools-for-stm32.13.3.rel1.win32_1.0.0.202411081344/tools/bin/../lib/gcc/arm-none-eabi/13.3.1/../../../../arm-none-eabi/lib/thumb/v7e-m+dp/hard\libc_nano.a(libc_a-memset.o)
                              C:/ST/STM32CubeIDE_1.17.0/STM32CubeIDE/plugins/com.st.stm32cube.ide.mcu.externaltools.gnu-tools-for-stm32.13.3.rel1.win32_1.0.0.202411081344/tools/bin/../lib/gcc/arm-none-eabi/13.3.1/../../../../arm-none-eabi/lib/thumb/v7e-m+dp/hard/crt0.o (memset)
C:/ST/STM32CubeIDE_1.17.0/STM32CubeIDE/plugins/com.st.stm32cube.ide.mcu.externaltools.gnu-tools-for-stm32.13.3.rel1.win32_1.0.0.202411081344/tools/bin/../lib/gcc/arm-none-eabi/13.3.1/../../../../arm-none-eabi/lib/thumb/v7e-m+dp/hard\libc_nano.a(libc_a-closer.o)
                              C:/ST/STM32CubeIDE_1.17.0/STM32CubeIDE/plugins/com.st.stm32cube.ide.mcu.externaltools.gnu-tools-for-stm32.13.3.rel1.win32_1.0.0.202411081344/tools/bin/../lib/gcc/arm-none-eabi/13.3.1/../../../../arm-none-eabi/lib/thumb/v7e-m+dp/hard\libc_nano.a(libc_a-stdio.o) (_close_r)
[...]
Memory Configuration

Name             Origin             Length             Attributes
RAM_D1           0x24000000         0x00080000         xrw
FLASH            0x08040000         0x000c0000         xr
DTCMRAM          0x20000000         0x00020000         xrw
RAM_D2           0x30000000         0x00048000         xrw
RAM_D3           0x38000000         0x00010000         xrw
ITCMRAM          0x00000000         0x00010000         xrw
*default*        0x00000000         0xffffffff

Linker script and memory map

LOAD C:/ST/STM32CubeIDE_1.17.0/STM32CubeIDE/plugins/com.st.stm32cube.ide.mcu.externaltools.gnu-tools-for-stm32.13.3.rel1.win32_1.0.0.202411081344/tools/bin/../lib/gcc/arm-none-eabi/13.3.1/thumb/v7e-m+dp/hard/crti.o
LOAD C:/ST/STM32CubeIDE_1.17.0/STM32CubeIDE/plugins/com.st.stm32cube.ide.mcu.externaltools.gnu-tools-for-stm32.13.3.rel1.win32_1.0.0.202411081344/tools/bin/../lib/gcc/arm-none-eabi/13.3.1/thumb/v7e-m+dp/hard/crtbegin.o
LOAD C:/ST/STM32CubeIDE_1.17.0/STM32CubeIDE/plugins/com.st.stm32cube.ide.mcu.externaltools.gnu-tools-for-stm32.13.3.rel1.win32_1.0.0.202411081344/tools/bin/../lib/gcc/arm-none-eabi/13.3.1/../../../../arm-none-eabi/lib/thumb/v7e-m+dp/hard/crt0.o
LOAD ./Common/Src/system_stm32h7xx_dualcore_boot_cm4_cm7.o
LOAD ./Core/Src/main.o
LOAD ./Core/Src/stm32h7xx_hal_msp.o
LOAD ./Core/Src/stm32h7xx_it.o
LOAD ./Core/Src/syscalls.o
LOAD ./Core/Src/sysmem.o
LOAD ./Core/Startup/startup_stm32h745zitx.o
LOAD ./Drivers/STM32H7xx_HAL_Driver/stm32h7xx_hal.o
LOAD ./Drivers/STM32H7xx_HAL_Driver/stm32h7xx_hal_cortex.o
LOAD ./Drivers/STM32H7xx_HAL_Driver/stm32h7xx_hal_dma.o
LOAD ./Drivers/STM32H7xx_HAL_Driver/stm32h7xx_hal_dma_ex.o
LOAD ./Drivers/STM32H7xx_HAL_Driver/stm32h7xx_hal_exti.o
LOAD ./Drivers/STM32H7xx_HAL_Driver/stm32h7xx_hal_flash.o
LOAD ./Drivers/STM32H7xx_HAL_Driver/stm32h7xx_hal_flash_ex.o
LOAD ./Drivers/STM32H7xx_HAL_Driver/stm32h7xx_hal_gpio.o
LOAD ./Drivers/STM32H7xx_HAL_Driver/stm32h7xx_hal_hsem.o
LOAD ./Drivers/STM32H7xx_HAL_Driver/stm32h7xx_hal_i2c.o
LOAD ./Drivers/STM32H7xx_HAL_Driver/stm32h7xx_hal_i2c_ex.o
LOAD ./Drivers/STM32H7xx_HAL_Driver/stm32h7xx_hal_mdma.o
LOAD ./Drivers/STM32H7xx_HAL_Driver/stm32h7xx_hal_pwr.o
LOAD ./Drivers/STM32H7xx_HAL_Driver/stm32h7xx_hal_pwr_ex.o
LOAD ./Drivers/STM32H7xx_HAL_Driver/stm32h7xx_hal_rcc.o
LOAD ./Drivers/STM32H7xx_HAL_Driver/stm32h7xx_hal_rcc_ex.o
LOAD ./Drivers/STM32H7xx_HAL_Driver/stm32h7xx_ll_dma.o
LOAD ./Drivers/STM32H7xx_HAL_Driver/stm32h7xx_ll_exti.o
LOAD ./Drivers/STM32H7xx_HAL_Driver/stm32h7xx_ll_gpio.o
LOAD ./Drivers/STM32H7xx_HAL_Driver/stm32h7xx_ll_rcc.o
LOAD ./Drivers/STM32H7xx_HAL_Driver/stm32h7xx_ll_usart.o
LOAD ./Drivers/STM32H7xx_HAL_Driver/stm32h7xx_ll_utils.o
LOAD ./Source/CMDLine/cmdline.o
LOAD ./Source/CMDLine/command.o
LOAD ./Source/UART/RingBuffer.o
LOAD ./Source/UART/UART.o
LOAD ./Source/bootmode/bootmode.o
LOAD ./Source/scheduler/scheduler.o
START GROUP
LOAD C:/ST/STM32CubeIDE_1.17.0/STM32CubeIDE/plugins/com.st.stm32cube.ide.mcu.externaltools.gnu-tools-for-stm32.13.3.rel1.win32_1.0.0.202411081344/tools/bin/../lib/gcc/arm-none-eabi/13.3.1/../../../../arm-none-eabi/lib/thumb/v7e-m+dp/hard\libc_nano.a
LOAD C:/ST/STM32CubeIDE_1.17.0/STM32CubeIDE/plugins/com.st.stm32cube.ide.mcu.externaltools.gnu-tools-for-stm32.13.3.rel1.win32_1.0.0.202411081344/tools/bin/../lib/gcc/arm-none-eabi/13.3.1/../../../../arm-none-eabi/lib/thumb/v7e-m+dp/hard\libm.a
END GROUP
START GROUP
LOAD C:/ST/STM32CubeIDE_1.17.0/STM32CubeIDE/plugins/com.st.stm32cube.ide.mcu.externaltools.gnu-tools-for-stm32.13.3.rel1.win32_1.0.0.202411081344/tools/bin/../lib/gcc/arm-none-eabi/13.3.1/thumb/v7e-m+dp/hard\libgcc.a
LOAD C:/ST/STM32CubeIDE_1.17.0/STM32CubeIDE/plugins/com.st.stm32cube.ide.mcu.externaltools.gnu-tools-for-stm32.13.3.rel1.win32_1.0.0.202411081344/tools/bin/../lib/gcc/arm-none-eabi/13.3.1/../../../../arm-none-eabi/lib/thumb/v7e-m+dp/hard\libc_nano.a
END GROUP
START GROUP
LOAD C:/ST/STM32CubeIDE_1.17.0/STM32CubeIDE/plugins/com.st.stm32cube.ide.mcu.externaltools.gnu-tools-for-stm32.13.3.rel1.win32_1.0.0.202411081344/tools/bin/../lib/gcc/arm-none-eabi/13.3.1/thumb/v7e-m+dp/hard\libgcc.a
LOAD C:/ST/STM32CubeIDE_1.17.0/STM32CubeIDE/plugins/com.st.stm32cube.ide.mcu.externaltools.gnu-tools-for-stm32.13.3.rel1.win32_1.0.0.202411081344/tools/bin/../lib/gcc/arm-none-eabi/13.3.1/../../../../arm-none-eabi/lib/thumb/v7e-m+dp/hard\libc_nano.a
LOAD C:/ST/STM32CubeIDE_1.17.0/STM32CubeIDE/plugins/com.st.stm32cube.ide.mcu.externaltools.gnu-tools-for-stm32.13.3.rel1.win32_1.0.0.202411081344/tools/bin/../lib/gcc/arm-none-eabi/13.3.1/../../../../arm-none-eabi/lib/thumb/v7e-m+dp/hard\libnosys.a
END GROUP
START GROUP
LOAD C:/ST/STM32CubeIDE_1.17.0/STM32CubeIDE/plugins/com.st.stm32cube.ide.mcu.externaltools.gnu-tools-for-stm32.13.3.rel1.win32_1.0.0.202411081344/tools/bin/../lib/gcc/arm-none-eabi/13.3.1/thumb/v7e-m+dp/hard\libgcc.a
LOAD C:/ST/STM32CubeIDE_1.17.0/STM32CubeIDE/plugins/com.st.stm32cube.ide.mcu.externaltools.gnu-tools-for-stm32.13.3.rel1.win32_1.0.0.202411081344/tools/bin/../lib/gcc/arm-none-eabi/13.3.1/../../../../arm-none-eabi/lib/thumb/v7e-m+dp/hard\libc_nano.a
LOAD C:/ST/STM32CubeIDE_1.17.0/STM32CubeIDE/plugins/com.st.stm32cube.ide.mcu.externaltools.gnu-tools-for-stm32.13.3.rel1.win32_1.0.0.202411081344/tools/bin/../lib/gcc/arm-none-eabi/13.3.1/../../../../arm-none-eabi/lib/thumb/v7e-m+dp/hard\libnosys.a
END GROUP
LOAD C:/ST/STM32CubeIDE_1.17.0/STM32CubeIDE/plugins/com.st.stm32cube.ide.mcu.externaltools.gnu-tools-for-stm32.13.3.rel1.win32_1.0.0.202411081344/tools/bin/../lib/gcc/arm-none-eabi/13.3.1/thumb/v7e-m+dp/hard/crtend.o
LOAD C:/ST/STM32CubeIDE_1.17.0/STM32CubeIDE/plugins/com.st.stm32cube.ide.mcu.externaltools.gnu-tools-for-stm32.13.3.rel1.win32_1.0.0.202411081344/tools/bin/../lib/gcc/arm-none-eabi/13.3.1/thumb/v7e-m+dp/hard/crtn.o
                0x24080000                        _estack = (ORIGIN (RAM_D1) + LENGTH (RAM_D1))
                0x00000200                        _Min_Heap_Size = 0x200
                0x00000400                        _Min_Stack_Size = 0x400

.isr_vector     0x08040000      0x298
                0x08040000                        . = ALIGN (0x4)
 *(.isr_vector)
 .isr_vector    0x08040000      0x298 ./Core/Startup/startup_stm32h745zitx.o
                0x08040000                g_pfnVectors
                0x08040298                        . = ALIGN (0x4)

.text           0x08040298     0x59ac
                0x08040298                        . = ALIGN (0x4)
 *(.text)
 .text          0x08040298       0x40 C:/ST/STM32CubeIDE_1.17.0/STM32CubeIDE/plugins/com.st.stm32cube.ide.mcu.externaltools.gnu-tools-for-stm32.13.3.rel1.win32_1.0.0.202411081344/tools/bin/../lib/gcc/arm-none-eabi/13.3.1/thumb/v7e-m+dp/hard/crtbegin.o
 .text          0x080402d8       0x14 C:/ST/STM32CubeIDE_1.17.0/STM32CubeIDE/plugins/com.st.stm32cube.ide.mcu.externaltools.gnu-tools-for-stm32.13.3.rel1.win32_1.0.0.202411081344/tools/bin/../lib/gcc/arm-none-eabi/13.3.1/../../../../arm-none-eabi/lib/thumb/v7e-m+dp/hard\libc_nano.a(libc_a-strcmp.o)
                0x080402d8                strcmp
 *(.text*)
 .text.SystemInit
                0x080402ec      0x15c ./Common/Src/system_stm32h7xx_dualcore_boot_cm4_cm7.o
                0x080402ec                SystemInit
 .text.ExitRun0Mode
                0x08040448       0x34 ./Common/Src/system_stm32h7xx_dualcore_boot_cm4_cm7.o
                0x08040448                ExitRun0Mode
 .text.__NVIC_GetPriorityGrouping
                0x0804047c       0x1c ./Core/Src/main.o
 .text.__NVIC_EnableIRQ
                0x08040498       0x3c ./Core/Src/main.o
 .text.__NVIC_SetPriority
                0x080404d4       0x54 ./Core/Src/main.o
 .text.NVIC_EncodePriority
                0x08040528       0x66 ./Core/Src/main.o
 .text.LL_USART_Enable
                0x0804058e       0x20 ./Core/Src/main.o
 .text.LL_USART_DisableFIFO
                0x080405ae       0x20 ./Core/Src/main.o
 .text.LL_USART_SetTXFIFOThreshold
                0x080405ce       0x4e ./Core/Src/main.o
 .text.LL_USART_SetRXFIFOThreshold
                0x0804061c       0x4e ./Core/Src/main.o
 .text.LL_USART_ConfigAsyncMode
                0x0804066a       0x2c ./Core/Src/main.o
 .text.LL_USART_IsActiveFlag_TEACK
                0x08040696       0x28 ./Core/Src/main.o
 .text.LL_USART_IsActiveFlag_REACK
                0x080406be       0x28 ./Core/Src/main.o
 *fill*         0x080406e6        0x2 
 .text.LL_AHB4_GRP1_EnableClock
                0x080406e8       0x38 ./Core/Src/main.o
 .text.LL_APB1_GRP1_EnableClock
                0x08040720       0x38 ./Core/Src/main.o
 .text.Status_Led
                0x08040758       0x20 ./Core/Src/main.o
 .text.main     0x08040778       0x70 ./Core/Src/main.o
                0x08040778                main
 .text.SystemClock_Config
                0x080407e8       0xf8 ./Core/Src/main.o
                0x080407e8                SystemClock_Config
 .text.MX_USART2_UART_Init
                0x080408e0      0x178 ./Core/Src/main.o
 .text.MX_GPIO_Init
                0x08040a58       0xac ./Core/Src/main.o
 .text.MPU_Config
                0x08040b04       0x58 ./Core/Src/main.o
 .text.Error_Handler
                0x08040b5c        0xc ./Core/Src/main.o
                0x08040b5c                Error_Handler
 .text.HAL_MspInit
                0x08040b68       0x34 ./Core/Src/stm32h7xx_hal_msp.o
                0x08040b68                HAL_MspInit
 .text.NMI_Handler
                0x08040b9c        0x8 ./Core/Src/stm32h7xx_it.o
                0x08040b9c                NMI_Handler
 .text.HardFault_Handler
                0x08040ba4        0x8 ./Core/Src/stm32h7xx_it.o
                0x08040ba4                HardFault_Handler
 .text.MemManage_Handler
                0x08040bac        0x8 ./Core/Src/stm32h7xx_it.o
                0x08040bac                MemManage_Handler
 .text.BusFault_Handler
                0x08040bb4        0x8 ./Core/Src/stm32h7xx_it.o
                0x08040bb4                BusFault_Handler
 .text.UsageFault_Handler
                0x08040bbc        0x8 ./Core/Src/stm32h7xx_it.o
                0x08040bbc                UsageFault_Handler
 .text.SVC_Handler
                0x08040bc4        0xe ./Core/Src/stm32h7xx_it.o
                0x08040bc4                SVC_Handler
 .text.DebugMon_Handler
                0x08040bd2        0xe ./Core/Src/stm32h7xx_it.o
                0x08040bd2                DebugMon_Handler
 .text.PendSV_Handler
                0x08040be0        0xe ./Core/Src/stm32h7xx_it.o
                0x08040be0                PendSV_Handler
 .text.SysTick_Handler
                0x08040bee       0x10 ./Core/Src/stm32h7xx_it.o
                0x08040bee                SysTick_Handler
 .text.USART2_IRQHandler
                0x08040bfe        0xc ./Core/Src/stm32h7xx_it.o
                0x08040bfe                USART2_IRQHandler
 *fill*         0x08040c0a        0x2 
 .text.Reset_Handler
                0x08040c0c       0x54 ./Core/Startup/startup_stm32h745zitx.o
                0x08040c0c                Reset_Handler
 .text.Default_Handler
                0x08040c60        0x2 ./Core/Startup/startup_stm32h745zitx.o
                0x08040c60                RTC_Alarm_IRQHandler
                0x08040c60                EXTI2_IRQHandler
                0x08040c60                TIM8_CC_IRQHandler
                0x08040c60                HRTIM1_Master_IRQHandler
                0x08040c60                UART8_IRQHandler
                0x08040c60                SPI4_IRQHandler
                0x08040c60                TIM1_CC_IRQHandler
                0x08040c60                BDMA_Channel6_IRQHandler
                0x08040c60                DMA2_Stream5_IRQHandler
                0x08040c60                HRTIM1_FLT_IRQHandler
                0x08040c60                JPEG_IRQHandler
                0x08040c60                DMA1_Stream5_IRQHandler
                0x08040c60                BDMA_Channel1_IRQHandler
                0x08040c60                HRTIM1_TIMD_IRQHandler
                0x08040c60                TAMP_STAMP_IRQHandler
                0x08040c60                EXTI3_IRQHandler
                0x08040c60                LPTIM4_IRQHandler
                0x08040c60                TIM8_TRG_COM_TIM14_IRQHandler
                0x08040c60                LPTIM2_IRQHandler
                0x08040c60                DFSDM1_FLT1_IRQHandler
                0x08040c60                DMAMUX2_OVR_IRQHandler
                0x08040c60                TIM8_UP_TIM13_IRQHandler
                0x08040c60                I2C3_ER_IRQHandler
                0x08040c60                DFSDM1_FLT2_IRQHandler
                0x08040c60                MDMA_IRQHandler
                0x08040c60                LPTIM3_IRQHandler
                0x08040c60                HSEM1_IRQHandler
                0x08040c60                EXTI0_IRQHandler
                0x08040c60                I2C2_EV_IRQHandler
                0x08040c60                DMA1_Stream2_IRQHandler
                0x08040c60                FPU_IRQHandler
                0x08040c60                OTG_HS_WKUP_IRQHandler
                0x08040c60                FDCAN1_IT1_IRQHandler
                0x08040c60                LTDC_ER_IRQHandler
                0x08040c60                DMA2_Stream2_IRQHandler
                0x08040c60                HRTIM1_TIME_IRQHandler
                0x08040c60                SPI1_IRQHandler
                0x08040c60                TIM6_DAC_IRQHandler
                0x08040c60                DCMI_IRQHandler
                0x08040c60                HRTIM1_TIMC_IRQHandler
                0x08040c60                DMA2_Stream3_IRQHandler
                0x08040c60                SAI2_IRQHandler
                0x08040c60                DFSDM1_FLT3_IRQHandler
                0x08040c60                USART6_IRQHandler
                0x08040c60                TIM17_IRQHandler
                0x08040c60                USART3_IRQHandler
                0x08040c60                BDMA_Channel7_IRQHandler
                0x08040c60                LPTIM5_IRQHandler
                0x08040c60                UART5_IRQHandler
                0x08040c60                ADC3_IRQHandler
                0x08040c60                DMA2_Stream0_IRQHandler
                0x08040c60                TIM4_IRQHandler
                0x08040c60                BDMA_Channel2_IRQHandler
                0x08040c60                QUADSPI_IRQHandler
                0x08040c60                I2C1_EV_IRQHandler
                0x08040c60                DMA1_Stream6_IRQHandler
                0x08040c60                DMAMUX1_OVR_IRQHandler
                0x08040c60                DMA1_Stream1_IRQHandler
                0x08040c60                TIM16_IRQHandler
                0x08040c60                UART4_IRQHandler
                0x08040c60                BDMA_Channel5_IRQHandler
                0x08040c60                TIM3_IRQHandler
                0x08040c60                RCC_IRQHandler
                0x08040c60                TIM8_BRK_TIM12_IRQHandler
                0x08040c60                TIM1_TRG_COM_IRQHandler
                0x08040c60                Default_Handler
                0x08040c60                ECC_IRQHandler
                0x08040c60                CEC_IRQHandler
                0x08040c60                EXTI15_10_IRQHandler
                0x08040c60                BDMA_Channel0_IRQHandler
                0x08040c60                ADC_IRQHandler
                0x08040c60                DMA1_Stream7_IRQHandler
                0x08040c60                HRTIM1_TIMA_IRQHandler
                0x08040c60                SPI5_IRQHandler
                0x08040c60                TIM7_IRQHandler
                0x08040c60                SDMMC1_IRQHandler
                0x08040c60                TIM5_IRQHandler
                0x08040c60                DMA2_Stream7_IRQHandler
                0x08040c60                TIM15_IRQHandler
                0x08040c60                PVD_AVD_IRQHandler
                0x08040c60                I2C3_EV_IRQHandler
                0x08040c60                EXTI9_5_IRQHandler
                0x08040c60                RTC_WKUP_IRQHandler
                0x08040c60                LTDC_IRQHandler
                0x08040c60                SAI3_IRQHandler
                0x08040c60                ETH_WKUP_IRQHandler
                0x08040c60                SPDIF_RX_IRQHandler
                0x08040c60                SPI2_IRQHandler
                0x08040c60                OTG_HS_EP1_IN_IRQHandler
                0x08040c60                DMA1_Stream0_IRQHandler
                0x08040c60                CRS_IRQHandler
                0x08040c60                CM7_SEV_IRQHandler
                0x08040c60                EXTI4_IRQHandler
                0x08040c60                RNG_IRQHandler
                0x08040c60                CM4_SEV_IRQHandler
                0x08040c60                HRTIM1_TIMB_IRQHandler
                0x08040c60                FDCAN2_IT1_IRQHandler
                0x08040c60                ETH_IRQHandler
                0x08040c60                TIM1_UP_IRQHandler
                0x08040c60                WWDG_RST_IRQHandler
                0x08040c60                BDMA_Channel4_IRQHandler
                0x08040c60                OTG_HS_EP1_OUT_IRQHandler
                0x08040c60                WWDG_IRQHandler
                0x08040c60                SPI6_IRQHandler
                0x08040c60                MDIOS_IRQHandler
                0x08040c60                I2C4_EV_IRQHandler
                0x08040c60                FDCAN2_IT0_IRQHandler
                0x08040c60                LPUART1_IRQHandler
                0x08040c60                FDCAN1_IT0_IRQHandler
                0x08040c60                TIM2_IRQHandler
                0x08040c60                OTG_FS_WKUP_IRQHandler
                0x08040c60                OTG_HS_IRQHandler
                0x08040c60                HSEM2_IRQHandler
                0x08040c60                DMA2D_IRQHandler
                0x08040c60                TIM1_BRK_IRQHandler
                0x08040c60                EXTI1_IRQHandler
                0x08040c60                SDMMC2_IRQHandler
                0x08040c60                OTG_FS_EP1_OUT_IRQHandler
                0x08040c60                BDMA_Channel3_IRQHandler
                0x08040c60                HOLD_CORE_IRQHandler
                0x08040c60                UART7_IRQHandler
                0x08040c60                MDIOS_WKUP_IRQHandler
                0x08040c60                DFSDM1_FLT0_IRQHandler
                0x08040c60                SAI4_IRQHandler
                0x08040c60                I2C2_ER_IRQHandler
                0x08040c60                DMA2_Stream1_IRQHandler
                0x08040c60                FLASH_IRQHandler
                0x08040c60                DMA2_Stream4_IRQHandler
                0x08040c60                USART1_IRQHandler
                0x08040c60                OTG_FS_IRQHandler
                0x08040c60                SPI3_IRQHandler
                0x08040c60                WAKEUP_PIN_IRQHandler
                0x08040c60                DMA1_Stream4_IRQHandler
                0x08040c60                OTG_FS_EP1_IN_IRQHandler
                0x08040c60                I2C1_ER_IRQHandler
                0x08040c60                FMC_IRQHandler
                0x08040c60                FDCAN_CAL_IRQHandler
                0x08040c60                SWPMI1_IRQHandler
                0x08040c60                COMP1_IRQHandler
                0x08040c60                LPTIM1_IRQHandler
                0x08040c60                I2C4_ER_IRQHandler
                0x08040c60                DMA2_Stream6_IRQHandler
                0x08040c60                SAI1_IRQHandler
                0x08040c60                DMA1_Stream3_IRQHandler
 *fill*         0x08040c62        0x2 
 .text.HAL_Init
                0x08040c64       0x78 ./Drivers/STM32H7xx_HAL_Driver/stm32h7xx_hal.o
                0x08040c64                HAL_Init
 .text.HAL_InitTick
                0x08040cdc       0x6c ./Drivers/STM32H7xx_HAL_Driver/stm32h7xx_hal.o
                0x08040cdc                HAL_InitTick
 .text.HAL_IncTick
                0x08040d48       0x28 ./Drivers/STM32H7xx_HAL_Driver/stm32h7xx_hal.o
                0x08040d48                HAL_IncTick
 .text.HAL_GetTick
                0x08040d70       0x18 ./Drivers/STM32H7xx_HAL_Driver/stm32h7xx_hal.o
                0x08040d70                HAL_GetTick
 .text.HAL_GetREVID
                0x08040d88       0x18 ./Drivers/STM32H7xx_HAL_Driver/stm32h7xx_hal.o
                0x08040d88                HAL_GetREVID
 .text.__NVIC_SetPriorityGrouping
                0x08040da0       0x48 ./Drivers/STM32H7xx_HAL_Driver/stm32h7xx_hal_cortex.o
 .text.__NVIC_GetPriorityGrouping
                0x08040de8       0x1c ./Drivers/STM32H7xx_HAL_Driver/stm32h7xx_hal_cortex.o
 .text.__NVIC_SetPriority
                0x08040e04       0x54 ./Drivers/STM32H7xx_HAL_Driver/stm32h7xx_hal_cortex.o
 .text.NVIC_EncodePriority
                0x08040e58       0x66 ./Drivers/STM32H7xx_HAL_Driver/stm32h7xx_hal_cortex.o
 *fill*         0x08040ebe        0x2 
 .text.SysTick_Config
                0x08040ec0       0x44 ./Drivers/STM32H7xx_HAL_Driver/stm32h7xx_hal_cortex.o
 .text.HAL_NVIC_SetPriorityGrouping
                0x08040f04       0x16 ./Drivers/STM32H7xx_HAL_Driver/stm32h7xx_hal_cortex.o
                0x08040f04                HAL_NVIC_SetPriorityGrouping
 .text.HAL_NVIC_SetPriority
                0x08040f1a       0x34 ./Drivers/STM32H7xx_HAL_Driver/stm32h7xx_hal_cortex.o
                0x08040f1a                HAL_NVIC_SetPriority
 .text.HAL_SYSTICK_Config
                0x08040f4e       0x18 ./Drivers/STM32H7xx_HAL_Driver/stm32h7xx_hal_cortex.o
                0x08040f4e                HAL_SYSTICK_Config
 *fill*         0x08040f66        0x2 
 .text.HAL_MPU_Disable
                0x08040f68       0x30 ./Drivers/STM32H7xx_HAL_Driver/stm32h7xx_hal_cortex.o
                0x08040f68                HAL_MPU_Disable
 .text.HAL_MPU_Enable
                0x08040f98       0x40 ./Drivers/STM32H7xx_HAL_Driver/stm32h7xx_hal_cortex.o
                0x08040f98                HAL_MPU_Enable
 .text.HAL_MPU_ConfigRegion
                0x08040fd8       0x80 ./Drivers/STM32H7xx_HAL_Driver/stm32h7xx_hal_cortex.o
                0x08040fd8                HAL_MPU_ConfigRegion
 .text.HAL_GPIO_Init
                0x08041058      0x360 ./Drivers/STM32H7xx_HAL_Driver/stm32h7xx_hal_gpio.o
                0x08041058                HAL_GPIO_Init
 .text.HAL_GPIO_WritePin
                0x080413b8       0x32 ./Drivers/STM32H7xx_HAL_Driver/stm32h7xx_hal_gpio.o
                0x080413b8                HAL_GPIO_WritePin
 .text.HAL_GPIO_TogglePin
                0x080413ea       0x34 ./Drivers/STM32H7xx_HAL_Driver/stm32h7xx_hal_gpio.o
                0x080413ea                HAL_GPIO_TogglePin
 *fill*         0x0804141e        0x2 
 .text.HAL_HSEM_FastTake
                0x08041420       0x34 ./Drivers/STM32H7xx_HAL_Driver/stm32h7xx_hal_hsem.o
                0x08041420                HAL_HSEM_FastTake
 .text.HAL_HSEM_IsSemTaken
                0x08041454       0x2c ./Drivers/STM32H7xx_HAL_Driver/stm32h7xx_hal_hsem.o
                0x08041454                HAL_HSEM_IsSemTaken
 .text.HAL_HSEM_Release
                0x08041480       0x28 ./Drivers/STM32H7xx_HAL_Driver/stm32h7xx_hal_hsem.o
                0x08041480                HAL_HSEM_Release
 .text.HAL_PWREx_ConfigSupply
                0x080414a8       0xb4 ./Drivers/STM32H7xx_HAL_Driver/stm32h7xx_hal_pwr_ex.o
                0x080414a8                HAL_PWREx_ConfigSupply
 .text.HAL_RCC_OscConfig
                0x0804155c      0x8b4 ./Drivers/STM32H7xx_HAL_Driver/stm32h7xx_hal_rcc.o
                0x0804155c                HAL_RCC_OscConfig
 .text.HAL_RCC_ClockConfig
                0x08041e10      0x36c ./Drivers/STM32H7xx_HAL_Driver/stm32h7xx_hal_rcc.o
                0x08041e10                HAL_RCC_ClockConfig
 .text.HAL_RCC_GetSysClockFreq
                0x0804217c      0x2f4 ./Drivers/STM32H7xx_HAL_Driver/stm32h7xx_hal_rcc.o
                0x0804217c                HAL_RCC_GetSysClockFreq
 .text.HAL_RCCEx_PeriphCLKConfig
                0x08042470     0x1414 ./Drivers/STM32H7xx_HAL_Driver/stm32h7xx_hal_rcc_ex.o
                0x08042470                HAL_RCCEx_PeriphCLKConfig
 .text.RCCEx_PLL2_Config
                0x08043884      0x164 ./Drivers/STM32H7xx_HAL_Driver/stm32h7xx_hal_rcc_ex.o
 .text.RCCEx_PLL3_Config
                0x080439e8      0x164 ./Drivers/STM32H7xx_HAL_Driver/stm32h7xx_hal_rcc_ex.o
 .text.LL_GPIO_SetPinMode
                0x08043b4c       0x40 ./Drivers/STM32H7xx_HAL_Driver/stm32h7xx_ll_gpio.o
 .text.LL_GPIO_SetPinOutputType
                0x08043b8c       0x30 ./Drivers/STM32H7xx_HAL_Driver/stm32h7xx_ll_gpio.o
 .text.LL_GPIO_SetPinSpeed
                0x08043bbc       0x40 ./Drivers/STM32H7xx_HAL_Driver/stm32h7xx_ll_gpio.o
 .text.LL_GPIO_SetPinPull
                0x08043bfc       0x40 ./Drivers/STM32H7xx_HAL_Driver/stm32h7xx_ll_gpio.o
 .text.LL_GPIO_SetAFPin_0_7
                0x08043c3c       0x58 ./Drivers/STM32H7xx_HAL_Driver/stm32h7xx_ll_gpio.o
 .text.LL_GPIO_SetAFPin_8_15
                0x08043c94       0x6c ./Drivers/STM32H7xx_HAL_Driver/stm32h7xx_ll_gpio.o
 .text.LL_GPIO_Init
                0x08043d00       0xdc ./Drivers/STM32H7xx_HAL_Driver/stm32h7xx_ll_gpio.o
                0x08043d00                LL_GPIO_Init
 .text.LL_RCC_HSE_IsReady
                0x08043ddc       0x28 ./Drivers/STM32H7xx_HAL_Driver/stm32h7xx_ll_rcc.o
 .text.LL_RCC_HSI_IsReady
                0x08043e04       0x24 ./Drivers/STM32H7xx_HAL_Driver/stm32h7xx_ll_rcc.o
 .text.LL_RCC_HSI_GetDivider
                0x08043e28       0x1c ./Drivers/STM32H7xx_HAL_Driver/stm32h7xx_ll_rcc.o
 .text.LL_RCC_CSI_IsReady
                0x08043e44       0x28 ./Drivers/STM32H7xx_HAL_Driver/stm32h7xx_ll_rcc.o
 .text.LL_RCC_LSE_IsReady
                0x08043e6c       0x24 ./Drivers/STM32H7xx_HAL_Driver/stm32h7xx_ll_rcc.o
 .text.LL_RCC_GetSysClkSource
                0x08043e90       0x1c ./Drivers/STM32H7xx_HAL_Driver/stm32h7xx_ll_rcc.o
 .text.LL_RCC_GetSysPrescaler
                0x08043eac       0x1c ./Drivers/STM32H7xx_HAL_Driver/stm32h7xx_ll_rcc.o
 .text.LL_RCC_GetAHBPrescaler
                0x08043ec8       0x1c ./Drivers/STM32H7xx_HAL_Driver/stm32h7xx_ll_rcc.o
 .text.LL_RCC_GetAPB1Prescaler
                0x08043ee4       0x1c ./Drivers/STM32H7xx_HAL_Driver/stm32h7xx_ll_rcc.o
 .text.LL_RCC_GetAPB2Prescaler
                0x08043f00       0x1c ./Drivers/STM32H7xx_HAL_Driver/stm32h7xx_ll_rcc.o
 .text.LL_RCC_GetClockSource
                0x08043f1c       0x4c ./Drivers/STM32H7xx_HAL_Driver/stm32h7xx_ll_rcc.o
 .text.LL_RCC_GetUSARTClockSource
                0x08043f68       0x18 ./Drivers/STM32H7xx_HAL_Driver/stm32h7xx_ll_rcc.o
 .text.LL_RCC_PLL_GetSource
                0x08043f80       0x1c ./Drivers/STM32H7xx_HAL_Driver/stm32h7xx_ll_rcc.o
 .text.LL_RCC_PLL1P_IsEnabled
                0x08043f9c       0x28 ./Drivers/STM32H7xx_HAL_Driver/stm32h7xx_ll_rcc.o
 .text.LL_RCC_PLL1Q_IsEnabled
                0x08043fc4       0x28 ./Drivers/STM32H7xx_HAL_Driver/stm32h7xx_ll_rcc.o
 .text.LL_RCC_PLL1R_IsEnabled
                0x08043fec       0x28 ./Drivers/STM32H7xx_HAL_Driver/stm32h7xx_ll_rcc.o
 .text.LL_RCC_PLL1FRACN_IsEnabled
                0x08044014       0x24 ./Drivers/STM32H7xx_HAL_Driver/stm32h7xx_ll_rcc.o
 .text.LL_RCC_PLL1_GetN
                0x08044038       0x1c ./Drivers/STM32H7xx_HAL_Driver/stm32h7xx_ll_rcc.o
 .text.LL_RCC_PLL1_GetM
                0x08044054       0x1c ./Drivers/STM32H7xx_HAL_Driver/stm32h7xx_ll_rcc.o
 .text.LL_RCC_PLL1_GetP
                0x08044070       0x20 ./Drivers/STM32H7xx_HAL_Driver/stm32h7xx_ll_rcc.o
 .text.LL_RCC_PLL1_GetQ
                0x08044090       0x20 ./Drivers/STM32H7xx_HAL_Driver/stm32h7xx_ll_rcc.o
 .text.LL_RCC_PLL1_GetR
                0x080440b0       0x20 ./Drivers/STM32H7xx_HAL_Driver/stm32h7xx_ll_rcc.o
 .text.LL_RCC_PLL1_GetFRACN
                0x080440d0       0x1c ./Drivers/STM32H7xx_HAL_Driver/stm32h7xx_ll_rcc.o
 .text.LL_RCC_PLL2_IsReady
                0x080440ec       0x28 ./Drivers/STM32H7xx_HAL_Driver/stm32h7xx_ll_rcc.o
 .text.LL_RCC_PLL2P_IsEnabled
                0x08044114       0x28 ./Drivers/STM32H7xx_HAL_Driver/stm32h7xx_ll_rcc.o
 .text.LL_RCC_PLL2Q_IsEnabled
                0x0804413c       0x28 ./Drivers/STM32H7xx_HAL_Driver/stm32h7xx_ll_rcc.o
 .text.LL_RCC_PLL2R_IsEnabled
                0x08044164       0x28 ./Drivers/STM32H7xx_HAL_Driver/stm32h7xx_ll_rcc.o
 .text.LL_RCC_PLL2FRACN_IsEnabled
                0x0804418c       0x24 ./Drivers/STM32H7xx_HAL_Driver/stm32h7xx_ll_rcc.o
 .text.LL_RCC_PLL2_GetN
                0x080441b0       0x1c ./Drivers/STM32H7xx_HAL_Driver/stm32h7xx_ll_rcc.o
 .text.LL_RCC_PLL2_GetM
                0x080441cc       0x1c ./Drivers/STM32H7xx_HAL_Driver/stm32h7xx_ll_rcc.o
 .text.LL_RCC_PLL2_GetP
                0x080441e8       0x20 ./Drivers/STM32H7xx_HAL_Driver/stm32h7xx_ll_rcc.o
 .text.LL_RCC_PLL2_GetQ
                0x08044208       0x20 ./Drivers/STM32H7xx_HAL_Driver/stm32h7xx_ll_rcc.o
 .text.LL_RCC_PLL2_GetR
                0x08044228       0x20 ./Drivers/STM32H7xx_HAL_Driver/stm32h7xx_ll_rcc.o
 .text.LL_RCC_PLL2_GetFRACN
                0x08044248       0x1c ./Drivers/STM32H7xx_HAL_Driver/stm32h7xx_ll_rcc.o
 .text.LL_RCC_PLL3_IsReady
                0x08044264       0x28 ./Drivers/STM32H7xx_HAL_Driver/stm32h7xx_ll_rcc.o
 .text.LL_RCC_PLL3P_IsEnabled
                0x0804428c       0x28 ./Drivers/STM32H7xx_HAL_Driver/stm32h7xx_ll_rcc.o
 .text.LL_RCC_PLL3Q_IsEnabled
                0x080442b4       0x28 ./Drivers/STM32H7xx_HAL_Driver/stm32h7xx_ll_rcc.o
 .text.LL_RCC_PLL3R_IsEnabled
                0x080442dc       0x28 ./Drivers/STM32H7xx_HAL_Driver/stm32h7xx_ll_rcc.o
 .text.LL_RCC_PLL3FRACN_IsEnabled
                0x08044304       0x28 ./Drivers/STM32H7xx_HAL_Driver/stm32h7xx_ll_rcc.o
 .text.LL_RCC_PLL3_GetN
                0x0804432c       0x1c ./Drivers/STM32H7xx_HAL_Driver/stm32h7xx_ll_rcc.o
 .text.LL_RCC_PLL3_GetM
                0x08044348       0x1c ./Drivers/STM32H7xx_HAL_Driver/stm32h7xx_ll_rcc.o
 .text.LL_RCC_PLL3_GetP
                0x08044364       0x20 ./Drivers/STM32H7xx_HAL_Driver/stm32h7xx_ll_rcc.o
 .text.LL_RCC_PLL3_GetQ
                0x08044384       0x20 ./Drivers/STM32H7xx_HAL_Driver/stm32h7xx_ll_rcc.o
 .text.LL_RCC_PLL3_GetR
                0x080443a4       0x20 ./Drivers/STM32H7xx_HAL_Driver/stm32h7xx_ll_rcc.o
 .text.LL_RCC_PLL3_GetFRACN
                0x080443c4       0x1c ./Drivers/STM32H7xx_HAL_Driver/stm32h7xx_ll_rcc.o
 .text.LL_RCC_GetPLL1ClockFreq
                0x080443e0      0x130 ./Drivers/STM32H7xx_HAL_Driver/stm32h7xx_ll_rcc.o
                0x080443e0                LL_RCC_GetPLL1ClockFreq
 .text.LL_RCC_GetPLL2ClockFreq
                0x08044510      0x130 ./Drivers/STM32H7xx_HAL_Driver/stm32h7xx_ll_rcc.o
                0x08044510                LL_RCC_GetPLL2ClockFreq
 .text.LL_RCC_GetPLL3ClockFreq
                0x08044640      0x134 ./Drivers/STM32H7xx_HAL_Driver/stm32h7xx_ll_rcc.o
                0x08044640                LL_RCC_GetPLL3ClockFreq
 .text.LL_RCC_CalcPLLClockFreq
                0x08044774       0x80 ./Drivers/STM32H7xx_HAL_Driver/stm32h7xx_ll_rcc.o
                0x08044774                LL_RCC_CalcPLLClockFreq
 .text.LL_RCC_GetUSARTClockFreq
                0x080447f4      0x1dc ./Drivers/STM32H7xx_HAL_Driver/stm32h7xx_ll_rcc.o
                0x080447f4                LL_RCC_GetUSARTClockFreq
 .text.RCC_GetSystemClockFreq
                0x080449d0       0xc4 ./Drivers/STM32H7xx_HAL_Driver/stm32h7xx_ll_rcc.o
 .text.RCC_GetHCLKClockFreq
                0x08044a94       0x2c ./Drivers/STM32H7xx_HAL_Driver/stm32h7xx_ll_rcc.o
 .text.RCC_GetPCLK1ClockFreq
                0x08044ac0       0x30 ./Drivers/STM32H7xx_HAL_Driver/stm32h7xx_ll_rcc.o
 .text.RCC_GetPCLK2ClockFreq
                0x08044af0       0x30 ./Drivers/STM32H7xx_HAL_Driver/stm32h7xx_ll_rcc.o
 .text.LL_USART_IsEnabled
                0x08044b20       0x26 ./Drivers/STM32H7xx_HAL_Driver/stm32h7xx_ll_usart.o
 .text.LL_USART_SetPrescaler
                0x08044b46       0x28 ./Drivers/STM32H7xx_HAL_Driver/stm32h7xx_ll_usart.o
 .text.LL_USART_SetStopBitsLength
                0x08044b6e       0x26 ./Drivers/STM32H7xx_HAL_Driver/stm32h7xx_ll_usart.o
 .text.LL_USART_SetHWFlowCtrl
                0x08044b94       0x26 ./Drivers/STM32H7xx_HAL_Driver/stm32h7xx_ll_usart.o
 *fill*         0x08044bba        0x2 
 .text.LL_USART_SetBaudRate
                0x08044bbc       0xa0 ./Drivers/STM32H7xx_HAL_Driver/stm32h7xx_ll_usart.o
 .text.LL_USART_Init
                0x08044c5c      0x154 ./Drivers/STM32H7xx_HAL_Driver/stm32h7xx_ll_usart.o
                0x08044c5c                LL_USART_Init
 .text.CmdLineProcess
                0x08044db0       0xb4 ./Source/CMDLine/cmdline.o
                0x08044db0                CmdLineProcess
 .text.command_init
                0x08044e64       0x3c ./Source/CMDLine/command.o
                0x08044e64                command_init
 .text.command_task_update
                0x08044ea0       0xfc ./Source/CMDLine/command.o
                0x08044ea0                command_task_update
 .text.Cmd_help
                0x08044f9c       0x54 ./Source/CMDLine/command.o
                0x08044f9c                Cmd_help
 .text.Cmd_get_temp
                0x08044ff0       0x48 ./Source/CMDLine/command.o
                0x08044ff0                Cmd_get_temp
 .text.Cmd_bootloader
                0x08045038       0x18 ./Source/CMDLine/command.o
                0x08045038                Cmd_bootloader
 .text.rbuffer_init
                0x08045050       0x34 ./Source/UART/RingBuffer.o
                0x08045050                rbuffer_init
 .text.rbuffer_full
                0x08045084       0x28 ./Source/UART/RingBuffer.o
                0x08045084                rbuffer_full
 .text.rbuffer_empty
                0x080450ac       0x26 ./Source/UART/RingBuffer.o
                0x080450ac                rbuffer_empty
 .text.rbuffer_insert
                0x080450d2       0x58 ./Source/UART/RingBuffer.o
                0x080450d2                rbuffer_insert
 .text.rbuffer_remove
                0x0804512a       0x56 ./Source/UART/RingBuffer.o
                0x0804512a                rbuffer_remove
 .text.LL_USART_IsActiveFlag_FE
                0x08045180       0x26 ./Source/UART/UART.o
 .text.LL_USART_IsActiveFlag_NE
                0x080451a6       0x26 ./Source/UART/UART.o
 .text.LL_USART_IsActiveFlag_ORE
                0x080451cc       0x26 ./Source/UART/UART.o
 .text.LL_USART_IsActiveFlag_RXNE_RXFNE
                0x080451f2       0x26 ./Source/UART/UART.o
 .text.LL_USART_IsActiveFlag_TXE_TXFNF
                0x08045218       0x26 ./Source/UART/UART.o
 .text.LL_USART_ClearFlag_FE
                0x0804523e       0x1a ./Source/UART/UART.o
 .text.LL_USART_ClearFlag_NE
                0x08045258       0x1a ./Source/UART/UART.o
 .text.LL_USART_ClearFlag_ORE
                0x08045272       0x1a ./Source/UART/UART.o
 .text.LL_USART_EnableIT_RXNE_RXFNE
                0x0804528c       0x42 ./Source/UART/UART.o
 .text.LL_USART_EnableIT_TXE_TXFNF
                0x080452ce       0x42 ./Source/UART/UART.o
 .text.LL_USART_DisableIT_TXE_TXFNF
                0x08045310       0x42 ./Source/UART/UART.o
 .text.LL_USART_IsEnabledIT_RXNE_RXFNE
                0x08045352       0x26 ./Source/UART/UART.o
 .text.LL_USART_ReceiveData8
                0x08045378       0x1a ./Source/UART/UART.o
 .text.LL_USART_TransmitData8
                0x08045392       0x1e ./Source/UART/UART.o
 .text.USART2_IRQ
                0x080453b0       0xe0 ./Source/UART/UART.o
                0x080453b0                USART2_IRQ
 .text.USART2_init
                0x08045490       0x30 ./Source/UART/UART.o
                0x08045490                USART2_init
 .text.USART2_send_char
                0x080454c0       0x48 ./Source/UART/UART.o
                0x080454c0                USART2_send_char
 .text.USART2_send_string
                0x08045508       0x2a ./Source/UART/UART.o
                0x08045508                USART2_send_string
 .text.USART2_send_array
                0x08045532       0x38 ./Source/UART/UART.o
                0x08045532                USART2_send_array
 *fill*         0x0804556a        0x2 
 .text.uart_get_USART2_rx_buffer_address
                0x0804556c       0x18 ./Source/UART/UART.o
                0x0804556c                uart_get_USART2_rx_buffer_address
 .text.UARTvprintf
                0x08045584      0x3f4 ./Source/UART/UART.o
 .text.UARTprintf
                0x08045978       0x24 ./Source/UART/UART.o
                0x08045978                UARTprintf
 .text.__NVIC_SystemReset
                0x0804599c       0x2c ./Source/bootmode/bootmode.o
 .text.full_system_reset
                0x080459c8       0x20 ./Source/bootmode/bootmode.o
                0x080459c8                full_system_reset
 .text.SchedulerSysTickIntHandler
                0x080459e8       0x1c ./Source/scheduler/scheduler.o
                0x080459e8                SchedulerSysTickIntHandler
 .text.SchedulerRun
                0x08045a04       0x74 ./Source/scheduler/scheduler.o
                0x08045a04                SchedulerRun
 .text.SchedulerElapsedTicksGet
                0x08045a78       0x24 ./Source/scheduler/scheduler.o
                0x08045a78                SchedulerElapsedTicksGet
 .text.SchedulerElapsedTicksCalc
                0x08045a9c       0x1c ./Source/scheduler/scheduler.o
                0x08045a9c                SchedulerElapsedTicksCalc
 .text.atoi     0x08045ab8        0x8 C:/ST/STM32CubeIDE_1.17.0/STM32CubeIDE/plugins/com.st.stm32cube.ide.mcu.externaltools.gnu-tools-for-stm32.13.3.rel1.win32_1.0.0.202411081344/tools/bin/../lib/gcc/arm-none-eabi/13.3.1/../../../../arm-none-eabi/lib/thumb/v7e-m+dp/hard\libc_nano.a(libc_a-atoi.o)
                0x08045ab8                atoi
 .text._strtol_l.isra.0
                0x08045ac0       0xf4 C:/ST/STM32CubeIDE_1.17.0/STM32CubeIDE/plugins/com.st.stm32cube.ide.mcu.externaltools.gnu-tools-for-stm32.13.3.rel1.win32_1.0.0.202411081344/tools/bin/../lib/gcc/arm-none-eabi/13.3.1/../../../../arm-none-eabi/lib/thumb/v7e-m+dp/hard\libc_nano.a(libc_a-strtol.o)
 .text.strtol   0x08045bb4       0x14 C:/ST/STM32CubeIDE_1.17.0/STM32CubeIDE/plugins/com.st.stm32cube.ide.mcu.externaltools.gnu-tools-for-stm32.13.3.rel1.win32_1.0.0.202411081344/tools/bin/../lib/gcc/arm-none-eabi/13.3.1/../../../../arm-none-eabi/lib/thumb/v7e-m+dp/hard\libc_nano.a(libc_a-strtol.o)
                0x08045bb4                strtol
 .text.memset   0x08045bc8       0x10 C:/ST/STM32CubeIDE_1.17.0/STM32CubeIDE/plugins/com.st.stm32cube.ide.mcu.externaltools.gnu-tools-for-stm32.13.3.rel1.win32_1.0.0.202411081344/tools/bin/../lib/gcc/arm-none-eabi/13.3.1/../../../../arm-none-eabi/lib/thumb/v7e-m+dp/hard\libc_nano.a(libc_a-memset.o)
                0x08045bc8                memset
 .text.__errno  0x08045bd8        0xc C:/ST/STM32CubeIDE_1.17.0/STM32CubeIDE/plugins/com.st.stm32cube.ide.mcu.externaltools.gnu-tools-for-stm32.13.3.rel1.win32_1.0.0.202411081344/tools/bin/../lib/gcc/arm-none-eabi/13.3.1/../../../../arm-none-eabi/lib/thumb/v7e-m+dp/hard\libc_nano.a(libc_a-errno.o)
                0x08045bd8                __errno
 .text.__libc_init_array
                0x08045be4       0x48 C:/ST/STM32CubeIDE_1.17.0/STM32CubeIDE/plugins/com.st.stm32cube.ide.mcu.externaltools.gnu-tools-for-stm32.13.3.rel1.win32_1.0.0.202411081344/tools/bin/../lib/gcc/arm-none-eabi/13.3.1/../../../../arm-none-eabi/lib/thumb/v7e-m+dp/hard\libc_nano.a(libc_a-init.o)
                0x08045be4                __libc_init_array
 *(.glue_7)
 .glue_7        0x08045c2c        0x0 linker stubs
 *(.glue_7t)
 .glue_7t       0x08045c2c        0x0 linker stubs
 *(.eh_frame)
 .eh_frame      0x08045c2c        0x0 C:/ST/STM32CubeIDE_1.17.0/STM32CubeIDE/plugins/com.st.stm32cube.ide.mcu.externaltools.gnu-tools-for-stm32.13.3.rel1.win32_1.0.0.202411081344/tools/bin/../lib/gcc/arm-none-eabi/13.3.1/thumb/v7e-m+dp/hard/crtbegin.o
 *(.init)
 .init          0x08045c2c        0x4 C:/ST/STM32CubeIDE_1.17.0/STM32CubeIDE/plugins/com.st.stm32cube.ide.mcu.externaltools.gnu-tools-for-stm32.13.3.rel1.win32_1.0.0.202411081344/tools/bin/../lib/gcc/arm-none-eabi/13.3.1/thumb/v7e-m+dp/hard/crti.o
                0x08045c2c                _init
 .init          0x08045c30        0x8 C:/ST/STM32CubeIDE_1.17.0/STM32CubeIDE/plugins/com.st.stm32cube.ide.mcu.externaltools.gnu-tools-for-stm32.13.3.rel1.win32_1.0.0.202411081344/tools/bin/../lib/gcc/arm-none-eabi/13.3.1/thumb/v7e-m+dp/hard/crtn.o
 *(.fini)
 .fini          0x08045c38        0x4 C:/ST/STM32CubeIDE_1.17.0/STM32CubeIDE/plugins/com.st.stm32cube.ide.mcu.externaltools.gnu-tools-for-stm32.13.3.rel1.win32_1.0.0.202411081344/tools/bin/../lib/gcc/arm-none-eabi/13.3.1/thumb/v7e-m+dp/hard/crti.o
                0x08045c38                _fini
 .fini          0x08045c3c        0x8 C:/ST/STM32CubeIDE_1.17.0/STM32CubeIDE/plugins/com.st.stm32cube.ide.mcu.externaltools.gnu-tools-for-stm32.13.3.rel1.win32_1.0.0.202411081344/tools/bin/../lib/gcc/arm-none-eabi/13.3.1/thumb/v7e-m+dp/hard/crtn.o
                0x08045c44                        . = ALIGN (0x4)
                0x08045c44                        _etext = .

.vfp11_veneer   0x08045c44        0x0
 .vfp11_veneer  0x08045c44        0x0 linker stubs

.v4_bx          0x08045c44        0x0
 .v4_bx         0x08045c44        0x0 linker stubs

.iplt           0x08045c44        0x0
 .iplt          0x08045c44        0x0 C:/ST/STM32CubeIDE_1.17.0/STM32CubeIDE/plugins/com.st.stm32cube.ide.mcu.externaltools.gnu-tools-for-stm32.13.3.rel1.win32_1.0.0.202411081344/tools/bin/../lib/gcc/arm-none-eabi/13.3.1/thumb/v7e-m+dp/hard/crtbegin.o

.rodata         0x08045c44      0x284
                0x08045c44                        . = ALIGN (0x4)
 *(.rodata)
 .rodata        0x08045c44      0x10f ./Source/CMDLine/command.o
 *fill*         0x08045d53        0x1 
 .rodata        0x08045d54       0x1e ./Source/UART/UART.o
 *(.rodata*)
 *fill*         0x08045d72        0x2 
 .rodata.D1CorePrescTable
                0x08045d74       0x10 ./Common/Src/system_stm32h7xx_dualcore_boot_cm4_cm7.o
                0x08045d74                D1CorePrescTable
 .rodata.LL_RCC_PrescTable
                0x08045d84       0x10 ./Drivers/STM32H7xx_HAL_Driver/stm32h7xx_ll_rcc.o
                0x08045d84                LL_RCC_PrescTable
 .rodata.USART_PRESCALER_TAB
                0x08045d94       0x30 ./Drivers/STM32H7xx_HAL_Driver/stm32h7xx_ll_usart.o
 .rodata._ctype_
                0x08045dc4      0x101 C:/ST/STM32CubeIDE_1.17.0/STM32CubeIDE/plugins/com.st.stm32cube.ide.mcu.externaltools.gnu-tools-for-stm32.13.3.rel1.win32_1.0.0.202411081344/tools/bin/../lib/gcc/arm-none-eabi/13.3.1/../../../../arm-none-eabi/lib/thumb/v7e-m+dp/hard\libc_nano.a(libc_a-ctype_.o)
                0x08045dc4                _ctype_
                0x08045ec8                        . = ALIGN (0x4)
 *fill*         0x08045ec5        0x3 

.ARM.extab      0x08045ec8        0x0
                0x08045ec8                        . = ALIGN (0x4)
 *(.ARM.extab* .gnu.linkonce.armextab.*)
                0x08045ec8                        . = ALIGN (0x4)

.ARM            0x08045ec8        0x8
                0x08045ec8                        . = ALIGN (0x4)
                0x08045ec8                        __exidx_start = .
 *(.ARM.exidx*)
 .ARM.exidx     0x08045ec8        0x8 C:/ST/STM32CubeIDE_1.17.0/STM32CubeIDE/plugins/com.st.stm32cube.ide.mcu.externaltools.gnu-tools-for-stm32.13.3.rel1.win32_1.0.0.202411081344/tools/bin/../lib/gcc/arm-none-eabi/13.3.1/../../../../arm-none-eabi/lib/thumb/v7e-m+dp/hard\libc_nano.a(libc_a-strcmp.o)
                0x08045ed0                        __exidx_end = .
                0x08045ed0                        . = ALIGN (0x4)

.preinit_array  0x08045ed0        0x0
                0x08045ed0                        . = ALIGN (0x4)
                0x08045ed0                        PROVIDE (__preinit_array_start = .)
 *(.preinit_array*)
                0x08045ed0                        PROVIDE (__preinit_array_end = .)
                0x08045ed0                        . = ALIGN (0x4)

.init_array     0x08045ed0        0x4
                0x08045ed0                        . = ALIGN (0x4)
                0x08045ed0                        PROVIDE (__init_array_start = .)
 *(SORT_BY_NAME(.init_array.*))
 *(.init_array*)
 .init_array    0x08045ed0        0x4 C:/ST/STM32CubeIDE_1.17.0/STM32CubeIDE/plugins/com.st.stm32cube.ide.mcu.externaltools.gnu-tools-for-stm32.13.3.rel1.win32_1.0.0.202411081344/tools/bin/../lib/gcc/arm-none-eabi/13.3.1/thumb/v7e-m+dp/hard/crtbegin.o
                0x08045ed4                        PROVIDE (__init_array_end = .)
                0x08045ed4                        . = ALIGN (0x4)

.fini_array     0x08045ed4        0x4
                0x08045ed4                        . = ALIGN (0x4)
                [!provide]                        PROVIDE (__fini_array_start = .)
 *(SORT_BY_NAME(.fini_array.*))
 *(.fini_array*)
 .fini_array    0x08045ed4        0x4 C:/ST/STM32CubeIDE_1.17.0/STM32CubeIDE/plugins/com.st.stm32cube.ide.mcu.externaltools.gnu-tools-for-stm32.13.3.rel1.win32_1.0.0.202411081344/tools/bin/../lib/gcc/arm-none-eabi/13.3.1/thumb/v7e-m+dp/hard/crtbegin.o
                [!provide]                        PROVIDE (__fini_array_end = .)
                0x08045ed8                        . = ALIGN (0x4)
                0x08045ed8                        _sidata = LOADADDR (.data)

.rel.dyn        0x08045ed8        0x0
 .rel.iplt      0x08045ed8        0x0 C:/ST/STM32CubeIDE_1.17.0/STM32CubeIDE/plugins/com.st.stm32cube.ide.mcu.externaltools.gnu-tools-for-stm32.13.3.rel1.win32_1.0.0.202411081344/tools/bin/../lib/gcc/arm-none-eabi/13.3.1/thumb/v7e-m+dp/hard/crtbegin.o

.data           0x24000000       0xd4 load address 0x08045ed8
                0x24000000                        . = ALIGN (0x4)
                0x24000000                        _sdata = .
 *(.data)
 *(.data*)
 .data.SystemCoreClock
                0x24000000        0x4 ./Common/Src/system_stm32h7xx_dualcore_boot_cm4_cm7.o
                0x24000000                SystemCoreClock
 .data.SystemD2Clock
                0x24000004        0x4 ./Common/Src/system_stm32h7xx_dualcore_boot_cm4_cm7.o
                0x24000004                SystemD2Clock
 .data.g_ui32SchedulerNumTasks
                0x24000008        0x4 ./Core/Src/main.o
                0x24000008                g_ui32SchedulerNumTasks
 .data.g_psSchedulerTable
                0x2400000c       0x28 ./Core/Src/main.o
                0x2400000c                g_psSchedulerTable
 .data.uwTickPrio
                0x24000034        0x4 ./Drivers/STM32H7xx_HAL_Driver/stm32h7xx_hal.o
                0x24000034                uwTickPrio
 .data.uwTickFreq
                0x24000038        0x1 ./Drivers/STM32H7xx_HAL_Driver/stm32h7xx_hal.o
                0x24000038                uwTickFreq
 *fill*         0x24000039        0x3 
 .data.ErrorCode
                0x2400003c       0x14 ./Source/CMDLine/command.o
                0x2400003c                ErrorCode
 .data.g_psCmdTable
                0x24000050       0x30 ./Source/CMDLine/command.o
                0x24000050                g_psCmdTable
 .data.p_USART2_meta
                0x24000080        0x4 ./Source/UART/UART.o
                0x24000080                p_USART2_meta
 .data._impure_ptr
                0x24000084        0x4 C:/ST/STM32CubeIDE_1.17.0/STM32CubeIDE/plugins/com.st.stm32cube.ide.mcu.externaltools.gnu-tools-for-stm32.13.3.rel1.win32_1.0.0.202411081344/tools/bin/../lib/gcc/arm-none-eabi/13.3.1/../../../../arm-none-eabi/lib/thumb/v7e-m+dp/hard\libc_nano.a(libc_a-impure.o)
                0x24000084                _impure_ptr
 .data._impure_data
                0x24000088       0x4c C:/ST/STM32CubeIDE_1.17.0/STM32CubeIDE/plugins/com.st.stm32cube.ide.mcu.externaltools.gnu-tools-for-stm32.13.3.rel1.win32_1.0.0.202411081344/tools/bin/../lib/gcc/arm-none-eabi/13.3.1/../../../../arm-none-eabi/lib/thumb/v7e-m+dp/hard\libc_nano.a(libc_a-impure.o)
                0x24000088                _impure_data
 *(.RamFunc)
 *(.RamFunc*)
                0x240000d4                        . = ALIGN (0x4)
                0x240000d4                        _edata = .

.igot.plt       0x240000d4        0x0 load address 0x08045fac
 .igot.plt      0x240000d4        0x0 C:/ST/STM32CubeIDE_1.17.0/STM32CubeIDE/plugins/com.st.stm32cube.ide.mcu.externaltools.gnu-tools-for-stm32.13.3.rel1.win32_1.0.0.202411081344/tools/bin/../lib/gcc/arm-none-eabi/13.3.1/thumb/v7e-m+dp/hard/crtbegin.o
                0x240000d4                        . = ALIGN (0x4)

.bss            0x240000d4      0x3b8 load address 0x08045fac
                0x240000d4                        _sbss = .
                0x240000d4                        __bss_start__ = _sbss
 *(.bss)
 .bss           0x240000d4       0x1c C:/ST/STM32CubeIDE_1.17.0/STM32CubeIDE/plugins/com.st.stm32cube.ide.mcu.externaltools.gnu-tools-for-stm32.13.3.rel1.win32_1.0.0.202411081344/tools/bin/../lib/gcc/arm-none-eabi/13.3.1/thumb/v7e-m+dp/hard/crtbegin.o
 *(.bss*)
 .bss.uwTick    0x240000f0        0x4 ./Drivers/STM32H7xx_HAL_Driver/stm32h7xx_hal.o
                0x240000f0                uwTick
 .bss.g_ppcArgv
                0x240000f4       0x24 ./Source/CMDLine/cmdline.o
 .bss.p_CommandRingBuffer
                0x24000118        0x4 ./Source/CMDLine/command.o
 .bss.s_commandBuffer
                0x2400011c       0x20 ./Source/CMDLine/command.o
 .bss.s_commandBufferIndex
                0x2400013c        0x1 ./Source/CMDLine/command.o
 *fill*         0x2400013d        0x3 
 .bss.USART2_meta
                0x24000140      0x20e ./Source/UART/UART.o
                0x24000140                USART2_meta
 *fill*         0x2400034e        0x2 
 .bss.g_ui32SchedulerTickCount
                0x24000350        0x4 ./Source/scheduler/scheduler.o
 .bss.__sf      0x24000354      0x138 C:/ST/STM32CubeIDE_1.17.0/STM32CubeIDE/plugins/com.st.stm32cube.ide.mcu.externaltools.gnu-tools-for-stm32.13.3.rel1.win32_1.0.0.202411081344/tools/bin/../lib/gcc/arm-none-eabi/13.3.1/../../../../arm-none-eabi/lib/thumb/v7e-m+dp/hard\libc_nano.a(libc_a-findfp.o)
                0x24000354                __sf
 *(COMMON)
                0x2400048c                        . = ALIGN (0x4)
                0x2400048c                        _ebss = .
                0x2400048c                        __bss_end__ = _ebss

._user_heap_stack
                0x2400048c      0x604 load address 0x08045fac
                0x24000490                        . = ALIGN (0x8)
 *fill*         0x2400048c        0x4 
                [!provide]                        PROVIDE (end = .)
                0x24000490                        PROVIDE (_end = .)
                0x24000690                        . = (. + _Min_Heap_Size)
 *fill*         0x24000490      0x200 
                0x24000a90                        . = (. + _Min_Stack_Size)
 *fill*         0x24000690      0x400 
                0x24000a90                        . = ALIGN (0x8)

/DISCARD/
 libc.a(*)
 libm.a(*)
 libgcc.a(*)

.ARM.attributes
                0x00000000       0x2e
 *(.ARM.attributes)
 .ARM.attributes
                0x00000000       0x20 C:/ST/STM32CubeIDE_1.17.0/STM32CubeIDE/plugins/com.st.stm32cube.ide.mcu.externaltools.gnu-tools-for-stm32.13.3.rel1.win32_1.0.0.202411081344/tools/bin/../lib/gcc/arm-none-eabi/13.3.1/thumb/v7e-m+dp/hard/crti.o
 .ARM.attributes
                0x00000020       0x32 C:/ST/STM32CubeIDE_1.17.0/STM32CubeIDE/plugins/com.st.stm32cube.ide.mcu.externaltools.gnu-tools-for-stm32.13.3.rel1.win32_1.0.0.202411081344/tools/bin/../lib/gcc/arm-none-eabi/13.3.1/thumb/v7e-m+dp/hard/crtbegin.o
 .ARM.attributes
                0x00000052       0x32 ./Common/Src/system_stm32h7xx_dualcore_boot_cm4_cm7.o
 .ARM.attributes
                0x00000084       0x32 ./Core/Src/main.o
 .ARM.attributes
                0x000000b6       0x32 ./Core/Src/stm32h7xx_hal_msp.o
 .ARM.attributes
                0x000000e8       0x32 ./Core/Src/stm32h7xx_it.o
 .ARM.attributes
                0x0000011a       0x21 ./Core/Startup/startup_stm32h745zitx.o
 .ARM.attributes
                0x0000013b       0x32 ./Drivers/STM32H7xx_HAL_Driver/stm32h7xx_hal.o
 .ARM.attributes
                0x0000016d       0x32 ./Drivers/STM32H7xx_HAL_Driver/stm32h7xx_hal_cortex.o
 .ARM.attributes
                0x0000019f       0x32 ./Drivers/STM32H7xx_HAL_Driver/stm32h7xx_hal_gpio.o
 .ARM.attributes
                0x000001d1       0x32 ./Drivers/STM32H7xx_HAL_Driver/stm32h7xx_hal_hsem.o
 .ARM.attributes
                0x00000203       0x32 ./Drivers/STM32H7xx_HAL_Driver/stm32h7xx_hal_pwr_ex.o
 .ARM.attributes
                0x00000235       0x32 ./Drivers/STM32H7xx_HAL_Driver/stm32h7xx_hal_rcc.o
 .ARM.attributes
                0x00000267       0x32 ./Drivers/STM32H7xx_HAL_Driver/stm32h7xx_hal_rcc_ex.o
 .ARM.attributes
                0x00000299       0x32 ./Drivers/STM32H7xx_HAL_Driver/stm32h7xx_ll_gpio.o
 .ARM.attributes
                0x000002cb       0x32 ./Drivers/STM32H7xx_HAL_Driver/stm32h7xx_ll_rcc.o
 .ARM.attributes
                0x000002fd       0x32 ./Drivers/STM32H7xx_HAL_Driver/stm32h7xx_ll_usart.o
 .ARM.attributes
                0x0000032f       0x32 ./Source/CMDLine/cmdline.o
 .ARM.attributes
                0x00000361       0x32 ./Source/CMDLine/command.o
 .ARM.attributes
                0x00000393       0x32 ./Source/UART/RingBuffer.o
 .ARM.attributes
                0x000003c5       0x32 ./Source/UART/UART.o
 .ARM.attributes
                0x000003f7       0x32 ./Source/bootmode/bootmode.o
 .ARM.attributes
                0x00000429       0x32 ./Source/scheduler/scheduler.o
 .ARM.attributes
                0x0000045b       0x32 C:/ST/STM32CubeIDE_1.17.0/STM32CubeIDE/plugins/com.st.stm32cube.ide.mcu.externaltools.gnu-tools-for-stm32.13.3.rel1.win32_1.0.0.202411081344/tools/bin/../lib/gcc/arm-none-eabi/13.3.1/../../../../arm-none-eabi/lib/thumb/v7e-m+dp/hard\libc_nano.a(libc_a-atoi.o)
 .ARM.attributes
                0x0000048d       0x32 C:/ST/STM32CubeIDE_1.17.0/STM32CubeIDE/plugins/com.st.stm32cube.ide.mcu.externaltools.gnu-tools-for-stm32.13.3.rel1.win32_1.0.0.202411081344/tools/bin/../lib/gcc/arm-none-eabi/13.3.1/../../../../arm-none-eabi/lib/thumb/v7e-m+dp/hard\libc_nano.a(libc_a-strtol.o)
 .ARM.attributes
                0x000004bf       0x32 C:/ST/STM32CubeIDE_1.17.0/STM32CubeIDE/plugins/com.st.stm32cube.ide.mcu.externaltools.gnu-tools-for-stm32.13.3.rel1.win32_1.0.0.202411081344/tools/bin/../lib/gcc/arm-none-eabi/13.3.1/../../../../arm-none-eabi/lib/thumb/v7e-m+dp/hard\libc_nano.a(libc_a-ctype_.o)
 .ARM.attributes
                0x000004f1       0x32 C:/ST/STM32CubeIDE_1.17.0/STM32CubeIDE/plugins/com.st.stm32cube.ide.mcu.externaltools.gnu-tools-for-stm32.13.3.rel1.win32_1.0.0.202411081344/tools/bin/../lib/gcc/arm-none-eabi/13.3.1/../../../../arm-none-eabi/lib/thumb/v7e-m+dp/hard\libc_nano.a(libc_a-findfp.o)
 .ARM.attributes
                0x00000523       0x32 C:/ST/STM32CubeIDE_1.17.0/STM32CubeIDE/plugins/com.st.stm32cube.ide.mcu.externaltools.gnu-tools-for-stm32.13.3.rel1.win32_1.0.0.202411081344/tools/bin/../lib/gcc/arm-none-eabi/13.3.1/../../../../arm-none-eabi/lib/thumb/v7e-m+dp/hard\libc_nano.a(libc_a-memset.o)
 .ARM.attributes
                0x00000555       0x32 C:/ST/STM32CubeIDE_1.17.0/STM32CubeIDE/plugins/com.st.stm32cube.ide.mcu.externaltools.gnu-tools-for-stm32.13.3.rel1.win32_1.0.0.202411081344/tools/bin/../lib/gcc/arm-none-eabi/13.3.1/../../../../arm-none-eabi/lib/thumb/v7e-m+dp/hard\libc_nano.a(libc_a-impure.o)
 .ARM.attributes
                0x00000587       0x32 C:/ST/STM32CubeIDE_1.17.0/STM32CubeIDE/plugins/com.st.stm32cube.ide.mcu.externaltools.gnu-tools-for-stm32.13.3.rel1.win32_1.0.0.202411081344/tools/bin/../lib/gcc/arm-none-eabi/13.3.1/../../../../arm-none-eabi/lib/thumb/v7e-m+dp/hard\libc_nano.a(libc_a-errno.o)
 .ARM.attributes
                0x000005b9       0x32 C:/ST/STM32CubeIDE_1.17.0/STM32CubeIDE/plugins/com.st.stm32cube.ide.mcu.externaltools.gnu-tools-for-stm32.13.3.rel1.win32_1.0.0.202411081344/tools/bin/../lib/gcc/arm-none-eabi/13.3.1/../../../../arm-none-eabi/lib/thumb/v7e-m+dp/hard\libc_nano.a(libc_a-init.o)
 .ARM.attributes
                0x000005eb       0x1e C:/ST/STM32CubeIDE_1.17.0/STM32CubeIDE/plugins/com.st.stm32cube.ide.mcu.externaltools.gnu-tools-for-stm32.13.3.rel1.win32_1.0.0.202411081344/tools/bin/../lib/gcc/arm-none-eabi/13.3.1/../../../../arm-none-eabi/lib/thumb/v7e-m+dp/hard\libc_nano.a(libc_a-strcmp.o)
 .ARM.attributes
                0x00000609       0x20 C:/ST/STM32CubeIDE_1.17.0/STM32CubeIDE/plugins/com.st.stm32cube.ide.mcu.externaltools.gnu-tools-for-stm32.13.3.rel1.win32_1.0.0.202411081344/tools/bin/../lib/gcc/arm-none-eabi/13.3.1/thumb/v7e-m+dp/hard/crtn.o
OUTPUT(led_h7_CM7.elf elf32-littlearm)
LOAD linker stubs
LOAD C:/ST/STM32CubeIDE_1.17.0/STM32CubeIDE/plugins/com.st.stm32cube.ide.mcu.externaltools.gnu-tools-for-stm32.13.3.rel1.win32_1.0.0.202411081344/tools/bin/../lib/gcc/arm-none-eabi/13.3.1/../../../../arm-none-eabi/lib/thumb/v7e-m+dp/hard\libc.a
LOAD C:/ST/STM32CubeIDE_1.17.0/STM32CubeIDE/plugins/com.st.stm32cube.ide.mcu.externaltools.gnu-tools-for-stm32.13.3.rel1.win32_1.0.0.202411081344/tools/bin/../lib/gcc/arm-none-eabi/13.3.1/../../../../arm-none-eabi/lib/thumb/v7e-m+dp/hard\libm.a
LOAD C:/ST/STM32CubeIDE_1.17.0/STM32CubeIDE/plugins/com.st.stm32cube.ide.mcu.externaltools.gnu-tools-for-stm32.13.3.rel1.win32_1.0.0.202411081344/tools/bin/../lib/gcc/arm-none-eabi/13.3.1/thumb/v7e-m+dp/hard\libgcc.a

.debug_info     0x00000000     0xeb75
 .debug_info    0x00000000      0xe73 ./Common/Src/system_stm32h7xx_dualcore_boot_cm4_cm7.o
 .debug_info    0x00000e73     0x2095 ./Core/Src/main.o
 .debug_info    0x00002f08      0x4d4 ./Core/Src/stm32h7xx_hal_msp.o
 .debug_info    0x000033dc      0x1d9 ./Core/Src/stm32h7xx_it.o
 .debug_info    0x000035b5       0x30 ./Core/Startup/startup_stm32h745zitx.o
 .debug_info    0x000035e5     0x1774 ./Drivers/STM32H7xx_HAL_Driver/stm32h7xx_hal.o
 .debug_info    0x00004d59     0x10cf ./Drivers/STM32H7xx_HAL_Driver/stm32h7xx_hal_cortex.o
 .debug_info    0x00005e28      0xd06 ./Drivers/STM32H7xx_HAL_Driver/stm32h7xx_hal_gpio.o
 .debug_info    0x00006b2e      0x3d3 ./Drivers/STM32H7xx_HAL_Driver/stm32h7xx_hal_hsem.o
 .debug_info    0x00006f01     0x1225 ./Drivers/STM32H7xx_HAL_Driver/stm32h7xx_hal_pwr_ex.o
 .debug_info    0x00008126      0xe67 ./Drivers/STM32H7xx_HAL_Driver/stm32h7xx_hal_rcc.o
 .debug_info    0x00008f8d     0x1303 ./Drivers/STM32H7xx_HAL_Driver/stm32h7xx_hal_rcc_ex.o
 .debug_info    0x0000a290      0x8a9 ./Drivers/STM32H7xx_HAL_Driver/stm32h7xx_ll_gpio.o
 .debug_info    0x0000ab39     0x16d2 ./Drivers/STM32H7xx_HAL_Driver/stm32h7xx_ll_rcc.o
 .debug_info    0x0000c20b      0x96d ./Drivers/STM32H7xx_HAL_Driver/stm32h7xx_ll_usart.o
 .debug_info    0x0000cb78      0x1d7 ./Source/CMDLine/cmdline.o
 .debug_info    0x0000cd4f      0x4ed ./Source/CMDLine/command.o
 .debug_info    0x0000d23c      0x280 ./Source/UART/RingBuffer.o
 .debug_info    0x0000d4bc      0xb18 ./Source/UART/UART.o
 .debug_info    0x0000dfd4      0x897 ./Source/bootmode/bootmode.o
 .debug_info    0x0000e86b      0x30a ./Source/scheduler/scheduler.o

.debug_abbrev   0x00000000     0x2a48
 .debug_abbrev  0x00000000      0x165 ./Common/Src/system_stm32h7xx_dualcore_boot_cm4_cm7.o
 .debug_abbrev  0x00000165      0x3ec ./Core/Src/main.o
 .debug_abbrev  0x00000551       0xe2 ./Core/Src/stm32h7xx_hal_msp.o
 .debug_abbrev  0x00000633       0xda ./Core/Src/stm32h7xx_it.o
 .debug_abbrev  0x0000070d       0x24 ./Core/Startup/startup_stm32h745zitx.o
 .debug_abbrev  0x00000731      0x295 ./Drivers/STM32H7xx_HAL_Driver/stm32h7xx_hal.o
 .debug_abbrev  0x000009c6      0x339 ./Drivers/STM32H7xx_HAL_Driver/stm32h7xx_hal_cortex.o
 .debug_abbrev  0x00000cff      0x205 ./Drivers/STM32H7xx_HAL_Driver/stm32h7xx_hal_gpio.o
 .debug_abbrev  0x00000f04      0x1d3 ./Drivers/STM32H7xx_HAL_Driver/stm32h7xx_hal_hsem.o
 .debug_abbrev  0x000010d7      0x2d7 ./Drivers/STM32H7xx_HAL_Driver/stm32h7xx_hal_pwr_ex.o
 .debug_abbrev  0x000013ae      0x2c8 ./Drivers/STM32H7xx_HAL_Driver/stm32h7xx_hal_rcc.o
 .debug_abbrev  0x00001676      0x269 ./Drivers/STM32H7xx_HAL_Driver/stm32h7xx_hal_rcc_ex.o
 .debug_abbrev  0x000018df      0x231 ./Drivers/STM32H7xx_HAL_Driver/stm32h7xx_ll_gpio.o
 .debug_abbrev  0x00001b10      0x223 ./Drivers/STM32H7xx_HAL_Driver/stm32h7xx_ll_rcc.o
 .debug_abbrev  0x00001d33      0x1f9 ./Drivers/STM32H7xx_HAL_Driver/stm32h7xx_ll_usart.o
 .debug_abbrev  0x00001f2c      0x100 ./Source/CMDLine/cmdline.o
 .debug_abbrev  0x0000202c      0x22b ./Source/CMDLine/command.o
 .debug_abbrev  0x00002257      0x137 ./Source/UART/RingBuffer.o
 .debug_abbrev  0x0000238e      0x3ad ./Source/UART/UART.o
 .debug_abbrev  0x0000273b      0x12b ./Source/bootmode/bootmode.o
 .debug_abbrev  0x00002866      0x1e2 ./Source/scheduler/scheduler.o

.debug_aranges  0x00000000      0xed8
 .debug_aranges
                0x00000000       0x30 ./Common/Src/system_stm32h7xx_dualcore_boot_cm4_cm7.o
 .debug_aranges
                0x00000030       0xb8 ./Core/Src/main.o
 .debug_aranges
                0x000000e8       0x20 ./Core/Src/stm32h7xx_hal_msp.o
 .debug_aranges
                0x00000108       0x68 ./Core/Src/stm32h7xx_it.o
 .debug_aranges
                0x00000170       0x28 ./Core/Startup/startup_stm32h745zitx.o
 .debug_aranges
                0x00000198      0x200 ./Drivers/STM32H7xx_HAL_Driver/stm32h7xx_hal.o
 .debug_aranges
                0x00000398      0x130 ./Drivers/STM32H7xx_HAL_Driver/stm32h7xx_hal_cortex.o
 .debug_aranges
                0x000004c8       0x58 ./Drivers/STM32H7xx_HAL_Driver/stm32h7xx_hal_gpio.o
 .debug_aranges
                0x00000520       0x70 ./Drivers/STM32H7xx_HAL_Driver/stm32h7xx_hal_hsem.o
 .debug_aranges
                0x00000590      0x170 ./Drivers/STM32H7xx_HAL_Driver/stm32h7xx_hal_pwr_ex.o
 .debug_aranges
                0x00000700       0x88 ./Drivers/STM32H7xx_HAL_Driver/stm32h7xx_hal_rcc.o
 .debug_aranges
                0x00000788      0x100 ./Drivers/STM32H7xx_HAL_Driver/stm32h7xx_hal_rcc_ex.o
 .debug_aranges
                0x00000888       0x70 ./Drivers/STM32H7xx_HAL_Driver/stm32h7xx_ll_gpio.o
 .debug_aranges
                0x000008f8      0x320 ./Drivers/STM32H7xx_HAL_Driver/stm32h7xx_ll_rcc.o
 .debug_aranges
                0x00000c18       0x88 ./Drivers/STM32H7xx_HAL_Driver/stm32h7xx_ll_usart.o
 .debug_aranges
                0x00000ca0       0x20 ./Source/CMDLine/cmdline.o
 .debug_aranges
                0x00000cc0       0x48 ./Source/CMDLine/command.o
 .debug_aranges
                0x00000d08       0x48 ./Source/UART/RingBuffer.o
 .debug_aranges
                0x00000d50      0x100 ./Source/UART/UART.o
 .debug_aranges
                0x00000e50       0x28 ./Source/bootmode/bootmode.o
 .debug_aranges
                0x00000e78       0x60 ./Source/scheduler/scheduler.o

.debug_rnglists
                0x00000000      0xb00
 .debug_rnglists
                0x00000000       0x21 ./Common/Src/system_stm32h7xx_dualcore_boot_cm4_cm7.o
 .debug_rnglists
                0x00000021       0x88 ./Core/Src/main.o
 .debug_rnglists
                0x000000a9       0x13 ./Core/Src/stm32h7xx_hal_msp.o
 .debug_rnglists
                0x000000bc       0x49 ./Core/Src/stm32h7xx_it.o
 .debug_rnglists
                0x00000105       0x19 ./Core/Startup/startup_stm32h745zitx.o
 .debug_rnglists
                0x0000011e      0x180 ./Drivers/STM32H7xx_HAL_Driver/stm32h7xx_hal.o
 .debug_rnglists
                0x0000029e       0xe0 ./Drivers/STM32H7xx_HAL_Driver/stm32h7xx_hal_cortex.o
 .debug_rnglists
                0x0000037e       0x3f ./Drivers/STM32H7xx_HAL_Driver/stm32h7xx_hal_gpio.o
 .debug_rnglists
                0x000003bd       0x4f ./Drivers/STM32H7xx_HAL_Driver/stm32h7xx_hal_hsem.o
 .debug_rnglists
                0x0000040c      0x117 ./Drivers/STM32H7xx_HAL_Driver/stm32h7xx_hal_pwr_ex.o
 .debug_rnglists
                0x00000523       0x68 ./Drivers/STM32H7xx_HAL_Driver/stm32h7xx_hal_rcc.o
 .debug_rnglists
                0x0000058b       0xc6 ./Drivers/STM32H7xx_HAL_Driver/stm32h7xx_hal_rcc_ex.o
 .debug_rnglists
                0x00000651       0x51 ./Drivers/STM32H7xx_HAL_Driver/stm32h7xx_ll_gpio.o
 .debug_rnglists
                0x000006a2      0x268 ./Drivers/STM32H7xx_HAL_Driver/stm32h7xx_ll_rcc.o
 .debug_rnglists
                0x0000090a       0x64 ./Drivers/STM32H7xx_HAL_Driver/stm32h7xx_ll_usart.o
 .debug_rnglists
                0x0000096e       0x14 ./Source/CMDLine/cmdline.o
 .debug_rnglists
                0x00000982       0x33 ./Source/CMDLine/command.o
 .debug_rnglists
                0x000009b5       0x31 ./Source/UART/RingBuffer.o
 .debug_rnglists
                0x000009e6       0xbd ./Source/UART/UART.o
 .debug_rnglists
                0x00000aa3       0x19 ./Source/bootmode/bootmode.o
 .debug_rnglists
                0x00000abc       0x44 ./Source/scheduler/scheduler.o

.debug_macro    0x00000000    0x3cf98
 .debug_macro   0x00000000      0x280 ./Common/Src/system_stm32h7xx_dualcore_boot_cm4_cm7.o
 .debug_macro   0x00000280      0xb02 ./Common/Src/system_stm32h7xx_dualcore_boot_cm4_cm7.o
 .debug_macro   0x00000d82       0x2e ./Common/Src/system_stm32h7xx_dualcore_boot_cm4_cm7.o
 .debug_macro   0x00000db0       0x49 ./Common/Src/system_stm32h7xx_dualcore_boot_cm4_cm7.o
 .debug_macro   0x00000df9       0x22 ./Common/Src/system_stm32h7xx_dualcore_boot_cm4_cm7.o
 .debug_macro   0x00000e1b       0x8e ./Common/Src/system_stm32h7xx_dualcore_boot_cm4_cm7.o
 .debug_macro   0x00000ea9       0x51 ./Common/Src/system_stm32h7xx_dualcore_boot_cm4_cm7.o
 .debug_macro   0x00000efa      0x103 ./Common/Src/system_stm32h7xx_dualcore_boot_cm4_cm7.o
 .debug_macro   0x00000ffd       0x6a ./Common/Src/system_stm32h7xx_dualcore_boot_cm4_cm7.o
 .debug_macro   0x00001067      0x1df ./Common/Src/system_stm32h7xx_dualcore_boot_cm4_cm7.o
 .debug_macro   0x00001246       0x1c ./Common/Src/system_stm32h7xx_dualcore_boot_cm4_cm7.o
 .debug_macro   0x00001262       0x22 ./Common/Src/system_stm32h7xx_dualcore_boot_cm4_cm7.o
 .debug_macro   0x00001284       0xfb ./Common/Src/system_stm32h7xx_dualcore_boot_cm4_cm7.o
 .debug_macro   0x0000137f     0x1305 ./Common/Src/system_stm32h7xx_dualcore_boot_cm4_cm7.o
 .debug_macro   0x00002684      0x11f ./Common/Src/system_stm32h7xx_dualcore_boot_cm4_cm7.o
 .debug_macro   0x000027a3       0x27 ./Common/Src/system_stm32h7xx_dualcore_boot_cm4_cm7.o
 .debug_macro   0x000027ca    0x2706d ./Common/Src/system_stm32h7xx_dualcore_boot_cm4_cm7.o
 .debug_macro   0x00029837       0x6d ./Common/Src/system_stm32h7xx_dualcore_boot_cm4_cm7.o
 .debug_macro   0x000298a4      0x22c ./Common/Src/system_stm32h7xx_dualcore_boot_cm4_cm7.o
 .debug_macro   0x00029ad0     0x3d79 ./Common/Src/system_stm32h7xx_dualcore_boot_cm4_cm7.o
 .debug_macro   0x0002d849      0x190 ./Common/Src/system_stm32h7xx_dualcore_boot_cm4_cm7.o
 .debug_macro   0x0002d9d9       0x61 ./Common/Src/system_stm32h7xx_dualcore_boot_cm4_cm7.o
 .debug_macro   0x0002da3a       0x29 ./Common/Src/system_stm32h7xx_dualcore_boot_cm4_cm7.o
 .debug_macro   0x0002da63       0x43 ./Common/Src/system_stm32h7xx_dualcore_boot_cm4_cm7.o
 .debug_macro   0x0002daa6       0x34 ./Common/Src/system_stm32h7xx_dualcore_boot_cm4_cm7.o
 .debug_macro   0x0002dada      0x370 ./Common/Src/system_stm32h7xx_dualcore_boot_cm4_cm7.o
 .debug_macro   0x0002de4a       0x16 ./Common/Src/system_stm32h7xx_dualcore_boot_cm4_cm7.o
 .debug_macro   0x0002de60       0x4a ./Common/Src/system_stm32h7xx_dualcore_boot_cm4_cm7.o
 .debug_macro   0x0002deaa       0x34 ./Common/Src/system_stm32h7xx_dualcore_boot_cm4_cm7.o
 .debug_macro   0x0002dede       0x10 ./Common/Src/system_stm32h7xx_dualcore_boot_cm4_cm7.o
 .debug_macro   0x0002deee       0x58 ./Common/Src/system_stm32h7xx_dualcore_boot_cm4_cm7.o
 .debug_macro   0x0002df46       0x8e ./Common/Src/system_stm32h7xx_dualcore_boot_cm4_cm7.o
 .debug_macro   0x0002dfd4       0x1c ./Common/Src/system_stm32h7xx_dualcore_boot_cm4_cm7.o
 .debug_macro   0x0002dff0      0x185 ./Common/Src/system_stm32h7xx_dualcore_boot_cm4_cm7.o
 .debug_macro   0x0002e175      0x19b ./Common/Src/system_stm32h7xx_dualcore_boot_cm4_cm7.o
 .debug_macro   0x0002e310       0x5d ./Common/Src/system_stm32h7xx_dualcore_boot_cm4_cm7.o
 .debug_macro   0x0002e36d     0x3a9d ./Common/Src/system_stm32h7xx_dualcore_boot_cm4_cm7.o
 .debug_macro   0x00031e0a     0x1072 ./Common/Src/system_stm32h7xx_dualcore_boot_cm4_cm7.o
 .debug_macro   0x00032e7c      0x154 ./Common/Src/system_stm32h7xx_dualcore_boot_cm4_cm7.o
 .debug_macro   0x00032fd0      0x130 ./Common/Src/system_stm32h7xx_dualcore_boot_cm4_cm7.o
 .debug_macro   0x00033100      0x3c2 ./Common/Src/system_stm32h7xx_dualcore_boot_cm4_cm7.o
 .debug_macro   0x000334c2       0xac ./Common/Src/system_stm32h7xx_dualcore_boot_cm4_cm7.o
 .debug_macro   0x0003356e      0x72d ./Common/Src/system_stm32h7xx_dualcore_boot_cm4_cm7.o
 .debug_macro   0x00033c9b      0x228 ./Common/Src/system_stm32h7xx_dualcore_boot_cm4_cm7.o
 .debug_macro   0x00033ec3       0x66 ./Common/Src/system_stm32h7xx_dualcore_boot_cm4_cm7.o
 .debug_macro   0x00033f29      0x3bb ./Common/Src/system_stm32h7xx_dualcore_boot_cm4_cm7.o
 .debug_macro   0x000342e4      0x407 ./Common/Src/system_stm32h7xx_dualcore_boot_cm4_cm7.o
 .debug_macro   0x000346eb      0x27c ./Common/Src/system_stm32h7xx_dualcore_boot_cm4_cm7.o
 .debug_macro   0x00034967      0x3ca ./Common/Src/system_stm32h7xx_dualcore_boot_cm4_cm7.o
 .debug_macro   0x00034d31      0x4a2 ./Common/Src/system_stm32h7xx_dualcore_boot_cm4_cm7.o
 .debug_macro   0x000351d3       0x51 ./Common/Src/system_stm32h7xx_dualcore_boot_cm4_cm7.o
 .debug_macro   0x00035224       0x4a ./Common/Src/system_stm32h7xx_dualcore_boot_cm4_cm7.o
 .debug_macro   0x0003526e      0x22c ./Common/Src/system_stm32h7xx_dualcore_boot_cm4_cm7.o
 .debug_macro   0x0003549a       0x67 ./Common/Src/system_stm32h7xx_dualcore_boot_cm4_cm7.o
 .debug_macro   0x00035501       0xa5 ./Common/Src/system_stm32h7xx_dualcore_boot_cm4_cm7.o
 .debug_macro   0x000355a6      0x218 ./Common/Src/system_stm32h7xx_dualcore_boot_cm4_cm7.o
 .debug_macro   0x000357be      0x2ea ./Common/Src/system_stm32h7xx_dualcore_boot_cm4_cm7.o
 .debug_macro   0x00035aa8       0x35 ./Common/Src/system_stm32h7xx_dualcore_boot_cm4_cm7.o
 .debug_macro   0x00035add      0x7a4 ./Common/Src/system_stm32h7xx_dualcore_boot_cm4_cm7.o
 .debug_macro   0x00036281      0x3a2 ./Core/Src/main.o
 .debug_macro   0x00036623      0x40f ./Core/Src/main.o
 .debug_macro   0x00036a32      0x9dc ./Core/Src/main.o
 .debug_macro   0x0003740e      0x34a ./Core/Src/main.o
 .debug_macro   0x00037758      0x1e0 ./Core/Src/main.o
 .debug_macro   0x00037938      0x384 ./Core/Src/main.o
 .debug_macro   0x00037cbc       0x46 ./Core/Src/main.o
 .debug_macro   0x00037d02      0x284 ./Core/Src/main.o
 .debug_macro   0x00037f86      0x165 ./Core/Src/main.o
 .debug_macro   0x000380eb      0x79a ./Core/Src/main.o
 .debug_macro   0x00038885      0x1ae ./Core/Src/main.o
 .debug_macro   0x00038a33      0x2db ./Core/Src/main.o
 .debug_macro   0x00038d0e       0x22 ./Core/Src/main.o
 .debug_macro   0x00038d30       0x28 ./Core/Src/main.o
 .debug_macro   0x00038d58       0x1c ./Core/Src/main.o
 .debug_macro   0x00038d74       0x3c ./Core/Src/main.o
 .debug_macro   0x00038db0       0x10 ./Core/Src/main.o
 .debug_macro   0x00038dc0       0x1c ./Core/Src/main.o
 .debug_macro   0x00038ddc       0x16 ./Core/Src/main.o
 .debug_macro   0x00038df2      0x146 ./Core/Src/main.o
 .debug_macro   0x00038f38       0x16 ./Core/Src/main.o
 .debug_macro   0x00038f4e       0x20 ./Core/Src/main.o
 .debug_macro   0x00038f6e       0x10 ./Core/Src/main.o
 .debug_macro   0x00038f7e      0x301 ./Core/Src/stm32h7xx_hal_msp.o
 .debug_macro   0x0003927f      0x342 ./Core/Src/stm32h7xx_it.o
 .debug_macro   0x000395c1      0x2aa ./Drivers/STM32H7xx_HAL_Driver/stm32h7xx_hal.o
 .debug_macro   0x0003986b      0x280 ./Drivers/STM32H7xx_HAL_Driver/stm32h7xx_hal_cortex.o
 .debug_macro   0x00039aeb      0x294 ./Drivers/STM32H7xx_HAL_Driver/stm32h7xx_hal_gpio.o
 .debug_macro   0x00039d7f      0x292 ./Drivers/STM32H7xx_HAL_Driver/stm32h7xx_hal_hsem.o
 .debug_macro   0x0003a011      0x2b9 ./Drivers/STM32H7xx_HAL_Driver/stm32h7xx_hal_pwr_ex.o
 .debug_macro   0x0003a2ca      0x2a4 ./Drivers/STM32H7xx_HAL_Driver/stm32h7xx_hal_rcc.o
 .debug_macro   0x0003a56e      0x29e ./Drivers/STM32H7xx_HAL_Driver/stm32h7xx_hal_rcc_ex.o
 .debug_macro   0x0003a80c      0x2c2 ./Drivers/STM32H7xx_HAL_Driver/stm32h7xx_ll_gpio.o
 .debug_macro   0x0003aace      0x15f ./Drivers/STM32H7xx_HAL_Driver/stm32h7xx_ll_gpio.o
 .debug_macro   0x0003ac2d      0x2bc ./Drivers/STM32H7xx_HAL_Driver/stm32h7xx_ll_rcc.o
 .debug_macro   0x0003aee9      0x9d6 ./Drivers/STM32H7xx_HAL_Driver/stm32h7xx_ll_rcc.o
 .debug_macro   0x0003b8bf      0x2fb ./Drivers/STM32H7xx_HAL_Driver/stm32h7xx_ll_usart.o
 .debug_macro   0x0003bbba      0x409 ./Drivers/STM32H7xx_HAL_Driver/stm32h7xx_ll_usart.o
 .debug_macro   0x0003bfc3      0x177 ./Source/CMDLine/cmdline.o
 .debug_macro   0x0003c13a       0x10 ./Source/CMDLine/cmdline.o
 .debug_macro   0x0003c14a      0x37d ./Source/CMDLine/command.o
 .debug_macro   0x0003c4c7       0x16 ./Source/CMDLine/command.o
 .debug_macro   0x0003c4dd       0x9e ./Source/CMDLine/command.o
 .debug_macro   0x0003c57b      0x112 ./Source/CMDLine/command.o
 .debug_macro   0x0003c68d       0x16 ./Source/CMDLine/command.o
 .debug_macro   0x0003c6a3       0x85 ./Source/UART/RingBuffer.o
 .debug_macro   0x0003c728      0x2fb ./Source/UART/UART.o
 .debug_macro   0x0003ca23       0x58 ./Source/UART/UART.o
 .debug_macro   0x0003ca7b      0x28a ./Source/bootmode/bootmode.o
 .debug_macro   0x0003cd05      0x293 ./Source/scheduler/scheduler.o

.debug_line     0x00000000    0x1184e
 .debug_line    0x00000000      0xac7 ./Common/Src/system_stm32h7xx_dualcore_boot_cm4_cm7.o
 .debug_line    0x00000ac7      0xec1 ./Core/Src/main.o
 .debug_line    0x00001988      0x982 ./Core/Src/stm32h7xx_hal_msp.o
 .debug_line    0x0000230a      0xae4 ./Core/Src/stm32h7xx_it.o
 .debug_line    0x00002dee       0x7b ./Core/Startup/startup_stm32h745zitx.o
 .debug_line    0x00002e69      0xfd4 ./Drivers/STM32H7xx_HAL_Driver/stm32h7xx_hal.o
 .debug_line    0x00003e3d      0xe6b ./Drivers/STM32H7xx_HAL_Driver/stm32h7xx_hal_cortex.o
 .debug_line    0x00004ca8      0xcfe ./Drivers/STM32H7xx_HAL_Driver/stm32h7xx_hal_gpio.o
 .debug_line    0x000059a6      0xa13 ./Drivers/STM32H7xx_HAL_Driver/stm32h7xx_hal_hsem.o
 .debug_line    0x000063b9     0x113e ./Drivers/STM32H7xx_HAL_Driver/stm32h7xx_hal_pwr_ex.o
 .debug_line    0x000074f7     0x151c ./Drivers/STM32H7xx_HAL_Driver/stm32h7xx_hal_rcc.o
 .debug_line    0x00008a13     0x1e40 ./Drivers/STM32H7xx_HAL_Driver/stm32h7xx_hal_rcc_ex.o
 .debug_line    0x0000a853      0xaae ./Drivers/STM32H7xx_HAL_Driver/stm32h7xx_ll_gpio.o
 .debug_line    0x0000b301     0x1faf ./Drivers/STM32H7xx_HAL_Driver/stm32h7xx_ll_rcc.o
 .debug_line    0x0000d2b0      0xb46 ./Drivers/STM32H7xx_HAL_Driver/stm32h7xx_ll_usart.o
 .debug_line    0x0000ddf6      0x676 ./Source/CMDLine/cmdline.o
 .debug_line    0x0000e46c      0xbf3 ./Source/CMDLine/command.o
 .debug_line    0x0000f05f      0x56e ./Source/UART/RingBuffer.o
 .debug_line    0x0000f5cd      0xfb2 ./Source/UART/UART.o
 .debug_line    0x0001057f      0x8db ./Source/bootmode/bootmode.o
 .debug_line    0x00010e5a      0x9f4 ./Source/scheduler/scheduler.o

.debug_str      0x00000000   0x18627c
 .debug_str     0x00000000   0x18627c ./Common/Src/system_stm32h7xx_dualcore_boot_cm4_cm7.o
                             0x16df94 (size before relaxing)
 .debug_str     0x0018627c   0x182588 ./Core/Src/main.o
 .debug_str     0x0018627c   0x180819 ./Core/Src/stm32h7xx_hal_msp.o
 .debug_str     0x0018627c   0x180769 ./Core/Src/stm32h7xx_it.o
 .debug_str     0x0018627c       0x6c ./Core/Startup/startup_stm32h745zitx.o
 .debug_str     0x0018627c   0x16eff2 ./Drivers/STM32H7xx_HAL_Driver/stm32h7xx_hal.o
 .debug_str     0x0018627c   0x16e859 ./Drivers/STM32H7xx_HAL_Driver/stm32h7xx_hal_cortex.o
 .debug_str     0x0018627c   0x16def3 ./Drivers/STM32H7xx_HAL_Driver/stm32h7xx_hal_gpio.o
 .debug_str     0x0018627c   0x16db7e ./Drivers/STM32H7xx_HAL_Driver/stm32h7xx_hal_hsem.o
 .debug_str     0x0018627c   0x16e3fe ./Drivers/STM32H7xx_HAL_Driver/stm32h7xx_hal_pwr_ex.o
 .debug_str     0x0018627c   0x16e274 ./Drivers/STM32H7xx_HAL_Driver/stm32h7xx_hal_rcc.o
 .debug_str     0x0018627c   0x16e7a9 ./Drivers/STM32H7xx_HAL_Driver/stm32h7xx_hal_rcc_ex.o
 .debug_str     0x0018627c   0x17006e ./Drivers/STM32H7xx_HAL_Driver/stm32h7xx_ll_gpio.o
 .debug_str     0x0018627c   0x1775e8 ./Drivers/STM32H7xx_HAL_Driver/stm32h7xx_ll_rcc.o
 .debug_str     0x0018627c   0x178b06 ./Drivers/STM32H7xx_HAL_Driver/stm32h7xx_ll_usart.o
 .debug_str     0x0018627c     0x7dbd ./Source/CMDLine/cmdline.o
 .debug_str     0x0018627c   0x16e419 ./Source/CMDLine/command.o
 .debug_str     0x0018627c     0x47a8 ./Source/UART/RingBuffer.o
 .debug_str     0x0018627c   0x16fa35 ./Source/UART/UART.o
 .debug_str     0x0018627c   0x16dcd7 ./Source/bootmode/bootmode.o
 .debug_str     0x0018627c   0x16db85 ./Source/scheduler/scheduler.o

.comment        0x00000000       0x43
 .comment       0x00000000       0x43 ./Common/Src/system_stm32h7xx_dualcore_boot_cm4_cm7.o
                                 0x44 (size before relaxing)
 .comment       0x00000043       0x44 ./Core/Src/main.o
 .comment       0x00000043       0x44 ./Core/Src/stm32h7xx_hal_msp.o
 .comment       0x00000043       0x44 ./Core/Src/stm32h7xx_it.o
 .comment       0x00000043       0x44 ./Drivers/STM32H7xx_HAL_Driver/stm32h7xx_hal.o
 .comment       0x00000043       0x44 ./Drivers/STM32H7xx_HAL_Driver/stm32h7xx_hal_cortex.o
 .comment       0x00000043       0x44 ./Drivers/STM32H7xx_HAL_Driver/stm32h7xx_hal_gpio.o
 .comment       0x00000043       0x44 ./Drivers/STM32H7xx_HAL_Driver/stm32h7xx_hal_hsem.o
 .comment       0x00000043       0x44 ./Drivers/STM32H7xx_HAL_Driver/stm32h7xx_hal_pwr_ex.o
 .comment       0x00000043       0x44 ./Drivers/STM32H7xx_HAL_Driver/stm32h7xx_hal_rcc.o
 .comment       0x00000043       0x44 ./Drivers/STM32H7xx_HAL_Driver/stm32h7xx_hal_rcc_ex.o
 .comment       0x00000043       0x44 ./Drivers/STM32H7xx_HAL_Driver/stm32h7xx_ll_gpio.o
 .comment       0x00000043       0x44 ./Drivers/STM32H7xx_HAL_Driver/stm32h7xx_ll_rcc.o
 .comment       0x00000043       0x44 ./Drivers/STM32H7xx_HAL_Driver/stm32h7xx_ll_usart.o
 .comment       0x00000043       0x44 ./Source/CMDLine/cmdline.o
 .comment       0x00000043       0x44 ./Source/CMDLine/command.o
 .comment       0x00000043       0x44 ./Source/UART/RingBuffer.o
 .comment       0x00000043       0x44 ./Source/UART/UART.o
 .comment       0x00000043       0x44 ./Source/bootmode/bootmode.o
 .comment       0x00000043       0x44 ./Source/scheduler/scheduler.o

.debug_frame    0x00000000     0x3d10
 .debug_frame   0x00000000       0x78 ./Common/Src/system_stm32h7xx_dualcore_boot_cm4_cm7.o
 .debug_frame   0x00000078      0x300 ./Core/Src/main.o
 .debug_frame   0x00000378       0x38 ./Core/Src/stm32h7xx_hal_msp.o
 .debug_frame   0x000003b0      0x120 ./Core/Src/stm32h7xx_it.o
 .debug_frame   0x000004d0      0x848 ./Drivers/STM32H7xx_HAL_Driver/stm32h7xx_hal.o
 .debug_frame   0x00000d18      0x508 ./Drivers/STM32H7xx_HAL_Driver/stm32h7xx_hal_cortex.o
 .debug_frame   0x00001220      0x14c ./Drivers/STM32H7xx_HAL_Driver/stm32h7xx_hal_gpio.o
 .debug_frame   0x0000136c      0x1bc ./Drivers/STM32H7xx_HAL_Driver/stm32h7xx_hal_hsem.o
 .debug_frame   0x00001528      0x5ec ./Drivers/STM32H7xx_HAL_Driver/stm32h7xx_hal_pwr_ex.o
 .debug_frame   0x00001b14      0x1f8 ./Drivers/STM32H7xx_HAL_Driver/stm32h7xx_hal_rcc.o
 .debug_frame   0x00001d0c      0x43c ./Drivers/STM32H7xx_HAL_Driver/stm32h7xx_hal_rcc_ex.o
 .debug_frame   0x00002148      0x1c0 ./Drivers/STM32H7xx_HAL_Driver/stm32h7xx_ll_gpio.o
 .debug_frame   0x00002308      0xd58 ./Drivers/STM32H7xx_HAL_Driver/stm32h7xx_ll_rcc.o
 .debug_frame   0x00003060      0x238 ./Drivers/STM32H7xx_HAL_Driver/stm32h7xx_ll_usart.o
 .debug_frame   0x00003298       0x34 ./Source/CMDLine/cmdline.o
 .debug_frame   0x000032cc       0xe4 ./Source/CMDLine/command.o
 .debug_frame   0x000033b0      0x100 ./Source/UART/RingBuffer.o
 .debug_frame   0x000034b0      0x460 ./Source/UART/UART.o
 .debug_frame   0x00003910       0x44 ./Source/bootmode/bootmode.o
 .debug_frame   0x00003954      0x158 ./Source/scheduler/scheduler.o
 .debug_frame   0x00003aac       0x30 C:/ST/STM32CubeIDE_1.17.0/STM32CubeIDE/plugins/com.st.stm32cube.ide.mcu.externaltools.gnu-tools-for-stm32.13.3.rel1.win32_1.0.0.202411081344/tools/bin/../lib/gcc/arm-none-eabi/13.3.1/../../../../arm-none-eabi/lib/thumb/v7e-m+dp/hard\libc_nano.a(libc_a-atoi.o)
 .debug_frame   0x00003adc       0x64 C:/ST/STM32CubeIDE_1.17.0/STM32CubeIDE/plugins/com.st.stm32cube.ide.mcu.externaltools.gnu-tools-for-stm32.13.3.rel1.win32_1.0.0.202411081344/tools/bin/../lib/gcc/arm-none-eabi/13.3.1/../../../../arm-none-eabi/lib/thumb/v7e-m+dp/hard\libc_nano.a(libc_a-strtol.o)
 .debug_frame   0x00003b40      0x144 C:/ST/STM32CubeIDE_1.17.0/STM32CubeIDE/plugins/com.st.stm32cube.ide.mcu.externaltools.gnu-tools-for-stm32.13.3.rel1.win32_1.0.0.202411081344/tools/bin/../lib/gcc/arm-none-eabi/13.3.1/../../../../arm-none-eabi/lib/thumb/v7e-m+dp/hard\libc_nano.a(libc_a-findfp.o)
 .debug_frame   0x00003c84       0x20 C:/ST/STM32CubeIDE_1.17.0/STM32CubeIDE/plugins/com.st.stm32cube.ide.mcu.externaltools.gnu-tools-for-stm32.13.3.rel1.win32_1.0.0.202411081344/tools/bin/../lib/gcc/arm-none-eabi/13.3.1/../../../../arm-none-eabi/lib/thumb/v7e-m+dp/hard\libc_nano.a(libc_a-memset.o)
 .debug_frame   0x00003ca4       0x20 C:/ST/STM32CubeIDE_1.17.0/STM32CubeIDE/plugins/com.st.stm32cube.ide.mcu.externaltools.gnu-tools-for-stm32.13.3.rel1.win32_1.0.0.202411081344/tools/bin/../lib/gcc/arm-none-eabi/13.3.1/../../../../arm-none-eabi/lib/thumb/v7e-m+dp/hard\libc_nano.a(libc_a-errno.o)
 .debug_frame   0x00003cc4       0x2c C:/ST/STM32CubeIDE_1.17.0/STM32CubeIDE/plugins/com.st.stm32cube.ide.mcu.externaltools.gnu-tools-for-stm32.13.3.rel1.win32_1.0.0.202411081344/tools/bin/../lib/gcc/arm-none-eabi/13.3.1/../../../../arm-none-eabi/lib/thumb/v7e-m+dp/hard\libc_nano.a(libc_a-init.o)
 .debug_frame   0x00003cf0       0x20 C:/ST/STM32CubeIDE_1.17.0/STM32CubeIDE/plugins/com.st.stm32cube.ide.mcu.externaltools.gnu-tools-for-stm32.13.3.rel1.win32_1.0.0.202411081344/tools/bin/../lib/gcc/arm-none-eabi/13.3.1/../../../../arm-none-eabi/lib/thumb/v7e-m+dp/hard\libc_nano.a(libc_a-strcmp.o)

.debug_line_str
                0x00000000       0x50
 .debug_line_str
                0x00000000       0x50 ./Core/Startup/startup_stm32h745zitx.o
